Component: Arm Compiler for Embedded 6.23 Tool: armlink [5f102400]

==============================================================================

Section Cross References

    startup_stm32f407xx.o(STACK) refers (Special) to heapauxi.o(.text) for __use_two_region_memory
    startup_stm32f407xx.o(HEAP) refers (Special) to heapauxi.o(.text) for __use_two_region_memory
    startup_stm32f407xx.o(RESET) refers (Special) to heapauxi.o(.text) for __use_two_region_memory
    startup_stm32f407xx.o(RESET) refers to startup_stm32f407xx.o(STACK) for __initial_sp
    startup_stm32f407xx.o(RESET) refers to startup_stm32f407xx.o(.text) for Reset_Handler
    startup_stm32f407xx.o(RESET) refers to lto-llvm-cdd820.o(.text.NMI_Handler) for NMI_Handler
    startup_stm32f407xx.o(RESET) refers to lto-llvm-cdd820.o(.text.HardFault_Handler) for HardFault_Handler
    startup_stm32f407xx.o(RESET) refers to lto-llvm-cdd820.o(.text.MemManage_Handler) for MemManage_Handler
    startup_stm32f407xx.o(RESET) refers to lto-llvm-cdd820.o(.text.BusFault_Handler) for BusFault_Handler
    startup_stm32f407xx.o(RESET) refers to lto-llvm-cdd820.o(.text.UsageFault_Handler) for UsageFault_Handler
    startup_stm32f407xx.o(RESET) refers to lto-llvm-cdd820.o(.text.SVC_Handler) for SVC_Handler
    startup_stm32f407xx.o(RESET) refers to lto-llvm-cdd820.o(.text.DebugMon_Handler) for DebugMon_Handler
    startup_stm32f407xx.o(RESET) refers to lto-llvm-cdd820.o(.text.PendSV_Handler) for PendSV_Handler
    startup_stm32f407xx.o(RESET) refers to lto-llvm-cdd820.o(.text.SysTick_Handler) for SysTick_Handler
    startup_stm32f407xx.o(RESET) refers to lto-llvm-cdd820.o(.text.EXTI0_IRQHandler) for EXTI0_IRQHandler
    startup_stm32f407xx.o(RESET) refers to lto-llvm-cdd820.o(.text.TIM1_UP_TIM10_IRQHandler) for TIM1_UP_TIM10_IRQHandler
    startup_stm32f407xx.o(RESET) refers to lto-llvm-cdd820.o(.text.OTG_FS_IRQHandler) for OTG_FS_IRQHandler
    startup_stm32f407xx.o(.text) refers (Special) to heapauxi.o(.text) for __use_two_region_memory
    startup_stm32f407xx.o(.text) refers to lto-llvm-cdd820.o(.text.SystemInit) for SystemInit
    startup_stm32f407xx.o(.text) refers to __main.o(!!!main) for __main
    startup_stm32f407xx.o(.text) refers to startup_stm32f407xx.o(HEAP) for Heap_Mem
    startup_stm32f407xx.o(.text) refers to startup_stm32f407xx.o(STACK) for Stack_Mem
    __main.o(!!!main) refers to __rtentry.o(.ARM.Collect$$rtentry$$00000000) for __rt_entry
    __rtentry.o(.ARM.Collect$$rtentry$$00000000) refers (Special) to __rtentry2.o(.ARM.Collect$$rtentry$$0000000A) for __rt_entry_li
    __rtentry.o(.ARM.Collect$$rtentry$$00000000) refers (Special) to __rtentry2.o(.ARM.Collect$$rtentry$$0000000D) for __rt_entry_main
    __rtentry.o(.ARM.Collect$$rtentry$$00000000) refers (Special) to __rtentry2.o(.ARM.Collect$$rtentry$$0000000C) for __rt_entry_postli_1
    __rtentry.o(.ARM.Collect$$rtentry$$00000000) refers (Special) to __rtentry2.o(.ARM.Collect$$rtentry$$00000008) for __rt_entry_postsh_1
    __rtentry.o(.ARM.Collect$$rtentry$$00000000) refers (Special) to __rtentry2.o(.ARM.Collect$$rtentry$$00000002) for __rt_entry_presh_1
    __rtentry.o(.ARM.Collect$$rtentry$$00000000) refers (Special) to __rtentry4.o(.ARM.Collect$$rtentry$$00000004) for __rt_entry_sh
    __rtentry2.o(.ARM.Collect$$rtentry$$00000008) refers to lto-llvm-cdd820.o(.text._platform_post_stackheap_init) for _platform_post_stackheap_init
    __rtentry2.o(.ARM.Collect$$rtentry$$0000000A) refers to libinit.o(.ARM.Collect$$libinit$$00000000) for __rt_lib_init
    __rtentry2.o(.ARM.Collect$$rtentry$$0000000B) refers to boardinit3.o(.text) for _platform_post_lib_init
    __rtentry2.o(.ARM.Collect$$rtentry$$0000000D) refers to lto-llvm-cdd820.o(.text.main) for main
    __rtentry2.o(.ARM.Collect$$rtentry$$0000000D) refers to exit.o(.text) for exit
    __rtentry2.o(.ARM.exidx) refers to __rtentry2.o(.ARM.Collect$$rtentry$$00000001) for .ARM.Collect$$rtentry$$00000001
    __rtentry2.o(.ARM.exidx) refers to __rtentry2.o(.ARM.Collect$$rtentry$$00000008) for .ARM.Collect$$rtentry$$00000008
    __rtentry2.o(.ARM.exidx) refers to __rtentry2.o(.ARM.Collect$$rtentry$$0000000A) for .ARM.Collect$$rtentry$$0000000A
    __rtentry2.o(.ARM.exidx) refers to __rtentry2.o(.ARM.Collect$$rtentry$$0000000B) for .ARM.Collect$$rtentry$$0000000B
    __rtentry2.o(.ARM.exidx) refers to __rtentry2.o(.ARM.Collect$$rtentry$$0000000D) for .ARM.Collect$$rtentry$$0000000D
    __rtentry4.o(.ARM.Collect$$rtentry$$00000004) refers to sys_stackheap_outer.o(.text) for __user_setup_stackheap
    __rtentry4.o(.ARM.exidx) refers to __rtentry4.o(.ARM.Collect$$rtentry$$00000004) for .ARM.Collect$$rtentry$$00000004
    sys_stackheap_outer.o(.text) refers to libspace.o(.text) for __user_perproc_libspace
    sys_stackheap_outer.o(.text) refers to startup_stm32f407xx.o(.text) for __user_initial_stackheap
    exit.o(.text) refers to rtexit.o(.ARM.Collect$$rtexit$$00000000) for __rt_exit
[...]
    USBD_LL_OpenEP                           0x08002a07   Thumb Code   216  lto-llvm-cdd820.o(.text.USBD_LL_OpenEP)
    [Anonymous Symbol]                       0x08002a06   Section        0  lto-llvm-cdd820.o(.text.USBD_LL_OpenEP)
    USBD_LL_PrepareReceive                   0x08002adf   Thumb Code    70  lto-llvm-cdd820.o(.text.USBD_LL_PrepareReceive)
    [Anonymous Symbol]                       0x08002ade   Section        0  lto-llvm-cdd820.o(.text.USBD_LL_PrepareReceive)
    USBD_LL_SetUSBAddress                    0x08002b25   Thumb Code    46  lto-llvm-cdd820.o(.text.USBD_LL_SetUSBAddress)
    [Anonymous Symbol]                       0x08002b24   Section        0  lto-llvm-cdd820.o(.text.USBD_LL_SetUSBAddress)
    USBD_LL_StallEP                          0x08002b53   Thumb Code   178  lto-llvm-cdd820.o(.text.USBD_LL_StallEP)
    [Anonymous Symbol]                       0x08002b52   Section        0  lto-llvm-cdd820.o(.text.USBD_LL_StallEP)
    USBD_LL_Transmit                         0x08002c05   Thumb Code    54  lto-llvm-cdd820.o(.text.USBD_LL_Transmit)
    [Anonymous Symbol]                       0x08002c04   Section        0  lto-llvm-cdd820.o(.text.USBD_LL_Transmit)
    USB_CoreReset                            0x08002c3d   Thumb Code    82  lto-llvm-cdd820.o(.text.USB_CoreReset)
    [Anonymous Symbol]                       0x08002c3c   Section        0  lto-llvm-cdd820.o(.text.USB_CoreReset)
    USB_EP0_OutStart                         0x08002c8f   Thumb Code    88  lto-llvm-cdd820.o(.text.USB_EP0_OutStart)
    [Anonymous Symbol]                       0x08002c8e   Section        0  lto-llvm-cdd820.o(.text.USB_EP0_OutStart)
    USB_EPStartXfer                          0x08002ce9   Thumb Code   482  lto-llvm-cdd820.o(.text.USB_EPStartXfer)
    [Anonymous Symbol]                       0x08002ce8   Section        0  lto-llvm-cdd820.o(.text.USB_EPStartXfer)
    USB_EPStopXfer                           0x08002ecd   Thumb Code   130  lto-llvm-cdd820.o(.text.USB_EPStopXfer)
    [Anonymous Symbol]                       0x08002ecc   Section        0  lto-llvm-cdd820.o(.text.USB_EPStopXfer)
    USB_FlushTxFifo                          0x08002f51   Thumb Code    70  lto-llvm-cdd820.o(.text.USB_FlushTxFifo)
    [Anonymous Symbol]                       0x08002f50   Section        0  lto-llvm-cdd820.o(.text.USB_FlushTxFifo)
    [Anonymous Symbol]                       0x08002f98   Section        0  lto-llvm-cdd820.o(.text.UsageFault_Handler)
    __tagsym$$used.0                         0x08002f9c   Number         0  lto-llvm-cdd820.o(.text._mutex_acquire)
    [Anonymous Symbol]                       0x08002f9c   Section        0  lto-llvm-cdd820.o(.text._mutex_acquire)
    __tagsym$$used.1                         0x0800355c   Number         0  lto-llvm-cdd820.o(.text._mutex_free)
    [Anonymous Symbol]                       0x0800355c   Section        0  lto-llvm-cdd820.o(.text._mutex_free)
    __tagsym$$used.2                         0x080035a8   Number         0  lto-llvm-cdd820.o(.text._mutex_initialize)
    [Anonymous Symbol]                       0x080035a8   Section        0  lto-llvm-cdd820.o(.text._mutex_initialize)
    __tagsym$$used.3                         0x08003622   Number         0  lto-llvm-cdd820.o(.text._mutex_release)
    [Anonymous Symbol]                       0x08003622   Section        0  lto-llvm-cdd820.o(.text._mutex_release)
    [Anonymous Symbol]                       0x08003644   Section        0  lto-llvm-cdd820.o(.text._platform_post_stackheap_init)
    led_blue                                 0x08003649   Thumb Code    64  lto-llvm-cdd820.o(.text.led_blue)
    [Anonymous Symbol]                       0x08003648   Section        0  lto-llvm-cdd820.o(.text.led_blue)
    led_green                                0x080036a9   Thumb Code   416  lto-llvm-cdd820.o(.text.led_green)
    [Anonymous Symbol]                       0x080036a8   Section        0  lto-llvm-cdd820.o(.text.led_green)
    led_orange                               0x08003869   Thumb Code    72  lto-llvm-cdd820.o(.text.led_orange)
    [Anonymous Symbol]                       0x08003868   Section        0  lto-llvm-cdd820.o(.text.led_orange)
    led_red                                  0x080038d5   Thumb Code    72  lto-llvm-cdd820.o(.text.led_red)
    [Anonymous Symbol]                       0x080038d4   Section        0  lto-llvm-cdd820.o(.text.led_red)
    [Anonymous Symbol]                       0x0800393c   Section        0  lto-llvm-cdd820.o(.text.main)
    AHBPrescTable                            0x08004790   Number         0  lto-llvm-cdd820.o(.text.main)
    osDelay                                  0x08004815   Thumb Code   172  lto-llvm-cdd820.o(.text.osDelay)
    [Anonymous Symbol]                       0x08004814   Section        0  lto-llvm-cdd820.o(.text.osDelay)
    osMessageQueuePut                        0x080048c1   Thumb Code   110  lto-llvm-cdd820.o(.text.osMessageQueuePut)
    [Anonymous Symbol]                       0x080048c0   Section        0  lto-llvm-cdd820.o(.text.osMessageQueuePut)
    osThreadNew                              0x0800492f   Thumb Code   302  lto-llvm-cdd820.o(.text.osThreadNew)
    [Anonymous Symbol]                       0x0800492e   Section        0  lto-llvm-cdd820.o(.text.osThreadNew)
    prvAddCurrentTaskToDelayedList           0x08004a5d   Thumb Code   336  lto-llvm-cdd820.o(.text.prvAddCurrentTaskToDelayedList)
    [Anonymous Symbol]                       0x08004a5c   Section        0  lto-llvm-cdd820.o(.text.prvAddCurrentTaskToDelayedList)
    prvAddNewTaskToReadyList                 0x08004bad   Thumb Code   488  lto-llvm-cdd820.o(.text.prvAddNewTaskToReadyList)
    [Anonymous Symbol]                       0x08004bac   Section        0  lto-llvm-cdd820.o(.text.prvAddNewTaskToReadyList)
    prvCopyDataToQueue                       0x08004d95   Thumb Code   292  lto-llvm-cdd820.o(.text.prvCopyDataToQueue)
    [Anonymous Symbol]                       0x08004d94   Section        0  lto-llvm-cdd820.o(.text.prvCopyDataToQueue)
    prvIdleTask                              0x08004eb9   Thumb Code   220  lto-llvm-cdd820.o(.text.prvIdleTask)
    [Anonymous Symbol]                       0x08004eb8   Section        0  lto-llvm-cdd820.o(.text.prvIdleTask)
    prvInitialiseMutex                       0x08004f95   Thumb Code    54  lto-llvm-cdd820.o(.text.prvInitialiseMutex)
    [Anonymous Symbol]                       0x08004f94   Section        0  lto-llvm-cdd820.o(.text.prvInitialiseMutex)
    prvInitialiseNewTask                     0x08004fcd   Thumb Code   146  lto-llvm-cdd820.o(.text.prvInitialiseNewTask)
    [Anonymous Symbol]                       0x08004fcc   Section        0  lto-llvm-cdd820.o(.text.prvInitialiseNewTask)
    prvInsertTimerInActiveList               0x08005061   Thumb Code   116  lto-llvm-cdd820.o(.text.prvInsertTimerInActiveList)
    [Anonymous Symbol]                       0x08005060   Section        0  lto-llvm-cdd820.o(.text.prvInsertTimerInActiveList)
    prvPortStartFirstTask                    0x080050d5   Thumb Code    40  lto-llvm-cdd820.o(.text.prvPortStartFirstTask)
    [Anonymous Symbol]                       0x080050d4   Section        0  lto-llvm-cdd820.o(.text.prvPortStartFirstTask)
    prvProcessExpiredTimer                   0x080050fd   Thumb Code   104  lto-llvm-cdd820.o(.text.prvProcessExpiredTimer)
    [Anonymous Symbol]                       0x080050fc   Section        0  lto-llvm-cdd820.o(.text.prvProcessExpiredTimer)
    prvReloadTimer                           0x08005165   Thumb Code    62  lto-llvm-cdd820.o(.text.prvReloadTimer)
    [Anonymous Symbol]                       0x08005164   Section        0  lto-llvm-cdd820.o(.text.prvReloadTimer)
    prvSampleTimeNow                         0x080051a5   Thumb Code   118  lto-llvm-cdd820.o(.text.prvSampleTimeNow)
    [Anonymous Symbol]                       0x080051a4   Section        0  lto-llvm-cdd820.o(.text.prvSampleTimeNow)
    prvTaskExitError                         0x0800521d   Thumb Code    50  lto-llvm-cdd820.o(.text.prvTaskExitError)
    [Anonymous Symbol]                       0x0800521c   Section        0  lto-llvm-cdd820.o(.text.prvTaskExitError)
    prvTimerTask                             0x08005251   Thumb Code   670  lto-llvm-cdd820.o(.text.prvTimerTask)
    [Anonymous Symbol]                       0x08005250   Section        0  lto-llvm-cdd820.o(.text.prvTimerTask)
    prvUnlockQueue                           0x080054f1   Thumb Code   314  lto-llvm-cdd820.o(.text.prvUnlockQueue)
    [Anonymous Symbol]                       0x080054f0   Section        0  lto-llvm-cdd820.o(.text.prvUnlockQueue)
    pvPortMalloc                             0x0800562d   Thumb Code   422  lto-llvm-cdd820.o(.text.pvPortMalloc)
    [Anonymous Symbol]                       0x0800562c   Section        0  lto-llvm-cdd820.o(.text.pvPortMalloc)
    usb_send                                 0x080057d5   Thumb Code  1568  lto-llvm-cdd820.o(.text.usb_send)
    [Anonymous Symbol]                       0x080057d4   Section        0  lto-llvm-cdd820.o(.text.usb_send)
    vEventGroupSetBitsCallback               0x08005df5   Thumb Code    48  lto-llvm-cdd820.o(.text.vEventGroupSetBitsCallback)
    [Anonymous Symbol]                       0x08005df4   Section        0  lto-llvm-cdd820.o(.text.vEventGroupSetBitsCallback)
    vPortEnableVFP                           0x08005e25   Thumb Code    20  lto-llvm-cdd820.o(.text.vPortEnableVFP)
    [Anonymous Symbol]                       0x08005e24   Section        0  lto-llvm-cdd820.o(.text.vPortEnableVFP)
    vPortFree                                0x08005e39   Thumb Code   230  lto-llvm-cdd820.o(.text.vPortFree)
    [Anonymous Symbol]                       0x08005e38   Section        0  lto-llvm-cdd820.o(.text.vPortFree)
    vTaskInternalSetTimeOutState             0x08005f1f   Thumb Code    62  lto-llvm-cdd820.o(.text.vTaskInternalSetTimeOutState)
    [Anonymous Symbol]                       0x08005f1e   Section        0  lto-llvm-cdd820.o(.text.vTaskInternalSetTimeOutState)
    vTaskPlaceOnEventList                    0x08005f5d   Thumb Code   110  lto-llvm-cdd820.o(.text.vTaskPlaceOnEventList)
    [Anonymous Symbol]                       0x08005f5c   Section        0  lto-llvm-cdd820.o(.text.vTaskPlaceOnEventList)
    vTaskSuspendAll                          0x08005fcb   Thumb Code    50  lto-llvm-cdd820.o(.text.vTaskSuspendAll)
    [Anonymous Symbol]                       0x08005fca   Section        0  lto-llvm-cdd820.o(.text.vTaskSuspendAll)
    __tagsym$$used.4                         0x08005ffc   Number         0  lto-llvm-cdd820.o(.text.vTaskSwitchContext)
    [Anonymous Symbol]                       0x08005ffc   Section        0  lto-llvm-cdd820.o(.text.vTaskSwitchContext)
    xEventGroupSetBits                       0x080060e9   Thumb Code   438  lto-llvm-cdd820.o(.text.xEventGroupSetBits)
    [Anonymous Symbol]                       0x080060e8   Section        0  lto-llvm-cdd820.o(.text.xEventGroupSetBits)
    xQueueGenericCreate                      0x0800629f   Thumb Code    86  lto-llvm-cdd820.o(.text.xQueueGenericCreate)
    [Anonymous Symbol]                       0x0800629e   Section        0  lto-llvm-cdd820.o(.text.xQueueGenericCreate)
    xQueueGenericCreateStatic                0x080062f5   Thumb Code    90  lto-llvm-cdd820.o(.text.xQueueGenericCreateStatic)
    [Anonymous Symbol]                       0x080062f4   Section        0  lto-llvm-cdd820.o(.text.xQueueGenericCreateStatic)
    xQueueGenericReset                       0x0800634f   Thumb Code   176  lto-llvm-cdd820.o(.text.xQueueGenericReset)
    [Anonymous Symbol]                       0x0800634e   Section        0  lto-llvm-cdd820.o(.text.xQueueGenericReset)
    xQueueGenericSend                        0x08006401   Thumb Code   540  lto-llvm-cdd820.o(.text.xQueueGenericSend)
    [Anonymous Symbol]                       0x08006400   Section        0  lto-llvm-cdd820.o(.text.xQueueGenericSend)
    xQueueGenericSendFromISR                 0x0800661d   Thumb Code   276  lto-llvm-cdd820.o(.text.xQueueGenericSendFromISR)
    [Anonymous Symbol]                       0x0800661c   Section        0  lto-llvm-cdd820.o(.text.xQueueGenericSendFromISR)
    xQueueReceive                            0x08006731   Thumb Code   652  lto-llvm-cdd820.o(.text.xQueueReceive)
    [Anonymous Symbol]                       0x08006730   Section        0  lto-llvm-cdd820.o(.text.xQueueReceive)
    xTaskCheckForTimeOut                     0x080069bd   Thumb Code   252  lto-llvm-cdd820.o(.text.xTaskCheckForTimeOut)
    [Anonymous Symbol]                       0x080069bc   Section        0  lto-llvm-cdd820.o(.text.xTaskCheckForTimeOut)
    xTaskCreateStatic                        0x08006ab9   Thumb Code   164  lto-llvm-cdd820.o(.text.xTaskCreateStatic)
    [Anonymous Symbol]                       0x08006ab8   Section        0  lto-llvm-cdd820.o(.text.xTaskCreateStatic)
    xTaskGenericNotify                       0x08006b5d   Thumb Code   366  lto-llvm-cdd820.o(.text.xTaskGenericNotify)
    [Anonymous Symbol]                       0x08006b5c   Section        0  lto-llvm-cdd820.o(.text.xTaskGenericNotify)
    xTaskGenericNotifyFromISR                0x08006ccb   Thumb Code   430  lto-llvm-cdd820.o(.text.xTaskGenericNotifyFromISR)
    [Anonymous Symbol]                       0x08006cca   Section        0  lto-llvm-cdd820.o(.text.xTaskGenericNotifyFromISR)
    xTaskGetSchedulerState                   0x08006e79   Thumb Code    70  lto-llvm-cdd820.o(.text.xTaskGetSchedulerState)
    [Anonymous Symbol]                       0x08006e78   Section        0  lto-llvm-cdd820.o(.text.xTaskGetSchedulerState)
    xTaskIncrementTick                       0x08006ec1   Thumb Code   488  lto-llvm-cdd820.o(.text.xTaskIncrementTick)
    [Anonymous Symbol]                       0x08006ec0   Section        0  lto-llvm-cdd820.o(.text.xTaskIncrementTick)
    xTaskRemoveFromEventList                 0x080070a9   Thumb Code   272  lto-llvm-cdd820.o(.text.xTaskRemoveFromEventList)
    [Anonymous Symbol]                       0x080070a8   Section        0  lto-llvm-cdd820.o(.text.xTaskRemoveFromEventList)
    xTaskResumeAll                           0x080071b9   Thumb Code   522  lto-llvm-cdd820.o(.text.xTaskResumeAll)
    [Anonymous Symbol]                       0x080071b8   Section        0  lto-llvm-cdd820.o(.text.xTaskResumeAll)
    $v0                                      0x080073c2   Number         0  fpinit.o(x$fpl$fpinit)
    x$fpl$fpinit                             0x080073c2   Section       26  fpinit.o(x$fpl$fpinit)
    .L__const.main.led_blue_thread_config    0x080073dc   Data          36  lto-llvm-cdd820.o(.rodata..L__const.main.led_blue_thread_config)
    .L__const.main.usb_rx_thread_config      0x08007400   Data          36  lto-llvm-cdd820.o(.rodata..L__const.main.usb_rx_thread_config)
    __tagsym$$used.6                         0x08007424   Number         0  lto-llvm-cdd820.o(.rodata.ARM_FaultVersion)
    __tagsym$$used.5                         0x0800742c   Number         0  lto-llvm-cdd820.o(.rodata.EventRecorderInfo)
    [Anonymous Symbol]                       0x08007444   Section        0  lto-llvm-cdd820.o(.rodata.str1.1)
    uxTopUsedPriority                        0x08007464   Data           4  lto-llvm-cdd820.o(.rodata.uxTopUsedPriority)
    [Anonymous Symbol]                       0x08007464   Section        0  lto-llvm-cdd820.o(.rodata.uxTopUsedPriority)
    FS_Desc                                  0x20000000   Data          28  lto-llvm-cdd820.o(.data.FS_Desc)
    [Anonymous Symbol]                       0x20000000   Section        0  lto-llvm-cdd820.o(.data.FS_Desc)
    SystemCoreClock                          0x2000001c   Data           4  lto-llvm-cdd820.o(.data.SystemCoreClock)
    [Anonymous Symbol]                       0x2000001c   Section        0  lto-llvm-cdd820.o(.data.SystemCoreClock)
    USBD_CDC                                 0x20000020   Data          56  lto-llvm-cdd820.o(.data.USBD_CDC)
    [Anonymous Symbol]                       0x20000020   Section        0  lto-llvm-cdd820.o(.data.USBD_CDC)
    USBD_CDC_CfgDesc                         0x20000058   Data          67  lto-llvm-cdd820.o(.data.USBD_CDC_CfgDesc)
    [Anonymous Symbol]                       0x20000058   Section        0  lto-llvm-cdd820.o(.data.USBD_CDC_CfgDesc)
    USBD_CDC_DeviceQualifierDesc             0x2000009c   Data          10  lto-llvm-cdd820.o(.data.USBD_CDC_DeviceQualifierDesc)
    [Anonymous Symbol]                       0x2000009c   Section        0  lto-llvm-cdd820.o(.data.USBD_CDC_DeviceQualifierDesc)
    USBD_FS_DeviceDesc                       0x200000a8   Data          18  lto-llvm-cdd820.o(.data.USBD_FS_DeviceDesc)
    [Anonymous Symbol]                       0x200000a8   Section        0  lto-llvm-cdd820.o(.data.USBD_FS_DeviceDesc)
    USBD_Interface_fops_FS                   0x200000bc   Data          20  lto-llvm-cdd820.o(.data.USBD_Interface_fops_FS)
    [Anonymous Symbol]                       0x200000bc   Section        0  lto-llvm-cdd820.o(.data.USBD_Interface_fops_FS)
    USBD_LangIDDesc                          0x200000d0   Data           4  lto-llvm-cdd820.o(.data.USBD_LangIDDesc)
    [Anonymous Symbol]                       0x200000d0   Section        0  lto-llvm-cdd820.o(.data.USBD_LangIDDesc)
    USBD_StringSerial                        0x200000d4   Data          26  lto-llvm-cdd820.o(.data.USBD_StringSerial)
    [Anonymous Symbol]                       0x200000d4   Section        0  lto-llvm-cdd820.o(.data.USBD_StringSerial)
    uwTickPrio                               0x200000f0   Data           4  lto-llvm-cdd820.o(.data.uwTickPrio)
    [Anonymous Symbol]                       0x200000f0   Section        0  lto-llvm-cdd820.o(.data.uwTickPrio)
    uxCriticalNesting                        0x200000f4   Data           4  lto-llvm-cdd820.o(.data.uxCriticalNesting)
    [Anonymous Symbol]                       0x200000f4   Section        0  lto-llvm-cdd820.o(.data.uxCriticalNesting)
    .bss                                     0x20000100   Section       96  libspace.o(.bss)
    EvrFreeRTOSSetup.init                    0x20000160   Data           1  lto-llvm-cdd820.o(.bss.EvrFreeRTOSSetup.init)
    [Anonymous Symbol]                       0x20000160   Section        0  lto-llvm-cdd820.o(.bss.EvrFreeRTOSSetup.init)
    KernelState                              0x20000164   Data           4  lto-llvm-cdd820.o(.bss.KernelState)
    [Anonymous Symbol]                       0x20000164   Section        0  lto-llvm-cdd820.o(.bss.KernelState)
    USBD_SetConfig.cfgidx                    0x20000168   Data           1  lto-llvm-cdd820.o(.bss.USBD_SetConfig.cfgidx)
    [Anonymous Symbol]                       0x20000168   Section        0  lto-llvm-cdd820.o(.bss.USBD_SetConfig.cfgidx)
    USBD_StrDesc                             0x2000016c   Data         512  lto-llvm-cdd820.o(.bss.USBD_StrDesc)
    [Anonymous Symbol]                       0x2000016c   Section        0  lto-llvm-cdd820.o(.bss.USBD_StrDesc)
    USBD_static_malloc.mem                   0x2000036c   Data         544  lto-llvm-cdd820.o(.bss.USBD_static_malloc.mem)
    [Anonymous Symbol]                       0x2000036c   Section        0  lto-llvm-cdd820.o(.bss.USBD_static_malloc.mem)
    UserRxBufferFS                           0x2000058c   Data        2048  lto-llvm-cdd820.o(.bss.UserRxBufferFS)
    [Anonymous Symbol]                       0x2000058c   Section        0  lto-llvm-cdd820.o(.bss.UserRxBufferFS)
    UserTxBufferFS                           0x20000d8c   Data        2048  lto-llvm-cdd820.o(.bss.UserTxBufferFS)
    [Anonymous Symbol]                       0x20000d8c   Section        0  lto-llvm-cdd820.o(.bss.UserTxBufferFS)
    clib_mutex_cb                            0x2000158c   Data         400  lto-llvm-cdd820.o(.bss.clib_mutex_cb)
    [Anonymous Symbol]                       0x2000158c   Section        0  lto-llvm-cdd820.o(.bss.clib_mutex_cb)
    clib_mutex_id                            0x2000171c   Data          20  lto-llvm-cdd820.o(.bss.clib_mutex_id)
    [Anonymous Symbol]                       0x2000171c   Section        0  lto-llvm-cdd820.o(.bss.clib_mutex_id)
    evt_id                                   0x20001730   Data           4  lto-llvm-cdd820.o(.bss.evt_id)
    [Anonymous Symbol]                       0x20001730   Section        0  lto-llvm-cdd820.o(.bss.evt_id)
    hUsbDeviceFS                             0x20001734   Data         732  lto-llvm-cdd820.o(.bss.hUsbDeviceFS)
    [Anonymous Symbol]                       0x20001734   Section        0  lto-llvm-cdd820.o(.bss.hUsbDeviceFS)
    hpcd_USB_OTG_FS                          0x20001a10   Data        1252  lto-llvm-cdd820.o(.bss.hpcd_USB_OTG_FS)
    [Anonymous Symbol]                       0x20001a10   Section        0  lto-llvm-cdd820.o(.bss.hpcd_USB_OTG_FS)
    htim1                                    0x20001ef4   Data          72  lto-llvm-cdd820.o(.bss.htim1)
    [Anonymous Symbol]                       0x20001ef4   Section        0  lto-llvm-cdd820.o(.bss.htim1)
    mid1                                     0x20001f3c   Data           4  lto-llvm-cdd820.o(.bss.mid1)
    [Anonymous Symbol]                       0x20001f3c   Section        0  lto-llvm-cdd820.o(.bss.mid1)
    EventBuffer                              0x20001f40   Data        1024  lto-llvm-cdd820.o(.bss.noinit)
    [Anonymous Symbol]                       0x20001f40   Section        0  lto-llvm-cdd820.o(.bss.noinit)
    EventFilter                              0x20002340   Data         128  lto-llvm-cdd820.o(.bss.noinit)
    EventStatus                              0x200023c0   Data          36  lto-llvm-cdd820.o(.bss.noinit)
    __tagsym$$used.7                         0x200023e4   Number         0  lto-llvm-cdd820.o(.bss.noinit.fault)
    prvCheckForValidListAndQueue.ucStaticTimerQueueStorage 0x20002470   Data          80  lto-llvm-cdd820.o(.bss.prvCheckForValidListAndQueue.ucStaticTimerQueueStorage)
    [Anonymous Symbol]                       0x20002470   Section        0  lto-llvm-cdd820.o(.bss.prvCheckForValidListAndQueue.ucStaticTimerQueueStorage)
    prvCheckForValidListAndQueue.xStaticTimerQueue 0x200024c0   Data          80  lto-llvm-cdd820.o(.bss.prvCheckForValidListAndQueue.xStaticTimerQueue)
    [Anonymous Symbol]                       0x200024c0   Section        0  lto-llvm-cdd820.o(.bss.prvCheckForValidListAndQueue.xStaticTimerQueue)
    prvSampleTimeNow.xLastTime               0x20002510   Data           4  lto-llvm-cdd820.o(.bss.prvSampleTimeNow.xLastTime)
    [Anonymous Symbol]                       0x20002510   Section        0  lto-llvm-cdd820.o(.bss.prvSampleTimeNow.xLastTime)
    __tagsym$$used.8                         0x20002514   Number         0  lto-llvm-cdd820.o(.bss.pxCurrentTCB)
    pxCurrentTimerList                       0x20002518   Data           4  lto-llvm-cdd820.o(.bss.pxCurrentTimerList)
    [Anonymous Symbol]                       0x20002518   Section        0  lto-llvm-cdd820.o(.bss.pxCurrentTimerList)
    pxDelayedTaskList                        0x2000251c   Data           4  lto-llvm-cdd820.o(.bss.pxDelayedTaskList)
    [Anonymous Symbol]                       0x2000251c   Section        0  lto-llvm-cdd820.o(.bss.pxDelayedTaskList)
    pxEnd                                    0x20002520   Data           4  lto-llvm-cdd820.o(.bss.pxEnd)
    [Anonymous Symbol]                       0x20002520   Section        0  lto-llvm-cdd820.o(.bss.pxEnd)
    pxOverflowDelayedTaskList                0x20002524   Data           4  lto-llvm-cdd820.o(.bss.pxOverflowDelayedTaskList)
    [Anonymous Symbol]                       0x20002524   Section        0  lto-llvm-cdd820.o(.bss.pxOverflowDelayedTaskList)
    pxOverflowTimerList                      0x20002528   Data           4  lto-llvm-cdd820.o(.bss.pxOverflowTimerList)
    [Anonymous Symbol]                       0x20002528   Section        0  lto-llvm-cdd820.o(.bss.pxOverflowTimerList)
    pxReadyTasksLists                        0x2000252c   Data        1120  lto-llvm-cdd820.o(.bss.pxReadyTasksLists)
    [Anonymous Symbol]                       0x2000252c   Section        0  lto-llvm-cdd820.o(.bss.pxReadyTasksLists)
    tid1                                     0x2000298c   Data           4  lto-llvm-cdd820.o(.bss.tid1)
    [Anonymous Symbol]                       0x2000298c   Section        0  lto-llvm-cdd820.o(.bss.tid1)
    tid2                                     0x20002990   Data           4  lto-llvm-cdd820.o(.bss.tid2)
    [Anonymous Symbol]                       0x20002990   Section        0  lto-llvm-cdd820.o(.bss.tid2)
    tid3                                     0x20002994   Data           4  lto-llvm-cdd820.o(.bss.tid3)
    [Anonymous Symbol]                       0x20002994   Section        0  lto-llvm-cdd820.o(.bss.tid3)
    tid4                                     0x20002998   Data           4  lto-llvm-cdd820.o(.bss.tid4)
    [Anonymous Symbol]                       0x20002998   Section        0  lto-llvm-cdd820.o(.bss.tid4)
    tid5                                     0x2000299c   Data           4  lto-llvm-cdd820.o(.bss.tid5)
    [Anonymous Symbol]                       0x2000299c   Section        0  lto-llvm-cdd820.o(.bss.tid5)
    ucHeap                                   0x200029a0   Data        8192  lto-llvm-cdd820.o(.bss.ucHeap)
    [Anonymous Symbol]                       0x200029a0   Section        0  lto-llvm-cdd820.o(.bss.ucHeap)
    ucMaxSysCallPriority                     0x200049a0   Data           1  lto-llvm-cdd820.o(.bss.ucMaxSysCallPriority)
    [Anonymous Symbol]                       0x200049a0   Section        0  lto-llvm-cdd820.o(.bss.ucMaxSysCallPriority)
    ulMaxPRIGROUPValue                       0x200049a4   Data           4  lto-llvm-cdd820.o(.bss.ulMaxPRIGROUPValue)
    [Anonymous Symbol]                       0x200049a4   Section        0  lto-llvm-cdd820.o(.bss.ulMaxPRIGROUPValue)
    uwTick                                   0x200049a8   Data           4  lto-llvm-cdd820.o(.bss.uwTick)
    [Anonymous Symbol]                       0x200049a8   Section        0  lto-llvm-cdd820.o(.bss.uwTick)
    uxCurrentNumberOfTasks                   0x200049ac   Data           4  lto-llvm-cdd820.o(.bss.uxCurrentNumberOfTasks)
    [Anonymous Symbol]                       0x200049ac   Section        0  lto-llvm-cdd820.o(.bss.uxCurrentNumberOfTasks)
    uxDeletedTasksWaitingCleanUp             0x200049b0   Data           4  lto-llvm-cdd820.o(.bss.uxDeletedTasksWaitingCleanUp)
    [Anonymous Symbol]                       0x200049b0   Section        0  lto-llvm-cdd820.o(.bss.uxDeletedTasksWaitingCleanUp)
    uxSchedulerSuspended                     0x200049b4   Data           4  lto-llvm-cdd820.o(.bss.uxSchedulerSuspended)
    [Anonymous Symbol]                       0x200049b4   Section        0  lto-llvm-cdd820.o(.bss.uxSchedulerSuspended)
    uxTaskNumber                             0x200049b8   Data           4  lto-llvm-cdd820.o(.bss.uxTaskNumber)
    [Anonymous Symbol]                       0x200049b8   Section        0  lto-llvm-cdd820.o(.bss.uxTaskNumber)
    uxTopReadyPriority                       0x200049bc   Data           4  lto-llvm-cdd820.o(.bss.uxTopReadyPriority)
    [Anonymous Symbol]                       0x200049bc   Section        0  lto-llvm-cdd820.o(.bss.uxTopReadyPriority)
    vApplicationGetIdleTaskMemory.uxIdleTaskStack 0x200049c0   Data         512  lto-llvm-cdd820.o(.bss.vApplicationGetIdleTaskMemory.uxIdleTaskStack)
    [Anonymous Symbol]                       0x200049c0   Section        0  lto-llvm-cdd820.o(.bss.vApplicationGetIdleTaskMemory.uxIdleTaskStack)
    vApplicationGetIdleTaskMemory.xIdleTaskTCB 0x20004bc0   Data          92  lto-llvm-cdd820.o(.bss.vApplicationGetIdleTaskMemory.xIdleTaskTCB)
    [Anonymous Symbol]                       0x20004bc0   Section        0  lto-llvm-cdd820.o(.bss.vApplicationGetIdleTaskMemory.xIdleTaskTCB)
    vApplicationGetTimerTaskMemory.uxTimerTaskStack 0x20004c1c   Data         512  lto-llvm-cdd820.o(.bss.vApplicationGetTimerTaskMemory.uxTimerTaskStack)
    [Anonymous Symbol]                       0x20004c1c   Section        0  lto-llvm-cdd820.o(.bss.vApplicationGetTimerTaskMemory.uxTimerTaskStack)
    vApplicationGetTimerTaskMemory.xTimerTaskTCB 0x20004e1c   Data          92  lto-llvm-cdd820.o(.bss.vApplicationGetTimerTaskMemory.xTimerTaskTCB)
    [Anonymous Symbol]                       0x20004e1c   Section        0  lto-llvm-cdd820.o(.bss.vApplicationGetTimerTaskMemory.xTimerTaskTCB)
    xActiveTimerList1                        0x20004e78   Data          20  lto-llvm-cdd820.o(.bss.xActiveTimerList1)
    [Anonymous Symbol]                       0x20004e78   Section        0  lto-llvm-cdd820.o(.bss.xActiveTimerList1)
    xActiveTimerList2                        0x20004e8c   Data          20  lto-llvm-cdd820.o(.bss.xActiveTimerList2)
    [Anonymous Symbol]                       0x20004e8c   Section        0  lto-llvm-cdd820.o(.bss.xActiveTimerList2)
    xDelayedTaskList1                        0x20004ea0   Data          20  lto-llvm-cdd820.o(.bss.xDelayedTaskList1)
    [Anonymous Symbol]                       0x20004ea0   Section        0  lto-llvm-cdd820.o(.bss.xDelayedTaskList1)
    xDelayedTaskList2                        0x20004eb4   Data          20  lto-llvm-cdd820.o(.bss.xDelayedTaskList2)
    [Anonymous Symbol]                       0x20004eb4   Section        0  lto-llvm-cdd820.o(.bss.xDelayedTaskList2)
    xFreeBytesRemaining                      0x20004ec8   Data           4  lto-llvm-cdd820.o(.bss.xFreeBytesRemaining)
    [Anonymous Symbol]                       0x20004ec8   Section        0  lto-llvm-cdd820.o(.bss.xFreeBytesRemaining)
    xIdleTaskHandles.0                       0x20004ecc   Data           4  lto-llvm-cdd820.o(.bss.xIdleTaskHandles.0)
    [Anonymous Symbol]                       0x20004ecc   Section        0  lto-llvm-cdd820.o(.bss.xIdleTaskHandles.0)
    xMinimumEverFreeBytesRemaining           0x20004ed0   Data           4  lto-llvm-cdd820.o(.bss.xMinimumEverFreeBytesRemaining)
    [Anonymous Symbol]                       0x20004ed0   Section        0  lto-llvm-cdd820.o(.bss.xMinimumEverFreeBytesRemaining)
    xNextTaskUnblockTime                     0x20004ed4   Data           4  lto-llvm-cdd820.o(.bss.xNextTaskUnblockTime)
    [Anonymous Symbol]                       0x20004ed4   Section        0  lto-llvm-cdd820.o(.bss.xNextTaskUnblockTime)
    xNumOfOverflows                          0x20004ed8   Data           4  lto-llvm-cdd820.o(.bss.xNumOfOverflows)
    [Anonymous Symbol]                       0x20004ed8   Section        0  lto-llvm-cdd820.o(.bss.xNumOfOverflows)
    xNumberOfSuccessfulAllocations           0x20004edc   Data           4  lto-llvm-cdd820.o(.bss.xNumberOfSuccessfulAllocations)
    [Anonymous Symbol]                       0x20004edc   Section        0  lto-llvm-cdd820.o(.bss.xNumberOfSuccessfulAllocations)
    xNumberOfSuccessfulFrees                 0x20004ee0   Data           4  lto-llvm-cdd820.o(.bss.xNumberOfSuccessfulFrees)
    [Anonymous Symbol]                       0x20004ee0   Section        0  lto-llvm-cdd820.o(.bss.xNumberOfSuccessfulFrees)
    xPendedTicks                             0x20004ee4   Data           4  lto-llvm-cdd820.o(.bss.xPendedTicks)
    [Anonymous Symbol]                       0x20004ee4   Section        0  lto-llvm-cdd820.o(.bss.xPendedTicks)
    xPendingReadyList                        0x20004ee8   Data          20  lto-llvm-cdd820.o(.bss.xPendingReadyList)
    [Anonymous Symbol]                       0x20004ee8   Section        0  lto-llvm-cdd820.o(.bss.xPendingReadyList)
    xSchedulerRunning                        0x20004efc   Data           4  lto-llvm-cdd820.o(.bss.xSchedulerRunning)
    [Anonymous Symbol]                       0x20004efc   Section        0  lto-llvm-cdd820.o(.bss.xSchedulerRunning)
    xStart                                   0x20004f00   Data           8  lto-llvm-cdd820.o(.bss.xStart)
    [Anonymous Symbol]                       0x20004f00   Section        0  lto-llvm-cdd820.o(.bss.xStart)
    xSuspendedTaskList                       0x20004f08   Data          20  lto-llvm-cdd820.o(.bss.xSuspendedTaskList)
    [Anonymous Symbol]                       0x20004f08   Section        0  lto-llvm-cdd820.o(.bss.xSuspendedTaskList)
    xTasksWaitingTermination                 0x20004f1c   Data          20  lto-llvm-cdd820.o(.bss.xTasksWaitingTermination)
    [Anonymous Symbol]                       0x20004f1c   Section        0  lto-llvm-cdd820.o(.bss.xTasksWaitingTermination)
    xTickCount                               0x20004f30   Data           4  lto-llvm-cdd820.o(.bss.xTickCount)
    [Anonymous Symbol]                       0x20004f30   Section        0  lto-llvm-cdd820.o(.bss.xTickCount)
    xTimerQueue                              0x20004f34   Data           4  lto-llvm-cdd820.o(.bss.xTimerQueue)
    [Anonymous Symbol]                       0x20004f34   Section        0  lto-llvm-cdd820.o(.bss.xTimerQueue)
    xTimerTaskHandle                         0x20004f38   Data           4  lto-llvm-cdd820.o(.bss.xTimerTaskHandle)
    [Anonymous Symbol]                       0x20004f38   Section        0  lto-llvm-cdd820.o(.bss.xTimerTaskHandle)
    xYieldPendings                           0x20004f3c   Data           4  lto-llvm-cdd820.o(.bss.xYieldPendings)
    [Anonymous Symbol]                       0x20004f3c   Section        0  lto-llvm-cdd820.o(.bss.xYieldPendings)
    Heap_Mem                                 0x20004f40   Data         512  startup_stm32f407xx.o(HEAP)
    HEAP                                     0x20004f40   Section      512  startup_stm32f407xx.o(HEAP)
    Stack_Mem                                0x20005140   Data        1024  startup_stm32f407xx.o(STACK)
    STACK                                    0x20005140   Section     1024  startup_stm32f407xx.o(STACK)
    __initial_sp                             0x20005540   Data           0  startup_stm32f407xx.o(STACK)

    Global Symbols

    Symbol Name                              Value     Ov Type        Size  Object(Section)

    BuildAttributes$$THM_ISAv4$E$P$D$K$B$S$7EM$VFPi3$EXTD16$VFPS$VFMA$PE$A:L22UL41UL21$X:L11$S22US41US21$IEEE1$IW$~IW$USESV6$~STKCKD$USESV7$~SHL$OSPACE$ROPI$IEEEF$EBA8$UX$STANDARDLIB$REQ8$PRES8$EABIv2 0x00000000   Number         0  anon$$obj.o ABSOLUTE
    __ARM_exceptions_init                     - Undefined Weak Reference
    __alloca_initialize                       - Undefined Weak Reference
    __arm_preinit_                            - Undefined Weak Reference
    __arm_relocate_pie_                       - Undefined Weak Reference
    __cpp_initialize__aeabi_                  - Undefined Weak Reference
    __cxa_finalize                            - Undefined Weak Reference
    __rt_locale                               - Undefined Weak Reference
    __sigvec_lookup                           - Undefined Weak Reference
    _atexit_init                              - Undefined Weak Reference
    _call_atexit_fns                          - Undefined Weak Reference
    _clock_init                               - Undefined Weak Reference
    _fp_trap_init                             - Undefined Weak Reference
    _fp_trap_shutdown                         - Undefined Weak Reference
    _get_lc_collate                           - Undefined Weak Reference
    _get_lc_ctype                             - Undefined Weak Reference
    _get_lc_monetary                          - Undefined Weak Reference
    _get_lc_numeric                           - Undefined Weak Reference
    _get_lc_time                              - Undefined Weak Reference
    _getenv_init                              - Undefined Weak Reference
    _handle_redirection                       - Undefined Weak Reference
    _init_alloc                               - Undefined Weak Reference
    _init_user_alloc                          - Undefined Weak Reference
    _initio                                   - Undefined Weak Reference
    _rand_init                                - Undefined Weak Reference
    _signal_finish                            - Undefined Weak Reference
    _signal_init                              - Undefined Weak Reference
    _terminate_alloc                          - Undefined Weak Reference
    _terminate_user_alloc                     - Undefined Weak Reference
    _terminateio                              - Undefined Weak Reference
    __Vectors_Size                           0x00000188   Number         0  startup_stm32f407xx.o ABSOLUTE
    __Vectors                                0x08000000   Data           4  startup_stm32f407xx.o(RESET)
    __Vectors_End                            0x08000188   Data           0  startup_stm32f407xx.o(RESET)
    __main                                   0x08000189   Thumb Code     8  __main.o(!!!main)
    __scatterload                            0x08000191   Thumb Code     0  __scatter.o(!!!scatter)
    __scatterload_rt2                        0x08000191   Thumb Code    84  __scatter.o(!!!scatter)
    __scatterload_rt2_thumb_only             0x08000191   Thumb Code     0  __scatter.o(!!!scatter)
    __scatterload_loop                       0x0800019b   Thumb Code     0  __scatter.o(!!!scatter)
    __scatterload_copy                       0x080001ed   Thumb Code    26  __scatter_copy.o(!!handler_copy)
    __scatterload_null                       0x08000209   Thumb Code     2  __scatter.o(!!handler_null)
    __scatterload_zeroinit                   0x0800020d   Thumb Code    28  __scatter_zi.o(!!handler_zi)
    __rt_lib_init                            0x08000229   Thumb Code     0  libinit.o(.ARM.Collect$$libinit$$00000000)
    __rt_lib_init_fp_1                       0x0800022b   Thumb Code     0  libinit2.o(.ARM.Collect$$libinit$$00000001)
    __rt_lib_init_alloca_1                   0x0800022f   Thumb Code     0  libinit2.o(.ARM.Collect$$libinit$$00000030)
    __rt_lib_init_argv_1                     0x0800022f   Thumb Code     0  libinit2.o(.ARM.Collect$$libinit$$0000002E)
    __rt_lib_init_atexit_1                   0x0800022f   Thumb Code     0  libinit2.o(.ARM.Collect$$libinit$$0000001D)
    __rt_lib_init_clock_1                    0x0800022f   Thumb Code     0  libinit2.o(.ARM.Collect$$libinit$$00000023)
    __rt_lib_init_cpp_1                      0x0800022f   Thumb Code     0  libinit2.o(.ARM.Collect$$libinit$$00000034)
    __rt_lib_init_exceptions_1               0x0800022f   Thumb Code     0  libinit2.o(.ARM.Collect$$libinit$$00000032)
    __rt_lib_init_fp_trap_1                  0x0800022f   Thumb Code     0  libinit2.o(.ARM.Collect$$libinit$$00000021)
    __rt_lib_init_getenv_1                   0x0800022f   Thumb Code     0  libinit2.o(.ARM.Collect$$libinit$$00000025)
    __rt_lib_init_heap_1                     0x0800022f   Thumb Code     0  libinit2.o(.ARM.Collect$$libinit$$0000000C)
    __rt_lib_init_lc_collate_1               0x0800022f   Thumb Code     0  libinit2.o(.ARM.Collect$$libinit$$00000013)
    __rt_lib_init_lc_ctype_1                 0x0800022f   Thumb Code     0  libinit2.o(.ARM.Collect$$libinit$$00000015)
    __rt_lib_init_lc_monetary_1              0x0800022f   Thumb Code     0  libinit2.o(.ARM.Collect$$libinit$$00000017)
    __rt_lib_init_lc_numeric_1               0x0800022f   Thumb Code     0  libinit2.o(.ARM.Collect$$libinit$$00000019)
    __rt_lib_init_lc_time_1                  0x0800022f   Thumb Code     0  libinit2.o(.ARM.Collect$$libinit$$0000001B)
    __rt_lib_init_preinit_1                  0x0800022f   Thumb Code     0  libinit2.o(.ARM.Collect$$libinit$$00000006)
    __rt_lib_init_rand_1                     0x0800022f   Thumb Code     0  libinit2.o(.ARM.Collect$$libinit$$00000010)
    __rt_lib_init_relocate_pie_1             0x0800022f   Thumb Code     0  libinit2.o(.ARM.Collect$$libinit$$00000004)
    __rt_lib_init_return                     0x0800022f   Thumb Code     0  libinit2.o(.ARM.Collect$$libinit$$00000035)
    __rt_lib_init_signal_1                   0x0800022f   Thumb Code     0  libinit2.o(.ARM.Collect$$libinit$$0000001F)
    __rt_lib_init_stdio_1                    0x0800022f   Thumb Code     0  libinit2.o(.ARM.Collect$$libinit$$00000027)
    __rt_lib_init_user_alloc_1               0x0800022f   Thumb Code     0  libinit2.o(.ARM.Collect$$libinit$$0000000E)
    __rt_lib_shutdown                        0x08000231   Thumb Code     0  libshutdown.o(.ARM.Collect$$libshutdown$$00000000)
    __rt_lib_shutdown_cpp_1                  0x08000233   Thumb Code     0  libshutdown2.o(.ARM.Collect$$libshutdown$$00000002)
    __rt_lib_shutdown_fp_trap_1              0x08000233   Thumb Code     0  libshutdown2.o(.ARM.Collect$$libshutdown$$00000007)
    __rt_lib_shutdown_heap_1                 0x08000233   Thumb Code     0  libshutdown2.o(.ARM.Collect$$libshutdown$$0000000F)
    __rt_lib_shutdown_return                 0x08000233   Thumb Code     0  libshutdown2.o(.ARM.Collect$$libshutdown$$00000010)
    __rt_lib_shutdown_signal_1               0x08000233   Thumb Code     0  libshutdown2.o(.ARM.Collect$$libshutdown$$0000000A)
    __rt_lib_shutdown_stdio_1                0x08000233   Thumb Code     0  libshutdown2.o(.ARM.Collect$$libshutdown$$00000004)
    __rt_lib_shutdown_user_alloc_1           0x08000233   Thumb Code     0  libshutdown2.o(.ARM.Collect$$libshutdown$$0000000C)
    __rt_entry                               0x08000235   Thumb Code     0  __rtentry.o(.ARM.Collect$$rtentry$$00000000)
    __rt_entry_presh_1                       0x08000235   Thumb Code     0  __rtentry2.o(.ARM.Collect$$rtentry$$00000002)
    __rt_entry_sh                            0x08000235   Thumb Code     0  __rtentry4.o(.ARM.Collect$$rtentry$$00000004)
    __rt_entry_postsh_1                      0x0800023b   Thumb Code     0  __rtentry2.o(.ARM.Collect$$rtentry$$00000008)
    __rt_entry_li                            0x08000243   Thumb Code     0  __rtentry2.o(.ARM.Collect$$rtentry$$0000000A)
    __rt_entry_main                          0x08000247   Thumb Code     0  __rtentry2.o(.ARM.Collect$$rtentry$$0000000D)
    __rt_entry_postli_1                      0x08000247   Thumb Code     0  __rtentry2.o(.ARM.Collect$$rtentry$$0000000C)
    __rt_exit                                0x0800024f   Thumb Code     0  rtexit.o(.ARM.Collect$$rtexit$$00000000)
    __rt_exit_ls                             0x08000251   Thumb Code     0  rtexit2.o(.ARM.Collect$$rtexit$$00000003)
    __rt_exit_prels_1                        0x08000251   Thumb Code     0  rtexit2.o(.ARM.Collect$$rtexit$$00000002)
    __rt_exit_exit                           0x08000255   Thumb Code     0  rtexit2.o(.ARM.Collect$$rtexit$$00000004)
    Reset_Handler                            0x0800025d   Thumb Code     8  startup_stm32f407xx.o(.text)
    ADC_IRQHandler                           0x08000277   Thumb Code     0  startup_stm32f407xx.o(.text)
    CAN1_RX0_IRQHandler                      0x08000277   Thumb Code     0  startup_stm32f407xx.o(.text)
    CAN1_RX1_IRQHandler                      0x08000277   Thumb Code     0  startup_stm32f407xx.o(.text)
    CAN1_SCE_IRQHandler                      0x08000277   Thumb Code     0  startup_stm32f407xx.o(.text)
    CAN1_TX_IRQHandler                       0x08000277   Thumb Code     0  startup_stm32f407xx.o(.text)
    CAN2_RX0_IRQHandler                      0x08000277   Thumb Code     0  startup_stm32f407xx.o(.text)
    CAN2_RX1_IRQHandler                      0x08000277   Thumb Code     0  startup_stm32f407xx.o(.text)
    CAN2_SCE_IRQHandler                      0x08000277   Thumb Code     0  startup_stm32f407xx.o(.text)
    CAN2_TX_IRQHandler                       0x08000277   Thumb Code     0  startup_stm32f407xx.o(.text)
    DCMI_IRQHandler                          0x08000277   Thumb Code     0  startup_stm32f407xx.o(.text)
    DMA1_Stream0_IRQHandler                  0x08000277   Thumb Code     0  startup_stm32f407xx.o(.text)
    DMA1_Stream1_IRQHandler                  0x08000277   Thumb Code     0  startup_stm32f407xx.o(.text)
    DMA1_Stream2_IRQHandler                  0x08000277   Thumb Code     0  startup_stm32f407xx.o(.text)
    DMA1_Stream3_IRQHandler                  0x08000277   Thumb Code     0  startup_stm32f407xx.o(.text)
    DMA1_Stream4_IRQHandler                  0x08000277   Thumb Code     0  startup_stm32f407xx.o(.text)
    DMA1_Stream5_IRQHandler                  0x08000277   Thumb Code     0  startup_stm32f407xx.o(.text)
    DMA1_Stream6_IRQHandler                  0x08000277   Thumb Code     0  startup_stm32f407xx.o(.text)
    DMA1_Stream7_IRQHandler                  0x08000277   Thumb Code     0  startup_stm32f407xx.o(.text)
    DMA2_Stream0_IRQHandler                  0x08000277   Thumb Code     0  startup_stm32f407xx.o(.text)
    DMA2_Stream1_IRQHandler                  0x08000277   Thumb Code     0  startup_stm32f407xx.o(.text)
    DMA2_Stream2_IRQHandler                  0x08000277   Thumb Code     0  startup_stm32f407xx.o(.text)
    DMA2_Stream3_IRQHandler                  0x08000277   Thumb Code     0  startup_stm32f407xx.o(.text)
    DMA2_Stream4_IRQHandler                  0x08000277   Thumb Code     0  startup_stm32f407xx.o(.text)
    DMA2_Stream5_IRQHandler                  0x08000277   Thumb Code     0  startup_stm32f407xx.o(.text)
    DMA2_Stream6_IRQHandler                  0x08000277   Thumb Code     0  startup_stm32f407xx.o(.text)
    DMA2_Stream7_IRQHandler                  0x08000277   Thumb Code     0  startup_stm32f407xx.o(.text)
    ETH_IRQHandler                           0x08000277   Thumb Code     0  startup_stm32f407xx.o(.text)
    ETH_WKUP_IRQHandler                      0x08000277   Thumb Code     0  startup_stm32f407xx.o(.text)
    EXTI15_10_IRQHandler                     0x08000277   Thumb Code     0  startup_stm32f407xx.o(.text)
    EXTI1_IRQHandler                         0x08000277   Thumb Code     0  startup_stm32f407xx.o(.text)
    EXTI2_IRQHandler                         0x08000277   Thumb Code     0  startup_stm32f407xx.o(.text)
    EXTI3_IRQHandler                         0x08000277   Thumb Code     0  startup_stm32f407xx.o(.text)
    EXTI4_IRQHandler                         0x08000277   Thumb Code     0  startup_stm32f407xx.o(.text)
    EXTI9_5_IRQHandler                       0x08000277   Thumb Code     0  startup_stm32f407xx.o(.text)
    FLASH_IRQHandler                         0x08000277   Thumb Code     0  startup_stm32f407xx.o(.text)
    FMC_IRQHandler                           0x08000277   Thumb Code     0  startup_stm32f407xx.o(.text)
    FPU_IRQHandler                           0x08000277   Thumb Code     0  startup_stm32f407xx.o(.text)
    HASH_RNG_IRQHandler                      0x08000277   Thumb Code     0  startup_stm32f407xx.o(.text)
    I2C1_ER_IRQHandler                       0x08000277   Thumb Code     0  startup_stm32f407xx.o(.text)
    I2C1_EV_IRQHandler                       0x08000277   Thumb Code     0  startup_stm32f407xx.o(.text)
    I2C2_ER_IRQHandler                       0x08000277   Thumb Code     0  startup_stm32f407xx.o(.text)
    I2C2_EV_IRQHandler                       0x08000277   Thumb Code     0  startup_stm32f407xx.o(.text)
    I2C3_ER_IRQHandler                       0x08000277   Thumb Code     0  startup_stm32f407xx.o(.text)
    I2C3_EV_IRQHandler                       0x08000277   Thumb Code     0  startup_stm32f407xx.o(.text)
    OTG_FS_WKUP_IRQHandler                   0x08000277   Thumb Code     0  startup_stm32f407xx.o(.text)
    OTG_HS_EP1_IN_IRQHandler                 0x08000277   Thumb Code     0  startup_stm32f407xx.o(.text)
    OTG_HS_EP1_OUT_IRQHandler                0x08000277   Thumb Code     0  startup_stm32f407xx.o(.text)
    OTG_HS_IRQHandler                        0x08000277   Thumb Code     0  startup_stm32f407xx.o(.text)
    OTG_HS_WKUP_IRQHandler                   0x08000277   Thumb Code     0  startup_stm32f407xx.o(.text)
    PVD_IRQHandler                           0x08000277   Thumb Code     0  startup_stm32f407xx.o(.text)
    RCC_IRQHandler                           0x08000277   Thumb Code     0  startup_stm32f407xx.o(.text)
    RTC_Alarm_IRQHandler                     0x08000277   Thumb Code     0  startup_stm32f407xx.o(.text)
    RTC_WKUP_IRQHandler                      0x08000277   Thumb Code     0  startup_stm32f407xx.o(.text)
    SDIO_IRQHandler                          0x08000277   Thumb Code     0  startup_stm32f407xx.o(.text)
    SPI1_IRQHandler                          0x08000277   Thumb Code     0  startup_stm32f407xx.o(.text)
    SPI2_IRQHandler                          0x08000277   Thumb Code     0  startup_stm32f407xx.o(.text)
    SPI3_IRQHandler                          0x08000277   Thumb Code     0  startup_stm32f407xx.o(.text)
    TAMP_STAMP_IRQHandler                    0x08000277   Thumb Code     0  startup_stm32f407xx.o(.text)
    TIM1_BRK_TIM9_IRQHandler                 0x08000277   Thumb Code     0  startup_stm32f407xx.o(.text)
    TIM1_CC_IRQHandler                       0x08000277   Thumb Code     0  startup_stm32f407xx.o(.text)
    TIM1_TRG_COM_TIM11_IRQHandler            0x08000277   Thumb Code     0  startup_stm32f407xx.o(.text)
    TIM2_IRQHandler                          0x08000277   Thumb Code     0  startup_stm32f407xx.o(.text)
    TIM3_IRQHandler                          0x08000277   Thumb Code     0  startup_stm32f407xx.o(.text)
    TIM4_IRQHandler                          0x08000277   Thumb Code     0  startup_stm32f407xx.o(.text)
    TIM5_IRQHandler                          0x08000277   Thumb Code     0  startup_stm32f407xx.o(.text)
    TIM6_DAC_IRQHandler                      0x08000277   Thumb Code     0  startup_stm32f407xx.o(.text)
    TIM7_IRQHandler                          0x08000277   Thumb Code     0  startup_stm32f407xx.o(.text)
    TIM8_BRK_TIM12_IRQHandler                0x08000277   Thumb Code     0  startup_stm32f407xx.o(.text)
    TIM8_CC_IRQHandler                       0x08000277   Thumb Code     0  startup_stm32f407xx.o(.text)
    TIM8_TRG_COM_TIM14_IRQHandler            0x08000277   Thumb Code     0  startup_stm32f407xx.o(.text)
    TIM8_UP_TIM13_IRQHandler                 0x08000277   Thumb Code     0  startup_stm32f407xx.o(.text)
    UART4_IRQHandler                         0x08000277   Thumb Code     0  startup_stm32f407xx.o(.text)
    UART5_IRQHandler                         0x08000277   Thumb Code     0  startup_stm32f407xx.o(.text)
    USART1_IRQHandler                        0x08000277   Thumb Code     0  startup_stm32f407xx.o(.text)
    USART2_IRQHandler                        0x08000277   Thumb Code     0  startup_stm32f407xx.o(.text)
    USART3_IRQHandler                        0x08000277   Thumb Code     0  startup_stm32f407xx.o(.text)
    USART6_IRQHandler                        0x08000277   Thumb Code     0  startup_stm32f407xx.o(.text)
    WWDG_IRQHandler                          0x08000277   Thumb Code     0  startup_stm32f407xx.o(.text)
    __user_initial_stackheap                 0x08000279   Thumb Code     0  startup_stm32f407xx.o(.text)
    __use_two_region_memory                  0x0800029d   Thumb Code     2  heapauxi.o(.text)
    __rt_heap_escrow$2region                 0x0800029f   Thumb Code     2  heapauxi.o(.text)
    __rt_heap_expand$2region                 0x080002a1   Thumb Code     2  heapauxi.o(.text)
    __user_setup_stackheap                   0x080002a3   Thumb Code    74  sys_stackheap_outer.o(.text)
    exit                                     0x080002ed   Thumb Code    18  exit.o(.text)
    __user_libspace                          0x08000301   Thumb Code     8  libspace.o(.text)
    __user_perproc_libspace                  0x08000301   Thumb Code     0  libspace.o(.text)
    _sys_exit                                0x08000309   Thumb Code     8  sys_exit.o(.text)
    __I$use$semihosting                      0x08000315   Thumb Code     0  use_no_semi.o(.text)
    __use_no_semihosting_swi                 0x08000315   Thumb Code     2  use_no_semi.o(.text)
    __aeabi_uldivmod                         0x08000317   Thumb Code     0  lludivv7m.o(.text)
    __semihosting_library_function           0x08000317   Thumb Code     0  indicate_semi.o(.text)
    _ll_udiv                                 0x08000317   Thumb Code   240  lludivv7m.o(.text)
    __aeabi_memcpy                           0x08000407   Thumb Code     0  rt_memcpy_v6.o(.text)
    __rt_memcpy                              0x08000407   Thumb Code   138  rt_memcpy_v6.o(.text)
    _memcpy_lastbytes                        0x0800046d   Thumb Code     0  rt_memcpy_v6.o(.text)
    __aeabi_memset4                          0x08000491   Thumb Code    16  aeabi_memset4.o(.text)
    __aeabi_memset8                          0x08000491   Thumb Code     0  aeabi_memset4.o(.text)
    __aeabi_memclr                           0x080004a1   Thumb Code     0  rt_memclr.o(.text)
    __rt_memclr                              0x080004a1   Thumb Code     0  rt_memclr.o(.text)
    _memset                                  0x080004a5   Thumb Code    64  rt_memclr.o(.text)
    __aeabi_memclr4                          0x080004e5   Thumb Code     0  rt_memclr_w.o(.text)
    __aeabi_memclr8                          0x080004e5   Thumb Code     0  rt_memclr_w.o(.text)
    __rt_memclr_w                            0x080004e5   Thumb Code     0  rt_memclr_w.o(.text)
    _memset_w                                0x080004e9   Thumb Code    74  rt_memclr_w.o(.text)
    __aeabi_memcpy4                          0x08000533   Thumb Code     0  rt_memcpy_w.o(.text)
    __aeabi_memcpy8                          0x08000533   Thumb Code     0  rt_memcpy_w.o(.text)
    __rt_memcpy_w                            0x08000533   Thumb Code   100  rt_memcpy_w.o(.text)
    _memcpy_lastbytes_aligned                0x0800057b   Thumb Code     0  rt_memcpy_w.o(.text)
    _fp_init                                 0x08000597   Thumb Code    22  lto-llvm-cdd820.o(.text.$Sub$$_fp_init)
    BusFault_Handler                         0x080005ad   Thumb Code     2  lto-llvm-cdd820.o(.text.BusFault_Handler)
    DebugMon_Handler                         0x08000641   Thumb Code     2  lto-llvm-cdd820.o(.text.DebugMon_Handler)
    EXTI0_IRQHandler                         0x08000643   Thumb Code   172  lto-llvm-cdd820.o(.text.EXTI0_IRQHandler)
    HardFault_Handler                        0x080014dd   Thumb Code     2  lto-llvm-cdd820.o(.text.HardFault_Handler)
    MemManage_Handler                        0x080014e1   Thumb Code     2  lto-llvm-cdd820.o(.text.MemManage_Handler)
    NMI_Handler                              0x080014e5   Thumb Code     2  lto-llvm-cdd820.o(.text.NMI_Handler)
    OTG_FS_IRQHandler                        0x080014e9   Thumb Code  2798  lto-llvm-cdd820.o(.text.OTG_FS_IRQHandler)
    PendSV_Handler                           0x08001fd9   Thumb Code    96  lto-llvm-cdd820.o(.text.PendSV_Handler)
    SVC_Handler                              0x08002039   Thumb Code    32  lto-llvm-cdd820.o(.text.SVC_Handler)
    SysTick_Handler                          0x08002059   Thumb Code    66  lto-llvm-cdd820.o(.text.SysTick_Handler)
    SystemInit                               0x0800209b   Thumb Code    18  lto-llvm-cdd820.o(.text.SystemInit)
    TIM1_UP_TIM10_IRQHandler                 0x080020ad   Thumb Code   212  lto-llvm-cdd820.o(.text.TIM1_UP_TIM10_IRQHandler)
    UsageFault_Handler                       0x08002f99   Thumb Code     2  lto-llvm-cdd820.o(.text.UsageFault_Handler)
    _mutex_acquire                           0x08002f9d   Thumb Code  1472  lto-llvm-cdd820.o(.text._mutex_acquire)
    _mutex_free                              0x0800355d   Thumb Code    76  lto-llvm-cdd820.o(.text._mutex_free)
    _mutex_initialize                        0x080035a9   Thumb Code   122  lto-llvm-cdd820.o(.text._mutex_initialize)
    _mutex_release                           0x08003623   Thumb Code    34  lto-llvm-cdd820.o(.text._mutex_release)
    _platform_post_stackheap_init            0x08003645   Thumb Code     4  lto-llvm-cdd820.o(.text._platform_post_stackheap_init)
    main                                     0x0800393d   Thumb Code  3668  lto-llvm-cdd820.o(.text.main)
    vTaskSwitchContext                       0x08005ffd   Thumb Code   234  lto-llvm-cdd820.o(.text.vTaskSwitchContext)
    $Super$$_fp_init                         0x080073c3   Thumb Code    26  fpinit.o(x$fpl$fpinit)
    __fplib_config_fpu_vfp                   0x080073db   Thumb Code     0  fpinit.o(x$fpl$fpinit)
    __fplib_config_pureend_doubles           0x080073db   Thumb Code     0  fpinit.o(x$fpl$fpinit)
    ARM_FaultVersion                         0x08007424   Data           6  lto-llvm-cdd820.o(.rodata.ARM_FaultVersion)
    EventRecorderInfo                        0x0800742c   Data          24  lto-llvm-cdd820.o(.rodata.EventRecorderInfo)
    Region$$Table$$Base                      0x08007468   Number         0  anon$$obj.o(Region$$Table)
    Region$$Table$$Limit                     0x08007488   Number         0  anon$$obj.o(Region$$Table)
    __libspace_start                         0x20000100   Data          96  libspace.o(.bss)
    __temporary_stack_top$libspace           0x20000160   Data           0  libspace.o(.bss)
    ARM_FaultInfo                            0x200023e4   Data         140  lto-llvm-cdd820.o(.bss.noinit.fault)
    pxCurrentTCB                             0x20002514   Data           4  lto-llvm-cdd820.o(.bss.pxCurrentTCB)



==============================================================================

Memory Map of the image

  Image Entry point : 0x08000189

  Load Region LR_IROM1 (Base: 0x08000000, Size: 0x000075c0, Max: 0x00100000, ABSOLUTE)

    Execution Region ER_IROM1 (Exec base: 0x08000000, Load base: 0x08000000, Size: 0x00007488, Max: 0x00100000, ABSOLUTE)

    Exec Addr    Load Addr    Size         Type   Attr      Idx    E Section Name        Object

    0x08000000   0x08000000   0x00000188   Data   RO            6    RESET               startup_stm32f407xx.o
    0x08000188   0x08000188   0x00000008   Code   RO           59  * !!!main             c_w.l(__main.o)
    0x08000190   0x08000190   0x0000005c   Code   RO          561    !!!scatter          c_w.l(__scatter.o)
    0x080001ec   0x080001ec   0x0000001a   Code   RO          565    !!handler_copy      c_w.l(__scatter_copy.o)
    0x08000206   0x08000206   0x00000002   PAD
    0x08000208   0x08000208   0x00000002   Code   RO          562    !!handler_null      c_w.l(__scatter.o)
    0x0800020a   0x0800020a   0x00000002   PAD
    0x0800020c   0x0800020c   0x0000001c   Code   RO          567    !!handler_zi        c_w.l(__scatter_zi.o)
    0x08000228   0x08000228   0x00000002   Code   RO           86    .ARM.Collect$$libinit$$00000000  c_w.l(libinit.o)
    0x0800022a   0x0800022a   0x00000004   Code   RO           92    .ARM.Collect$$libinit$$00000001  c_w.l(libinit2.o)
    0x0800022e   0x0800022e   0x00000000   Code   RO           95    .ARM.Collect$$libinit$$00000004  c_w.l(libinit2.o)
    0x0800022e   0x0800022e   0x00000000   Code   RO           97    .ARM.Collect$$libinit$$00000006  c_w.l(libinit2.o)
    0x0800022e   0x0800022e   0x00000000   Code   RO          100    .ARM.Collect$$libinit$$0000000C  c_w.l(libinit2.o)
    0x0800022e   0x0800022e   0x00000000   Code   RO          102    .ARM.Collect$$libinit$$0000000E  c_w.l(libinit2.o)
    0x0800022e   0x0800022e   0x00000000   Code   RO          104    .ARM.Collect$$libinit$$00000010  c_w.l(libinit2.o)
    0x0800022e   0x0800022e   0x00000000   Code   RO          107    .ARM.Collect$$libinit$$00000013  c_w.l(libinit2.o)
    0x0800022e   0x0800022e   0x00000000   Code   RO          109    .ARM.Collect$$libinit$$00000015  c_w.l(libinit2.o)
    0x0800022e   0x0800022e   0x00000000   Code   RO          111    .ARM.Collect$$libinit$$00000017  c_w.l(libinit2.o)
    0x0800022e   0x0800022e   0x00000000   Code   RO          113    .ARM.Collect$$libinit$$00000019  c_w.l(libinit2.o)
    0x0800022e   0x0800022e   0x00000000   Code   RO          115    .ARM.Collect$$libinit$$0000001B  c_w.l(libinit2.o)
    0x0800022e   0x0800022e   0x00000000   Code   RO          117    .ARM.Collect$$libinit$$0000001D  c_w.l(libinit2.o)
    0x0800022e   0x0800022e   0x00000000   Code   RO          119    .ARM.Collect$$libinit$$0000001F  c_w.l(libinit2.o)
    0x0800022e   0x0800022e   0x00000000   Code   RO          121    .ARM.Collect$$libinit$$00000021  c_w.l(libinit2.o)
    0x0800022e   0x0800022e   0x00000000   Code   RO          123    .ARM.Collect$$libinit$$00000023  c_w.l(libinit2.o)
    0x0800022e   0x0800022e   0x00000000   Code   RO          125    .ARM.Collect$$libinit$$00000025  c_w.l(libinit2.o)
    0x0800022e   0x0800022e   0x00000000   Code   RO          127    .ARM.Collect$$libinit$$00000027  c_w.l(libinit2.o)
    0x0800022e   0x0800022e   0x00000000   Code   RO          131    .ARM.Collect$$libinit$$0000002E  c_w.l(libinit2.o)
    0x0800022e   0x0800022e   0x00000000   Code   RO          133    .ARM.Collect$$libinit$$00000030  c_w.l(libinit2.o)
    0x0800022e   0x0800022e   0x00000000   Code   RO          135    .ARM.Collect$$libinit$$00000032  c_w.l(libinit2.o)
    0x0800022e   0x0800022e   0x00000000   Code   RO          137    .ARM.Collect$$libinit$$00000034  c_w.l(libinit2.o)
    0x0800022e   0x0800022e   0x00000002   Code   RO          138    .ARM.Collect$$libinit$$00000035  c_w.l(libinit2.o)
    0x08000230   0x08000230   0x00000002   Code   RO          158    .ARM.Collect$$libshutdown$$00000000  c_w.l(libshutdown.o)
    0x08000232   0x08000232   0x00000000   Code   RO          173    .ARM.Collect$$libshutdown$$00000002  c_w.l(libshutdown2.o)
    0x08000232   0x08000232   0x00000000   Code   RO          175    .ARM.Collect$$libshutdown$$00000004  c_w.l(libshutdown2.o)
    0x08000232   0x08000232   0x00000000   Code   RO          178    .ARM.Collect$$libshutdown$$00000007  c_w.l(libshutdown2.o)
    0x08000232   0x08000232   0x00000000   Code   RO          181    .ARM.Collect$$libshutdown$$0000000A  c_w.l(libshutdown2.o)
    0x08000232   0x08000232   0x00000000   Code   RO          183    .ARM.Collect$$libshutdown$$0000000C  c_w.l(libshutdown2.o)
    0x08000232   0x08000232   0x00000000   Code   RO          186    .ARM.Collect$$libshutdown$$0000000F  c_w.l(libshutdown2.o)
    0x08000232   0x08000232   0x00000002   Code   RO          187    .ARM.Collect$$libshutdown$$00000010  c_w.l(libshutdown2.o)
    0x08000234   0x08000234   0x00000000   Code   RO           63    .ARM.Collect$$rtentry$$00000000  c_w.l(__rtentry.o)
    0x08000234   0x08000234   0x00000000   Code   RO           65    .ARM.Collect$$rtentry$$00000002  c_w.l(__rtentry2.o)
    0x08000234   0x08000234   0x00000006   Code   RO           77    .ARM.Collect$$rtentry$$00000004  c_w.l(__rtentry4.o)
    0x0800023a   0x0800023a   0x00000008   Code   RO           66    .ARM.Collect$$rtentry$$00000008  c_w.l(__rtentry2.o)
    0x08000242   0x08000242   0x00000004   Code   RO           68    .ARM.Collect$$rtentry$$0000000A  c_w.l(__rtentry2.o)
    0x08000246   0x08000246   0x00000000   Code   RO           70    .ARM.Collect$$rtentry$$0000000C  c_w.l(__rtentry2.o)
    0x08000246   0x08000246   0x00000008   Code   RO           71    .ARM.Collect$$rtentry$$0000000D  c_w.l(__rtentry2.o)
    0x0800024e   0x0800024e   0x00000002   Code   RO           90    .ARM.Collect$$rtexit$$00000000  c_w.l(rtexit.o)
    0x08000250   0x08000250   0x00000000   Code   RO          140    .ARM.Collect$$rtexit$$00000002  c_w.l(rtexit2.o)
    0x08000250   0x08000250   0x00000004   Code   RO          141    .ARM.Collect$$rtexit$$00000003  c_w.l(rtexit2.o)
    0x08000254   0x08000254   0x00000006   Code   RO          142    .ARM.Collect$$rtexit$$00000004  c_w.l(rtexit2.o)
    0x0800025a   0x0800025a   0x00000002   PAD
    0x0800025c   0x0800025c   0x00000040   Code   RO            7    .text               startup_stm32f407xx.o
    0x0800029c   0x0800029c   0x00000006   Code   RO           57    .text               c_w.l(heapauxi.o)
    0x080002a2   0x080002a2   0x0000004a   Code   RO           79    .text               c_w.l(sys_stackheap_outer.o)
    0x080002ec   0x080002ec   0x00000012   Code   RO           81    .text               c_w.l(exit.o)
    0x080002fe   0x080002fe   0x00000002   PAD
    0x08000300   0x08000300   0x00000008   Code   RO           87    .text               c_w.l(libspace.o)
    0x08000308   0x08000308   0x0000000c   Code   RO          148    .text               c_w.l(sys_exit.o)
    0x08000314   0x08000314   0x00000002   Code   RO          163    .text               c_w.l(use_no_semi.o)
    0x08000316   0x08000316   0x00000000   Code   RO          165    .text               c_w.l(indicate_semi.o)
    0x08000316   0x08000316   0x000000f0   Code   RO          537    .text               c_w.l(lludivv7m.o)
    0x08000406   0x08000406   0x0000008a   Code   RO          539    .text               c_w.l(rt_memcpy_v6.o)
    0x08000490   0x08000490   0x00000010   Code   RO          541    .text               c_w.l(aeabi_memset4.o)
    0x080004a0   0x080004a0   0x00000044   Code   RO          543    .text               c_w.l(rt_memclr.o)
    0x080004e4   0x080004e4   0x0000004e   Code   RO          545    .text               c_w.l(rt_memclr_w.o)
    0x08000532   0x08000532   0x00000064   Code   RO          551    .text               c_w.l(rt_memcpy_w.o)
    0x08000596   0x08000596   0x00000016   Code   RO          341    .text.$Sub$$_fp_init  lto-llvm-cdd820.o
    0x080005ac   0x080005ac   0x00000002   Code   RO          239    .text.BusFault_Handler  lto-llvm-cdd820.o
    0x080005ae   0x080005ae   0x00000004   Code   RO          291    .text.CDC_Control_FS  lto-llvm-cdd820.o
    0x080005b2   0x080005b2   0x00000004   Code   RO          289    .text.CDC_DeInit_FS  lto-llvm-cdd820.o
    0x080005b6   0x080005b6   0x0000003e   Code   RO          287    .text.CDC_Init_FS   lto-llvm-cdd820.o
    0x080005f4   0x080005f4   0x00000048   Code   RO          293    .text.CDC_Receive_FS  lto-llvm-cdd820.o
    0x0800063c   0x0800063c   0x00000004   Code   RO          295    .text.CDC_TransmitCplt_FS  lto-llvm-cdd820.o
    0x08000640   0x08000640   0x00000002   Code   RO          243    .text.DebugMon_Handler  lto-llvm-cdd820.o
    0x08000642   0x08000642   0x000000ac   Code   RO          245    .text.EXTI0_IRQHandler  lto-llvm-cdd820.o
    0x080006ee   0x080006ee   0x00000002   PAD
    0x080006f0   0x080006f0   0x00000072   Code   RO          357    .text.EventGetTS    lto-llvm-cdd820.o
    0x08000762   0x08000762   0x00000054   Code   RO          361    .text.EventRecord2  lto-llvm-cdd820.o
    0x080007b6   0x080007b6   0x00000002   PAD
    0x080007b8   0x080007b8   0x00000090   Code   RO          363    .text.EventRecord4  lto-llvm-cdd820.o
    0x08000848   0x08000848   0x000000ee   Code   RO          359    .text.EventRecordItem  lto-llvm-cdd820.o
    0x08000936   0x08000936   0x00000002   PAD
    0x08000938   0x08000938   0x0000005c   Code   RO          355    .text.EventRecorderEnable  lto-llvm-cdd820.o
    0x08000994   0x08000994   0x00000160   Code   RO          353    .text.EventRecorderInitialize  lto-llvm-cdd820.o
    0x08000af4   0x08000af4   0x0000006a   Code   RO          365    .text.EvrFreeRTOSSetup  lto-llvm-cdd820.o
    0x08000b5e   0x08000b5e   0x00000002   PAD
    0x08000b60   0x08000b60   0x00000196   Code   RO          319    .text.HAL_GPIO_Init  lto-llvm-cdd820.o
    0x08000cf6   0x08000cf6   0x00000002   PAD
    0x08000cf8   0x08000cf8   0x0000015c   Code   RO          253    .text.HAL_InitTick  lto-llvm-cdd820.o
    0x08000e54   0x08000e54   0x0000009e   Code   RO          257    .text.HAL_PCD_DataOutStageCallback  lto-llvm-cdd820.o
    0x08000ef2   0x08000ef2   0x00000002   PAD
    0x08000ef4   0x08000ef4   0x000005e6   Code   RO          255    .text.HAL_PCD_SetupStageCallback  lto-llvm-cdd820.o
    0x080014da   0x080014da   0x00000002   PAD
    0x080014dc   0x080014dc   0x00000002   Code   RO          235    .text.HardFault_Handler  lto-llvm-cdd820.o
    0x080014de   0x080014de   0x00000002   PAD
    0x080014e0   0x080014e0   0x00000002   Code   RO          237    .text.MemManage_Handler  lto-llvm-cdd820.o
    0x080014e2   0x080014e2   0x00000002   PAD
    0x080014e4   0x080014e4   0x00000002   Code   RO          233    .text.NMI_Handler   lto-llvm-cdd820.o
    0x080014e6   0x080014e6   0x00000002   PAD
    0x080014e8   0x080014e8   0x00000aee   Code   RO          249    .text.OTG_FS_IRQHandler  lto-llvm-cdd820.o
    0x08001fd6   0x08001fd6   0x00000002   PAD
    0x08001fd8   0x08001fd8   0x00000060   Code   RO          375    .text.PendSV_Handler  lto-llvm-cdd820.o
    0x08002038   0x08002038   0x00000020   Code   RO          373    .text.SVC_Handler   lto-llvm-cdd820.o
    0x08002058   0x08002058   0x00000042   Code   RO          345    .text.SysTick_Handler  lto-llvm-cdd820.o
    0x0800209a   0x0800209a   0x00000012   Code   RO          251    .text.SystemInit    lto-llvm-cdd820.o
    0x080020ac   0x080020ac   0x000000d4   Code   RO          247    .text.TIM1_UP_TIM10_IRQHandler  lto-llvm-cdd820.o
    0x08002180   0x08002180   0x00000076   Code   RO          307    .text.USBD_CDC_DataIn  lto-llvm-cdd820.o
    0x080021f6   0x080021f6   0x00000040   Code   RO          309    .text.USBD_CDC_DataOut  lto-llvm-cdd820.o
    0x08002236   0x08002236   0x0000005c   Code   RO          301    .text.USBD_CDC_DeInit  lto-llvm-cdd820.o
    0x08002292   0x08002292   0x00000036   Code   RO          305    .text.USBD_CDC_EP0_RxReady  lto-llvm-cdd820.o
    0x080022c8   0x080022c8   0x00000010   Code   RO          317    .text.USBD_CDC_GetDeviceQualifierDescriptor  lto-llvm-cdd820.o
    0x080022d8   0x080022d8   0x000000be   Code   RO          313    .text.USBD_CDC_GetFSCfgDesc  lto-llvm-cdd820.o
    0x08002396   0x08002396   0x00000002   PAD
    0x08002398   0x08002398   0x000000c2   Code   RO          311    .text.USBD_CDC_GetHSCfgDesc  lto-llvm-cdd820.o
    0x0800245a   0x0800245a   0x00000002   PAD
    0x0800245c   0x0800245c   0x000000be   Code   RO          315    .text.USBD_CDC_GetOtherSpeedCfgDesc  lto-llvm-cdd820.o
    0x0800251a   0x0800251a   0x000000c0   Code   RO          299    .text.USBD_CDC_Init  lto-llvm-cdd820.o
    0x080025da   0x080025da   0x00000138   Code   RO          303    .text.USBD_CDC_Setup  lto-llvm-cdd820.o
    0x08002712   0x08002712   0x00000002   PAD
    0x08002714   0x08002714   0x00000020   Code   RO          283    .text.USBD_FS_ConfigStrDescriptor  lto-llvm-cdd820.o
    0x08002734   0x08002734   0x0000000e   Code   RO          273    .text.USBD_FS_DeviceDescriptor  lto-llvm-cdd820.o
    0x08002742   0x08002742   0x00000002   PAD
    0x08002744   0x08002744   0x00000024   Code   RO          285    .text.USBD_FS_InterfaceStrDescriptor  lto-llvm-cdd820.o
    0x08002768   0x08002768   0x0000000e   Code   RO          275    .text.USBD_FS_LangIDStrDescriptor  lto-llvm-cdd820.o
    0x08002776   0x08002776   0x00000002   PAD
    0x08002778   0x08002778   0x00000028   Code   RO          277    .text.USBD_FS_ManufacturerStrDescriptor  lto-llvm-cdd820.o
    0x080027a0   0x080027a0   0x0000002c   Code   RO          279    .text.USBD_FS_ProductStrDescriptor  lto-llvm-cdd820.o
    0x080027cc   0x080027cc   0x00000090   Code   RO          281    .text.USBD_FS_SerialStrDescriptor  lto-llvm-cdd820.o
    0x0800285c   0x0800285c   0x0000006a   Code   RO          297    .text.USBD_GetString  lto-llvm-cdd820.o
    0x080028c6   0x080028c6   0x00000098   Code   RO          265    .text.USBD_LL_ClearStallEP  lto-llvm-cdd820.o
    0x0800295e   0x0800295e   0x000000a8   Code   RO          261    .text.USBD_LL_CloseEP  lto-llvm-cdd820.o
    0x08002a06   0x08002a06   0x000000d8   Code   RO          259    .text.USBD_LL_OpenEP  lto-llvm-cdd820.o
    0x08002ade   0x08002ade   0x00000046   Code   RO          271    .text.USBD_LL_PrepareReceive  lto-llvm-cdd820.o
    0x08002b24   0x08002b24   0x0000002e   Code   RO          267    .text.USBD_LL_SetUSBAddress  lto-llvm-cdd820.o
    0x08002b52   0x08002b52   0x000000b2   Code   RO          263    .text.USBD_LL_StallEP  lto-llvm-cdd820.o
    0x08002c04   0x08002c04   0x00000036   Code   RO          269    .text.USBD_LL_Transmit  lto-llvm-cdd820.o
    0x08002c3a   0x08002c3a   0x00000002   PAD
    0x08002c3c   0x08002c3c   0x00000052   Code   RO          321    .text.USB_CoreReset  lto-llvm-cdd820.o
    0x08002c8e   0x08002c8e   0x00000058   Code   RO          329    .text.USB_EP0_OutStart  lto-llvm-cdd820.o
    0x08002ce6   0x08002ce6   0x00000002   PAD
    0x08002ce8   0x08002ce8   0x000001e2   Code   RO          325    .text.USB_EPStartXfer  lto-llvm-cdd820.o
    0x08002eca   0x08002eca   0x00000002   PAD
    0x08002ecc   0x08002ecc   0x00000082   Code   RO          327    .text.USB_EPStopXfer  lto-llvm-cdd820.o
    0x08002f4e   0x08002f4e   0x00000002   PAD
    0x08002f50   0x08002f50   0x00000046   Code   RO          323    .text.USB_FlushTxFifo  lto-llvm-cdd820.o
    0x08002f96   0x08002f96   0x00000002   PAD
    0x08002f98   0x08002f98   0x00000002   Code   RO          241    .text.UsageFault_Handler  lto-llvm-cdd820.o
    0x08002f9a   0x08002f9a   0x00000002   PAD
    0x08002f9c   0x08002f9c   0x000005c0   Code   RO          331    .text._mutex_acquire  lto-llvm-cdd820.o
    0x0800355c   0x0800355c   0x0000004c   Code   RO          333    .text._mutex_free   lto-llvm-cdd820.o
    0x080035a8   0x080035a8   0x0000007a   Code   RO          335    .text._mutex_initialize  lto-llvm-cdd820.o
    0x08003622   0x08003622   0x00000022   Code   RO          337    .text._mutex_release  lto-llvm-cdd820.o
    0x08003644   0x08003644   0x00000004   Code   RO          339    .text._platform_post_stackheap_init  lto-llvm-cdd820.o
    0x08003648   0x08003648   0x00000060   Code   RO          221    .text.led_blue      lto-llvm-cdd820.o
    0x080036a8   0x080036a8   0x000001c0   Code   RO          227    .text.led_green     lto-llvm-cdd820.o
    0x08003868   0x08003868   0x0000006c   Code   RO          225    .text.led_orange    lto-llvm-cdd820.o
    0x080038d4   0x080038d4   0x00000068   Code   RO          223    .text.led_red       lto-llvm-cdd820.o
    0x0800393c   0x0800393c   0x00000ed8   Code   RO          231    .text.main          lto-llvm-cdd820.o
    0x08004814   0x08004814   0x000000ac   Code   RO          349    .text.osDelay       lto-llvm-cdd820.o
    0x080048c0   0x080048c0   0x0000006e   Code   RO          351    .text.osMessageQueuePut  lto-llvm-cdd820.o
    0x0800492e   0x0800492e   0x0000012e   Code   RO          347    .text.osThreadNew   lto-llvm-cdd820.o
    0x08004a5c   0x08004a5c   0x00000150   Code   RO          411    .text.prvAddCurrentTaskToDelayedList  lto-llvm-cdd820.o
    0x08004bac   0x08004bac   0x000001e8   Code   RO          409    .text.prvAddNewTaskToReadyList  lto-llvm-cdd820.o
    0x08004d94   0x08004d94   0x00000124   Code   RO          395    .text.prvCopyDataToQueue  lto-llvm-cdd820.o
    0x08004eb8   0x08004eb8   0x000000dc   Code   RO          419    .text.prvIdleTask   lto-llvm-cdd820.o
    0x08004f94   0x08004f94   0x00000036   Code   RO          391    .text.prvInitialiseMutex  lto-llvm-cdd820.o
    0x08004fca   0x08004fca   0x00000002   PAD
    0x08004fcc   0x08004fcc   0x00000092   Code   RO          407    .text.prvInitialiseNewTask  lto-llvm-cdd820.o
    0x0800505e   0x0800505e   0x00000002   PAD
    0x08005060   0x08005060   0x00000074   Code   RO          441    .text.prvInsertTimerInActiveList  lto-llvm-cdd820.o
    0x080050d4   0x080050d4   0x00000028   Code   RO          379    .text.prvPortStartFirstTask  lto-llvm-cdd820.o
    0x080050fc   0x080050fc   0x00000068   Code   RO          439    .text.prvProcessExpiredTimer  lto-llvm-cdd820.o
    0x08005164   0x08005164   0x0000003e   Code   RO          443    .text.prvReloadTimer  lto-llvm-cdd820.o
    0x080051a2   0x080051a2   0x00000002   PAD
    0x080051a4   0x080051a4   0x00000076   Code   RO          437    .text.prvSampleTimeNow  lto-llvm-cdd820.o
    0x0800521a   0x0800521a   0x00000002   PAD
    0x0800521c   0x0800521c   0x00000032   Code   RO          371    .text.prvTaskExitError  lto-llvm-cdd820.o
    0x0800524e   0x0800524e   0x00000002   PAD
    0x08005250   0x08005250   0x0000029e   Code   RO          435    .text.prvTimerTask  lto-llvm-cdd820.o
    0x080054ee   0x080054ee   0x00000002   PAD
    0x080054f0   0x080054f0   0x0000013a   Code   RO          397    .text.prvUnlockQueue  lto-llvm-cdd820.o
    0x0800562a   0x0800562a   0x00000002   PAD
    0x0800562c   0x0800562c   0x000001a6   Code   RO          381    .text.pvPortMalloc  lto-llvm-cdd820.o
    0x080057d2   0x080057d2   0x00000002   PAD
    0x080057d4   0x080057d4   0x00000620   Code   RO          229    .text.usb_send      lto-llvm-cdd820.o
    0x08005df4   0x08005df4   0x00000030   Code   RO          369    .text.vEventGroupSetBitsCallback  lto-llvm-cdd820.o
    0x08005e24   0x08005e24   0x00000014   Code   RO          377    .text.vPortEnableVFP  lto-llvm-cdd820.o
    0x08005e38   0x08005e38   0x000000e6   Code   RO          383    .text.vPortFree     lto-llvm-cdd820.o
    0x08005f1e   0x08005f1e   0x0000003e   Code   RO          425    .text.vTaskInternalSetTimeOutState  lto-llvm-cdd820.o
    0x08005f5c   0x08005f5c   0x0000006e   Code   RO          421    .text.vTaskPlaceOnEventList  lto-llvm-cdd820.o
    0x08005fca   0x08005fca   0x00000032   Code   RO          417    .text.vTaskSuspendAll  lto-llvm-cdd820.o
    0x08005ffc   0x08005ffc   0x000000ea   Code   RO          403    .text.vTaskSwitchContext  lto-llvm-cdd820.o
    0x080060e6   0x080060e6   0x00000002   PAD
    0x080060e8   0x080060e8   0x000001b6   Code   RO          367    .text.xEventGroupSetBits  lto-llvm-cdd820.o
    0x0800629e   0x0800629e   0x00000056   Code   RO          389    .text.xQueueGenericCreate  lto-llvm-cdd820.o
    0x080062f4   0x080062f4   0x0000005a   Code   RO          387    .text.xQueueGenericCreateStatic  lto-llvm-cdd820.o
    0x0800634e   0x0800634e   0x000000b0   Code   RO          385    .text.xQueueGenericReset  lto-llvm-cdd820.o
    0x080063fe   0x080063fe   0x00000002   PAD
    0x08006400   0x08006400   0x0000021c   Code   RO          393    .text.xQueueGenericSend  lto-llvm-cdd820.o
    0x0800661c   0x0800661c   0x00000114   Code   RO          399    .text.xQueueGenericSendFromISR  lto-llvm-cdd820.o
    0x08006730   0x08006730   0x0000028c   Code   RO          401    .text.xQueueReceive  lto-llvm-cdd820.o
    0x080069bc   0x080069bc   0x000000fc   Code   RO          427    .text.xTaskCheckForTimeOut  lto-llvm-cdd820.o
    0x08006ab8   0x08006ab8   0x000000a4   Code   RO          405    .text.xTaskCreateStatic  lto-llvm-cdd820.o
    0x08006b5c   0x08006b5c   0x0000016e   Code   RO          431    .text.xTaskGenericNotify  lto-llvm-cdd820.o
    0x08006cca   0x08006cca   0x000001ae   Code   RO          433    .text.xTaskGenericNotifyFromISR  lto-llvm-cdd820.o
    0x08006e78   0x08006e78   0x00000046   Code   RO          429    .text.xTaskGetSchedulerState  lto-llvm-cdd820.o
    0x08006ebe   0x08006ebe   0x00000002   PAD
    0x08006ec0   0x08006ec0   0x000001e8   Code   RO          415    .text.xTaskIncrementTick  lto-llvm-cdd820.o
    0x080070a8   0x080070a8   0x00000110   Code   RO          423    .text.xTaskRemoveFromEventList  lto-llvm-cdd820.o
    0x080071b8   0x080071b8   0x0000020a   Code   RO          413    .text.xTaskResumeAll  lto-llvm-cdd820.o
    0x080073c2   0x080073c2   0x0000001a   Code   RO           61    x$fpl$fpinit        fz_wm.l(fpinit.o)
    0x080073dc   0x080073dc   0x00000024   Data   RO          450    .rodata..L__const.main.led_blue_thread_config  lto-llvm-cdd820.o
    0x08007400   0x08007400   0x00000024   Data   RO          449    .rodata..L__const.main.usb_rx_thread_config  lto-llvm-cdd820.o
    0x08007424   0x08007424   0x00000006   Data   RO          481    .rodata.ARM_FaultVersion  lto-llvm-cdd820.o
    0x0800742a   0x0800742a   0x00000002   PAD
    0x0800742c   0x0800742c   0x00000018   Data   RO          480    .rodata.EventRecorderInfo  lto-llvm-cdd820.o
    0x08007444   0x08007444   0x0000001f   Data   RO          448    .rodata.str1.1      lto-llvm-cdd820.o
    0x08007463   0x08007463   0x00000001   PAD
    0x08007464   0x08007464   0x00000004   Data   RO          512    .rodata.uxTopUsedPriority  lto-llvm-cdd820.o
    0x08007468   0x08007468   0x00000020   Data   RO          560    Region$$Table       anon$$obj.o


    Execution Region RW_IRAM1 (Exec base: 0x20000000, Load base: 0x080074c0, Size: 0x00005540, Max: 0x00020000, ABSOLUTE)

    Exec Addr    Load Addr    Size         Type   Attr      Idx    E Section Name        Object

    0x20000000   0x080074c0   0x0000001c   Data   RW          459    .data.FS_Desc       lto-llvm-cdd820.o
    0x2000001c   0x080074dc   0x00000004   Data   RW          487    .data.SystemCoreClock  lto-llvm-cdd820.o
    0x20000020   0x080074e0   0x00000038   Data   RW          469    .data.USBD_CDC      lto-llvm-cdd820.o
    0x20000058   0x08007518   0x00000043   Data   RW          471    .data.USBD_CDC_CfgDesc  lto-llvm-cdd820.o
    0x2000009b   0x0800755b   0x00000001   PAD
    0x2000009c   0x0800755c   0x0000000a   Data   RW          470    .data.USBD_CDC_DeviceQualifierDesc  lto-llvm-cdd820.o
    0x200000a6   0x08007566   0x00000002   PAD
    0x200000a8   0x08007568   0x00000012   Data   RW          460    .data.USBD_FS_DeviceDesc  lto-llvm-cdd820.o
    0x200000ba   0x0800757a   0x00000002   PAD
    0x200000bc   0x0800757c   0x00000014   Data   RW          464    .data.USBD_Interface_fops_FS  lto-llvm-cdd820.o
    0x200000d0   0x08007590   0x00000004   Data   RW          461    .data.USBD_LangIDDesc  lto-llvm-cdd820.o
    0x200000d4   0x08007594   0x0000001a   Data   RW          462    .data.USBD_StringSerial  lto-llvm-cdd820.o
    0x200000ee   0x080075ae   0x00000002   PAD
    0x200000f0   0x080075b0   0x00000004   Data   RW          472    .data.uwTickPrio    lto-llvm-cdd820.o
    0x200000f4   0x080075b4   0x00000004   Data   RW          486    .data.uxCriticalNesting  lto-llvm-cdd820.o
    0x200000f8   0x080075b8   0x00000008   PAD
    0x20000100        -       0x00000060   Zero   RW           88    .bss                c_w.l(libspace.o)
    0x20000160        -       0x00000001   Zero   RW          483    .bss.EvrFreeRTOSSetup.init  lto-llvm-cdd820.o
    0x20000161   0x080075b8   0x00000003   PAD
    0x20000164        -       0x00000004   Zero   RW          478    .bss.KernelState    lto-llvm-cdd820.o
    0x20000168        -       0x00000001   Zero   RW          468    .bss.USBD_SetConfig.cfgidx  lto-llvm-cdd820.o
    0x20000169   0x080075b8   0x00000003   PAD
    0x2000016c        -       0x00000200   Zero   RW          463    .bss.USBD_StrDesc   lto-llvm-cdd820.o
    0x2000036c        -       0x00000220   Zero   RW          458    .bss.USBD_static_malloc.mem  lto-llvm-cdd820.o
    0x2000058c        -       0x00000800   Zero   RW          466    .bss.UserRxBufferFS  lto-llvm-cdd820.o
    0x20000d8c        -       0x00000800   Zero   RW          467    .bss.UserTxBufferFS  lto-llvm-cdd820.o
    0x2000158c        -       0x00000190   Zero   RW          477    .bss.clib_mutex_cb  lto-llvm-cdd820.o
    0x2000171c        -       0x00000014   Zero   RW          476    .bss.clib_mutex_id  lto-llvm-cdd820.o
    0x20001730        -       0x00000004   Zero   RW          446    .bss.evt_id         lto-llvm-cdd820.o
    0x20001734        -       0x000002dc   Zero   RW          465    .bss.hUsbDeviceFS   lto-llvm-cdd820.o
    0x20001a10        -       0x000004e4   Zero   RW          457    .bss.hpcd_USB_OTG_FS  lto-llvm-cdd820.o
    0x20001ef4        -       0x00000048   Zero   RW          456    .bss.htim1          lto-llvm-cdd820.o
    0x20001f3c        -       0x00000004   Zero   RW          445    .bss.mid1           lto-llvm-cdd820.o
    0x20001f40        -       0x000004a4   Zero   RW          479    .bss.noinit         lto-llvm-cdd820.o
    0x200023e4        -       0x0000008c   Zero   RW          482    .bss.noinit.fault   lto-llvm-cdd820.o
    0x20002470        -       0x00000050   Zero   RW          529    .bss.prvCheckForValidListAndQueue.ucStaticTimerQueueStorage  lto-llvm-cdd820.o
    0x200024c0        -       0x00000050   Zero   RW          528    .bss.prvCheckForValidListAndQueue.xStaticTimerQueue  lto-llvm-cdd820.o
    0x20002510        -       0x00000004   Zero   RW          525    .bss.prvSampleTimeNow.xLastTime  lto-llvm-cdd820.o
    0x20002514        -       0x00000004   Zero   RW          495    .bss.pxCurrentTCB   lto-llvm-cdd820.o
    0x20002518        -       0x00000004   Zero   RW          523    .bss.pxCurrentTimerList  lto-llvm-cdd820.o
    0x2000251c        -       0x00000004   Zero   RW          503    .bss.pxDelayedTaskList  lto-llvm-cdd820.o
    0x20002520        -       0x00000004   Zero   RW          488    .bss.pxEnd          lto-llvm-cdd820.o
    0x20002524        -       0x00000004   Zero   RW          504    .bss.pxOverflowDelayedTaskList  lto-llvm-cdd820.o
    0x20002528        -       0x00000004   Zero   RW          524    .bss.pxOverflowTimerList  lto-llvm-cdd820.o
    0x2000252c        -       0x00000460   Zero   RW          507    .bss.pxReadyTasksLists  lto-llvm-cdd820.o
    0x2000298c        -       0x00000004   Zero   RW          451    .bss.tid1           lto-llvm-cdd820.o
    0x20002990        -       0x00000004   Zero   RW          452    .bss.tid2           lto-llvm-cdd820.o
    0x20002994        -       0x00000004   Zero   RW          453    .bss.tid3           lto-llvm-cdd820.o
    0x20002998        -       0x00000004   Zero   RW          454    .bss.tid4           lto-llvm-cdd820.o
    0x2000299c        -       0x00000004   Zero   RW          447    .bss.tid5           lto-llvm-cdd820.o
    0x200029a0        -       0x00002000   Zero   RW          491    .bss.ucHeap         lto-llvm-cdd820.o
    0x200049a0        -       0x00000001   Zero   RW          484    .bss.ucMaxSysCallPriority  lto-llvm-cdd820.o
    0x200049a1   0x080075b8   0x00000003   PAD
    0x200049a4        -       0x00000004   Zero   RW          485    .bss.ulMaxPRIGROUPValue  lto-llvm-cdd820.o
    0x200049a8        -       0x00000004   Zero   RW          473    .bss.uwTick         lto-llvm-cdd820.o
    0x200049ac        -       0x00000004   Zero   RW          500    .bss.uxCurrentNumberOfTasks  lto-llvm-cdd820.o
    0x200049b0        -       0x00000004   Zero   RW          499    .bss.uxDeletedTasksWaitingCleanUp  lto-llvm-cdd820.o
    0x200049b4        -       0x00000004   Zero   RW          501    .bss.uxSchedulerSuspended  lto-llvm-cdd820.o
    0x200049b8        -       0x00000004   Zero   RW          496    .bss.uxTaskNumber   lto-llvm-cdd820.o
    0x200049bc        -       0x00000004   Zero   RW          508    .bss.uxTopReadyPriority  lto-llvm-cdd820.o
    0x200049c0        -       0x00000200   Zero   RW          516    .bss.vApplicationGetIdleTaskMemory.uxIdleTaskStack  lto-llvm-cdd820.o
    0x20004bc0        -       0x0000005c   Zero   RW          515    .bss.vApplicationGetIdleTaskMemory.xIdleTaskTCB  lto-llvm-cdd820.o
    0x20004c1c        -       0x00000200   Zero   RW          518    .bss.vApplicationGetTimerTaskMemory.uxTimerTaskStack  lto-llvm-cdd820.o
    0x20004e1c        -       0x0000005c   Zero   RW          517    .bss.vApplicationGetTimerTaskMemory.xTimerTaskTCB  lto-llvm-cdd820.o
    0x20004e78        -       0x00000014   Zero   RW          526    .bss.xActiveTimerList1  lto-llvm-cdd820.o
    0x20004e8c        -       0x00000014   Zero   RW          527    .bss.xActiveTimerList2  lto-llvm-cdd820.o
    0x20004ea0        -       0x00000014   Zero   RW          519    .bss.xDelayedTaskList1  lto-llvm-cdd820.o
    0x20004eb4        -       0x00000014   Zero   RW          520    .bss.xDelayedTaskList2  lto-llvm-cdd820.o
    0x20004ec8        -       0x00000004   Zero   RW          489    .bss.xFreeBytesRemaining  lto-llvm-cdd820.o
    0x20004ecc        -       0x00000004   Zero   RW          511    .bss.xIdleTaskHandles.0  lto-llvm-cdd820.o
    0x20004ed0        -       0x00000004   Zero   RW          492    .bss.xMinimumEverFreeBytesRemaining  lto-llvm-cdd820.o
    0x20004ed4        -       0x00000004   Zero   RW          510    .bss.xNextTaskUnblockTime  lto-llvm-cdd820.o
    0x20004ed8        -       0x00000004   Zero   RW          514    .bss.xNumOfOverflows  lto-llvm-cdd820.o
    0x20004edc        -       0x00000004   Zero   RW          493    .bss.xNumberOfSuccessfulAllocations  lto-llvm-cdd820.o
    0x20004ee0        -       0x00000004   Zero   RW          494    .bss.xNumberOfSuccessfulFrees  lto-llvm-cdd820.o
    0x20004ee4        -       0x00000004   Zero   RW          513    .bss.xPendedTicks   lto-llvm-cdd820.o
    0x20004ee8        -       0x00000014   Zero   RW          505    .bss.xPendingReadyList  lto-llvm-cdd820.o
    0x20004efc        -       0x00000004   Zero   RW          497    .bss.xSchedulerRunning  lto-llvm-cdd820.o
    0x20004f00        -       0x00000008   Zero   RW          490    .bss.xStart         lto-llvm-cdd820.o
    0x20004f08        -       0x00000014   Zero   RW          506    .bss.xSuspendedTaskList  lto-llvm-cdd820.o
    0x20004f1c        -       0x00000014   Zero   RW          498    .bss.xTasksWaitingTermination  lto-llvm-cdd820.o
    0x20004f30        -       0x00000004   Zero   RW          502    .bss.xTickCount     lto-llvm-cdd820.o
    0x20004f34        -       0x00000004   Zero   RW          521    .bss.xTimerQueue    lto-llvm-cdd820.o
    0x20004f38        -       0x00000004   Zero   RW          522    .bss.xTimerTaskHandle  lto-llvm-cdd820.o
    0x20004f3c        -       0x00000004   Zero   RW          509    .bss.xYieldPendings  lto-llvm-cdd820.o
    0x20004f40        -       0x00000200   Zero   RW            5    HEAP                startup_stm32f407xx.o
    0x20005140        -       0x00000400   Zero   RW            4    STACK               startup_stm32f407xx.o


==============================================================================

Image component sizes


      Code (inc. data)   RO Data    RW Data    ZI Data      Debug   Object Name

     28138        414        137        241      19927     208156   lto-llvm-cdd820.o
        64         26        392          0       1536        912   startup_stm32f407xx.o

    ----------------------------------------------------------------------
     28268        440        564        248      21480     209068   Object Totals
         0          0         32          0          0          0   (incl. Generated)
        66          0          3          7         17          0   (incl. Padding)

    ----------------------------------------------------------------------

      Code (inc. data)   RO Data    RW Data    ZI Data      Debug   Library Member Name

         8          0          0          0          0         68   __main.o
         0          0          0          0          0          0   __rtentry.o
        20          0          0          0          0          0   __rtentry2.o
         6          0          0          0          0          0   __rtentry4.o
        94          8          0          0          0          0   __scatter.o
        26          0          0          0          0          0   __scatter_copy.o
        28          0          0          0          0          0   __scatter_zi.o
        16          0          0          0          0         68   aeabi_memset4.o
        18          0          0          0          0         80   exit.o
         6          0          0          0          0        152   heapauxi.o
         0          0          0          0          0          0   indicate_semi.o
         2          0          0          0          0          0   libinit.o
         6          0          0          0          0          0   libinit2.o
         2          0          0          0          0          0   libshutdown.o
         2          0          0          0          0          0   libshutdown2.o
         8          4          0          0         96         68   libspace.o
       240          0          0          0          0        100   lludivv7m.o
        68          0          0          0          0         68   rt_memclr.o
        78          0          0          0          0         80   rt_memclr_w.o
       138          0          0          0          0         68   rt_memcpy_v6.o
       100          0          0          0          0         80   rt_memcpy_w.o
         2          0          0          0          0          0   rtexit.o
        10          0          0          0          0          0   rtexit2.o
        12          4          0          0          0         68   sys_exit.o
        74          0          0          0          0         80   sys_stackheap_outer.o
         2          0          0          0          0         68   use_no_semi.o
        26          0          0          0          0        116   fpinit.o

    ----------------------------------------------------------------------
      1000         16          0          0         96       1164   Library Totals
         8          0          0          0          0          0   (incl. Padding)

    ----------------------------------------------------------------------

      Code (inc. data)   RO Data    RW Data    ZI Data      Debug   Library Name

       966         16          0          0         96       1048   c_w.l
        26          0          0          0          0        116   fz_wm.l

    ----------------------------------------------------------------------
      1000         16          0          0         96       1164   Library Totals

    ----------------------------------------------------------------------

==============================================================================


      Code (inc. data)   RO Data    RW Data    ZI Data      Debug   

     29268        456        564        248      21576     209832   Grand Totals
     29268        456        564        248      21576     209832   ELF Image Totals
     29268        456        564        248          0          0   ROM Totals

==============================================================================

    Total RO  Size (Code + RO Data)                29832 (  29.13kB)
    Total RW  Size (RW Data + ZI Data)             21824 (  21.31kB)
    Total ROM Size (Code + RO Data + RW Data)      30080 (  29.38kB)

==============================================================================

