Component: Arm Compiler for Embedded 6.23 Tool: armlink [5f102400]

==============================================================================

Section Cross References

    startup_stm32f407xx.o(STACK) refers (Special) to heapauxi.o(.text) for __use_two_region_memory
    startup_stm32f407xx.o(HEAP) refers (Special) to heapauxi.o(.text) for __use_two_region_memory
    startup_stm32f407xx.o(RESET) refers (Special) to heapauxi.o(.text) for __use_two_region_memory
    startup_stm32f407xx.o(RESET) refers to startup_stm32f407xx.o(STACK) for __initial_sp
    startup_stm32f407xx.o(RESET) refers to startup_stm32f407xx.o(.text) for Reset_Handler
    startup_stm32f407xx.o(RESET) refers to lto-llvm-2f5f25.o(.text.NMI_Handler) for NMI_Handler
    startup_stm32f407xx.o(RESET) refers to lto-llvm-2f5f25.o(.text.HardFault_Handler) for HardFault_Handler
    startup_stm32f407xx.o(RESET) refers to lto-llvm-2f5f25.o(.text.MemManage_Handler) for MemManage_Handler
    startup_stm32f407xx.o(RESET) refers to lto-llvm-2f5f25.o(.text.BusFault_Handler) for BusFault_Handler
    startup_stm32f407xx.o(RESET) refers to lto-llvm-2f5f25.o(.text.UsageFault_Handler) for UsageFault_Handler
    startup_stm32f407xx.o(RESET) refers to lto-llvm-2f5f25.o(.text.SVC_Handler) for SVC_Handler
    startup_stm32f407xx.o(RESET) refers to lto-llvm-2f5f25.o(.text.DebugMon_Handler) for DebugMon_Handler
    startup_stm32f407xx.o(RESET) refers to lto-llvm-2f5f25.o(.text.PendSV_Handler) for PendSV_Handler
    startup_stm32f407xx.o(RESET) refers to lto-llvm-2f5f25.o(.text.SysTick_Handler) for SysTick_Handler
    startup_stm32f407xx.o(RESET) refers to lto-llvm-2f5f25.o(.text.EXTI0_IRQHandler) for EXTI0_IRQHandler
    startup_stm32f407xx.o(RESET) refers to lto-llvm-2f5f25.o(.text.TIM1_UP_TIM10_IRQHandler) for TIM1_UP_TIM10_IRQHandler
    startup_stm32f407xx.o(RESET) refers to lto-llvm-2f5f25.o(.text.OTG_FS_IRQHandler) for OTG_FS_IRQHandler
    startup_stm32f407xx.o(.text) refers (Special) to heapauxi.o(.text) for __use_two_region_memory
    startup_stm32f407xx.o(.text) refers to lto-llvm-2f5f25.o(.text.SystemInit) for SystemInit
    startup_stm32f407xx.o(.text) refers to __main.o(!!!main) for __main
    startup_stm32f407xx.o(.text) refers to startup_stm32f407xx.o(HEAP) for Heap_Mem
    startup_stm32f407xx.o(.text) refers to startup_stm32f407xx.o(STACK) for Stack_Mem
    __main.o(!!!main) refers to __rtentry.o(.ARM.Collect$$rtentry$$00000000) for __rt_entry
    cxa_guard.cpp.o(.text.unlikely.__cxa_guard_acquire) refers to cxa_guard.cpp.o(.rodata.str1.1) for .L.str
    cxa_guard.cpp.o(.text.unlikely.__cxa_guard_acquire) refers to abort_message.cpp.o(.text.unlikely.abort_message) for abort_message
    cxa_guard.cpp.o(.ARM.exidx.text.unlikely.__cxa_guard_acquire) refers to cxa_guard.cpp.o(.text.unlikely.__cxa_guard_acquire) for [Anonymous Symbol]
    cxa_guard.cpp.o(.ARM.exidx.text.unlikely.__cxa_guard_release) refers to cxa_guard.cpp.o(.text.unlikely.__cxa_guard_release) for [Anonymous Symbol]
    cxa_guard.cpp.o(.ARM.exidx.text.unlikely.__cxa_guard_abort) refers to cxa_guard.cpp.o(.text.unlikely.__cxa_guard_abort) for [Anonymous Symbol]
    __rtentry.o(.ARM.Collect$$rtentry$$00000000) refers (Special) to __rtentry2.o(.ARM.Collect$$rtentry$$0000000A) for __rt_entry_li
    __rtentry.o(.ARM.Collect$$rtentry$$00000000) refers (Special) to __rtentry2.o(.ARM.Collect$$rtentry$$0000000D) for __rt_entry_main
    __rtentry.o(.ARM.Collect$$rtentry$$00000000) refers (Special) to __rtentry2.o(.ARM.Collect$$rtentry$$0000000C) for __rt_entry_postli_1
    __rtentry.o(.ARM.Collect$$rtentry$$00000000) refers (Special) to __rtentry2.o(.ARM.Collect$$rtentry$$00000008) for __rt_entry_postsh_1
    __rtentry.o(.ARM.Collect$$rtentry$$00000000) refers (Special) to __rtentry2.o(.ARM.Collect$$rtentry$$00000002) for __rt_entry_presh_1
    __rtentry.o(.ARM.Collect$$rtentry$$00000000) refers (Special) to __rtentry4.o(.ARM.Collect$$rtentry$$00000004) for __rt_entry_sh
    abort_message.cpp.o(.text.unlikely.abort_message) refers to abort.o(.text) for abort
    abort_message.cpp.o(.ARM.exidx.text.unlikely.abort_message) refers to abort_message.cpp.o(.text.unlikely.abort_message) for [Anonymous Symbol]
    __rtentry2.o(.ARM.Collect$$rtentry$$00000008) refers to lto-llvm-2f5f25.o(.text._platform_post_stackheap_init) for _platform_post_stackheap_init
    __rtentry2.o(.ARM.Collect$$rtentry$$0000000A) refers to libinit.o(.ARM.Collect$$libinit$$00000000) for __rt_lib_init
    __rtentry2.o(.ARM.Collect$$rtentry$$0000000B) refers to boardinit3.o(.text) for _platform_post_lib_init
    __rtentry2.o(.ARM.Collect$$rtentry$$0000000D) refers to lto-llvm-2f5f25.o(.text.main) for main
    __rtentry2.o(.ARM.Collect$$rtentry$$0000000D) refers to exit.o(.text) for exit
    __rtentry2.o(.ARM.exidx) refers to __rtentry2.o(.ARM.Collect$$rtentry$$00000001) for .ARM.Collect$$rtentry$$00000001
    __rtentry2.o(.ARM.exidx) refers to __rtentry2.o(.ARM.Collect$$rtentry$$00000008) for .ARM.Collect$$rtentry$$00000008
[...]
    USB_EPStopXfer                           0x08002ec5   Thumb Code   130  lto-llvm-2f5f25.o(.text.USB_EPStopXfer)
    [Anonymous Symbol]                       0x08002ec4   Section        0  lto-llvm-2f5f25.o(.text.USB_EPStopXfer)
    USB_FlushTxFifo                          0x08002f49   Thumb Code    70  lto-llvm-2f5f25.o(.text.USB_FlushTxFifo)
    [Anonymous Symbol]                       0x08002f48   Section        0  lto-llvm-2f5f25.o(.text.USB_FlushTxFifo)
    [Anonymous Symbol]                       0x08002f90   Section        0  lto-llvm-2f5f25.o(.text.UsageFault_Handler)
    Led::toggle()                            0x08002f93   Thumb Code    58  lto-llvm-2f5f25.o(.text._ZN3Led6toggleEv)
    [Anonymous Symbol]                       0x08002f92   Section        0  lto-llvm-2f5f25.o(.text._ZN3Led6toggleEv)
    LedThread::thread_entry(void*)           0x08002fcd   Thumb Code     4  lto-llvm-2f5f25.o(.text._ZN9LedThread12thread_entryEPv)
    [Anonymous Symbol]                       0x08002fcc   Section        0  lto-llvm-2f5f25.o(.text._ZN9LedThread12thread_entryEPv)
    LedThread::run()                         0x08002fd1   Thumb Code   400  lto-llvm-2f5f25.o(.text._ZN9LedThread3runEv)
    [Anonymous Symbol]                       0x08002fd0   Section        0  lto-llvm-2f5f25.o(.text._ZN9LedThread3runEv)
    LedThread::start(void*)                  0x08003161   Thumb Code    28  lto-llvm-2f5f25.o(.text._ZN9LedThread5startEPv)
    [Anonymous Symbol]                       0x08003160   Section        0  lto-llvm-2f5f25.o(.text._ZN9LedThread5startEPv)
    __tagsym$$used.0                         0x0800317c   Number         0  lto-llvm-2f5f25.o(.text._mutex_acquire)
    [Anonymous Symbol]                       0x0800317c   Section        0  lto-llvm-2f5f25.o(.text._mutex_acquire)
    __tagsym$$used.1                         0x0800319c   Number         0  lto-llvm-2f5f25.o(.text._mutex_free)
    [Anonymous Symbol]                       0x0800319c   Section        0  lto-llvm-2f5f25.o(.text._mutex_free)
    __tagsym$$used.2                         0x080031e8   Number         0  lto-llvm-2f5f25.o(.text._mutex_initialize)
    [Anonymous Symbol]                       0x080031e8   Section        0  lto-llvm-2f5f25.o(.text._mutex_initialize)
    __tagsym$$used.3                         0x08003260   Number         0  lto-llvm-2f5f25.o(.text._mutex_release)
    [Anonymous Symbol]                       0x08003260   Section        0  lto-llvm-2f5f25.o(.text._mutex_release)
    [Anonymous Symbol]                       0x08003280   Section        0  lto-llvm-2f5f25.o(.text._platform_post_stackheap_init)
    app_main                                 0x08003285   Thumb Code   592  lto-llvm-2f5f25.o(.text.app_main)
    [Anonymous Symbol]                       0x08003284   Section        0  lto-llvm-2f5f25.o(.text.app_main)
    [Anonymous Symbol]                       0x080034f0   Section        0  lto-llvm-2f5f25.o(.text.main)
    AHBPrescTable                            0x08004168   Number         0  lto-llvm-2f5f25.o(.text.main)
    osDelay                                  0x080041a5   Thumb Code   172  lto-llvm-2f5f25.o(.text.osDelay)
    [Anonymous Symbol]                       0x080041a4   Section        0  lto-llvm-2f5f25.o(.text.osDelay)
    osThreadExit                             0x08004251   Thumb Code   410  lto-llvm-2f5f25.o(.text.osThreadExit)
    [Anonymous Symbol]                       0x08004250   Section        0  lto-llvm-2f5f25.o(.text.osThreadExit)
    osThreadNew                              0x080043eb   Thumb Code   316  lto-llvm-2f5f25.o(.text.osThreadNew)
    [Anonymous Symbol]                       0x080043ea   Section        0  lto-llvm-2f5f25.o(.text.osThreadNew)
    prvAddCurrentTaskToDelayedList           0x08004529   Thumb Code   336  lto-llvm-2f5f25.o(.text.prvAddCurrentTaskToDelayedList)
    [Anonymous Symbol]                       0x08004528   Section        0  lto-llvm-2f5f25.o(.text.prvAddCurrentTaskToDelayedList)
    prvAddNewTaskToReadyList                 0x08004679   Thumb Code   488  lto-llvm-2f5f25.o(.text.prvAddNewTaskToReadyList)
    [Anonymous Symbol]                       0x08004678   Section        0  lto-llvm-2f5f25.o(.text.prvAddNewTaskToReadyList)
    prvDeleteTCB                             0x08004861   Thumb Code    40  lto-llvm-2f5f25.o(.text.prvDeleteTCB)
    [Anonymous Symbol]                       0x08004860   Section        0  lto-llvm-2f5f25.o(.text.prvDeleteTCB)
    prvIdleTask                              0x08004889   Thumb Code   192  lto-llvm-2f5f25.o(.text.prvIdleTask)
    [Anonymous Symbol]                       0x08004888   Section        0  lto-llvm-2f5f25.o(.text.prvIdleTask)
    prvInitialiseMutex                       0x08004949   Thumb Code    52  lto-llvm-2f5f25.o(.text.prvInitialiseMutex)
    [Anonymous Symbol]                       0x08004948   Section        0  lto-llvm-2f5f25.o(.text.prvInitialiseMutex)
    prvInitialiseNewTask                     0x0800497d   Thumb Code   152  lto-llvm-2f5f25.o(.text.prvInitialiseNewTask)
    [Anonymous Symbol]                       0x0800497c   Section        0  lto-llvm-2f5f25.o(.text.prvInitialiseNewTask)
    prvInsertTimerInActiveList               0x08004a15   Thumb Code   116  lto-llvm-2f5f25.o(.text.prvInsertTimerInActiveList)
    [Anonymous Symbol]                       0x08004a14   Section        0  lto-llvm-2f5f25.o(.text.prvInsertTimerInActiveList)
    prvPortStartFirstTask                    0x08004a89   Thumb Code    40  lto-llvm-2f5f25.o(.text.prvPortStartFirstTask)
    [Anonymous Symbol]                       0x08004a88   Section        0  lto-llvm-2f5f25.o(.text.prvPortStartFirstTask)
    prvProcessExpiredTimer                   0x08004ab1   Thumb Code   104  lto-llvm-2f5f25.o(.text.prvProcessExpiredTimer)
    [Anonymous Symbol]                       0x08004ab0   Section        0  lto-llvm-2f5f25.o(.text.prvProcessExpiredTimer)
    prvReloadTimer                           0x08004b19   Thumb Code    62  lto-llvm-2f5f25.o(.text.prvReloadTimer)
    [Anonymous Symbol]                       0x08004b18   Section        0  lto-llvm-2f5f25.o(.text.prvReloadTimer)
    prvSampleTimeNow                         0x08004b59   Thumb Code   118  lto-llvm-2f5f25.o(.text.prvSampleTimeNow)
    [Anonymous Symbol]                       0x08004b58   Section        0  lto-llvm-2f5f25.o(.text.prvSampleTimeNow)
    prvTaskExitError                         0x08004bd1   Thumb Code    50  lto-llvm-2f5f25.o(.text.prvTaskExitError)
    [Anonymous Symbol]                       0x08004bd0   Section        0  lto-llvm-2f5f25.o(.text.prvTaskExitError)
    prvTimerTask                             0x08004c05   Thumb Code  1282  lto-llvm-2f5f25.o(.text.prvTimerTask)
    [Anonymous Symbol]                       0x08004c04   Section        0  lto-llvm-2f5f25.o(.text.prvTimerTask)
    prvUnlockQueue                           0x08005109   Thumb Code   314  lto-llvm-2f5f25.o(.text.prvUnlockQueue)
    [Anonymous Symbol]                       0x08005108   Section        0  lto-llvm-2f5f25.o(.text.prvUnlockQueue)
    pvPortMalloc                             0x08005245   Thumb Code   422  lto-llvm-2f5f25.o(.text.pvPortMalloc)
    [Anonymous Symbol]                       0x08005244   Section        0  lto-llvm-2f5f25.o(.text.pvPortMalloc)
    [Anonymous Symbol]                       0x080053ea   Section        0  cxa_guard.cpp.o(.text.unlikely.__cxa_guard_acquire)
    [Anonymous Symbol]                       0x08005416   Section        0  cxa_guard.cpp.o(.text.unlikely.__cxa_guard_release)
    [Anonymous Symbol]                       0x0800541e   Section        0  abort_message.cpp.o(.text.unlikely.abort_message)
    vPortEnableVFP                           0x08005425   Thumb Code    20  lto-llvm-2f5f25.o(.text.vPortEnableVFP)
    [Anonymous Symbol]                       0x08005424   Section        0  lto-llvm-2f5f25.o(.text.vPortEnableVFP)
    vPortFree                                0x08005439   Thumb Code   230  lto-llvm-2f5f25.o(.text.vPortFree)
    [Anonymous Symbol]                       0x08005438   Section        0  lto-llvm-2f5f25.o(.text.vPortFree)
    vTaskInternalSetTimeOutState             0x0800551f   Thumb Code    62  lto-llvm-2f5f25.o(.text.vTaskInternalSetTimeOutState)
    [Anonymous Symbol]                       0x0800551e   Section        0  lto-llvm-2f5f25.o(.text.vTaskInternalSetTimeOutState)
    vTaskPlaceOnEventList                    0x0800555d   Thumb Code   110  lto-llvm-2f5f25.o(.text.vTaskPlaceOnEventList)
    [Anonymous Symbol]                       0x0800555c   Section        0  lto-llvm-2f5f25.o(.text.vTaskPlaceOnEventList)
    vTaskSuspendAll                          0x080055cb   Thumb Code    50  lto-llvm-2f5f25.o(.text.vTaskSuspendAll)
    [Anonymous Symbol]                       0x080055ca   Section        0  lto-llvm-2f5f25.o(.text.vTaskSuspendAll)
    __tagsym$$used.4                         0x080055fc   Number         0  lto-llvm-2f5f25.o(.text.vTaskSwitchContext)
    [Anonymous Symbol]                       0x080055fc   Section        0  lto-llvm-2f5f25.o(.text.vTaskSwitchContext)
    xQueueGenericCreate                      0x080056e7   Thumb Code    70  lto-llvm-2f5f25.o(.text.xQueueGenericCreate)
    [Anonymous Symbol]                       0x080056e6   Section        0  lto-llvm-2f5f25.o(.text.xQueueGenericCreate)
    xQueueGenericCreateStatic                0x0800572d   Thumb Code    90  lto-llvm-2f5f25.o(.text.xQueueGenericCreateStatic)
    [Anonymous Symbol]                       0x0800572c   Section        0  lto-llvm-2f5f25.o(.text.xQueueGenericCreateStatic)
    xQueueGenericReset                       0x08005787   Thumb Code   176  lto-llvm-2f5f25.o(.text.xQueueGenericReset)
    [Anonymous Symbol]                       0x08005786   Section        0  lto-llvm-2f5f25.o(.text.xQueueGenericReset)
    xQueueGenericSend                        0x08005839   Thumb Code   812  lto-llvm-2f5f25.o(.text.xQueueGenericSend)
    [Anonymous Symbol]                       0x08005838   Section        0  lto-llvm-2f5f25.o(.text.xQueueGenericSend)
    xQueueSemaphoreTake                      0x08005b65   Thumb Code  1452  lto-llvm-2f5f25.o(.text.xQueueSemaphoreTake)
    [Anonymous Symbol]                       0x08005b64   Section        0  lto-llvm-2f5f25.o(.text.xQueueSemaphoreTake)
    xTaskCheckForTimeOut                     0x08006111   Thumb Code   252  lto-llvm-2f5f25.o(.text.xTaskCheckForTimeOut)
    [Anonymous Symbol]                       0x08006110   Section        0  lto-llvm-2f5f25.o(.text.xTaskCheckForTimeOut)
    xTaskCreateStatic                        0x0800620d   Thumb Code   164  lto-llvm-2f5f25.o(.text.xTaskCreateStatic)
    [Anonymous Symbol]                       0x0800620c   Section        0  lto-llvm-2f5f25.o(.text.xTaskCreateStatic)
    xTaskGetSchedulerState                   0x080062b1   Thumb Code    70  lto-llvm-2f5f25.o(.text.xTaskGetSchedulerState)
    [Anonymous Symbol]                       0x080062b0   Section        0  lto-llvm-2f5f25.o(.text.xTaskGetSchedulerState)
    xTaskIncrementTick                       0x080062f9   Thumb Code   488  lto-llvm-2f5f25.o(.text.xTaskIncrementTick)
    [Anonymous Symbol]                       0x080062f8   Section        0  lto-llvm-2f5f25.o(.text.xTaskIncrementTick)
    xTaskRemoveFromEventList                 0x080064e1   Thumb Code   272  lto-llvm-2f5f25.o(.text.xTaskRemoveFromEventList)
    [Anonymous Symbol]                       0x080064e0   Section        0  lto-llvm-2f5f25.o(.text.xTaskRemoveFromEventList)
    xTaskResumeAll                           0x080065f1   Thumb Code   522  lto-llvm-2f5f25.o(.text.xTaskResumeAll)
    [Anonymous Symbol]                       0x080065f0   Section        0  lto-llvm-2f5f25.o(.text.xTaskResumeAll)
    $v0                                      0x080067fa   Number         0  fpinit.o(x$fpl$fpinit)
    x$fpl$fpinit                             0x080067fa   Section       26  fpinit.o(x$fpl$fpinit)
    __tagsym$$used.6                         0x08006814   Number         0  lto-llvm-2f5f25.o(.rodata.ARM_FaultVersion)
    __tagsym$$used.5                         0x0800681c   Number         0  lto-llvm-2f5f25.o(.rodata.EventRecorderInfo)
    gpio_addr                                0x08006834   Data          64  lto-llvm-2f5f25.o(.rodata.gpio_addr)
    [Anonymous Symbol]                       0x08006834   Section        0  lto-llvm-2f5f25.o(.rodata.gpio_addr)
    .L.str                                   0x08006874   Data         147  cxa_guard.cpp.o(.rodata.str1.1)
    [Anonymous Symbol]                       0x08006874   Section        0  cxa_guard.cpp.o(.rodata.str1.1)
    [Anonymous Symbol]                       0x08006907   Section        0  lto-llvm-2f5f25.o(.rodata.str1.1)
    uxTopUsedPriority                        0x08006910   Data           4  lto-llvm-2f5f25.o(.rodata.uxTopUsedPriority)
    [Anonymous Symbol]                       0x08006910   Section        0  lto-llvm-2f5f25.o(.rodata.uxTopUsedPriority)
    FS_Desc                                  0x20000000   Data          28  lto-llvm-2f5f25.o(.data.FS_Desc)
    [Anonymous Symbol]                       0x20000000   Section        0  lto-llvm-2f5f25.o(.data.FS_Desc)
    SystemCoreClock                          0x2000001c   Data           4  lto-llvm-2f5f25.o(.data.SystemCoreClock)
    [Anonymous Symbol]                       0x2000001c   Section        0  lto-llvm-2f5f25.o(.data.SystemCoreClock)
    USBD_CDC                                 0x20000020   Data          56  lto-llvm-2f5f25.o(.data.USBD_CDC)
    [Anonymous Symbol]                       0x20000020   Section        0  lto-llvm-2f5f25.o(.data.USBD_CDC)
    USBD_CDC_CfgDesc                         0x20000058   Data          67  lto-llvm-2f5f25.o(.data.USBD_CDC_CfgDesc)
    [Anonymous Symbol]                       0x20000058   Section        0  lto-llvm-2f5f25.o(.data.USBD_CDC_CfgDesc)
    USBD_CDC_DeviceQualifierDesc             0x2000009c   Data          10  lto-llvm-2f5f25.o(.data.USBD_CDC_DeviceQualifierDesc)
    [Anonymous Symbol]                       0x2000009c   Section        0  lto-llvm-2f5f25.o(.data.USBD_CDC_DeviceQualifierDesc)
    USBD_FS_DeviceDesc                       0x200000a8   Data          18  lto-llvm-2f5f25.o(.data.USBD_FS_DeviceDesc)
    [Anonymous Symbol]                       0x200000a8   Section        0  lto-llvm-2f5f25.o(.data.USBD_FS_DeviceDesc)
    USBD_Interface_fops_FS                   0x200000bc   Data          20  lto-llvm-2f5f25.o(.data.USBD_Interface_fops_FS)
    [Anonymous Symbol]                       0x200000bc   Section        0  lto-llvm-2f5f25.o(.data.USBD_Interface_fops_FS)
    USBD_LangIDDesc                          0x200000d0   Data           4  lto-llvm-2f5f25.o(.data.USBD_LangIDDesc)
    [Anonymous Symbol]                       0x200000d0   Section        0  lto-llvm-2f5f25.o(.data.USBD_LangIDDesc)
    USBD_StringSerial                        0x200000d4   Data          26  lto-llvm-2f5f25.o(.data.USBD_StringSerial)
    [Anonymous Symbol]                       0x200000d4   Section        0  lto-llvm-2f5f25.o(.data.USBD_StringSerial)
    uwTickPrio                               0x200000f0   Data           4  lto-llvm-2f5f25.o(.data.uwTickPrio)
    [Anonymous Symbol]                       0x200000f0   Section        0  lto-llvm-2f5f25.o(.data.uwTickPrio)
    uxCriticalNesting                        0x200000f4   Data           4  lto-llvm-2f5f25.o(.data.uxCriticalNesting)
    [Anonymous Symbol]                       0x200000f4   Section        0  lto-llvm-2f5f25.o(.data.uxCriticalNesting)
    .bss                                     0x20000100   Section       96  libspace.o(.bss)
    EvrFreeRTOSSetup.init                    0x20000160   Data           1  lto-llvm-2f5f25.o(.bss.EvrFreeRTOSSetup.init)
    [Anonymous Symbol]                       0x20000160   Section        0  lto-llvm-2f5f25.o(.bss.EvrFreeRTOSSetup.init)
    KernelState                              0x20000164   Data           4  lto-llvm-2f5f25.o(.bss.KernelState)
    [Anonymous Symbol]                       0x20000164   Section        0  lto-llvm-2f5f25.o(.bss.KernelState)
    USBD_SetConfig.cfgidx                    0x20000168   Data           1  lto-llvm-2f5f25.o(.bss.USBD_SetConfig.cfgidx)
    [Anonymous Symbol]                       0x20000168   Section        0  lto-llvm-2f5f25.o(.bss.USBD_SetConfig.cfgidx)
    USBD_StrDesc                             0x2000016c   Data         512  lto-llvm-2f5f25.o(.bss.USBD_StrDesc)
    [Anonymous Symbol]                       0x2000016c   Section        0  lto-llvm-2f5f25.o(.bss.USBD_StrDesc)
    USBD_static_malloc.mem                   0x2000036c   Data         544  lto-llvm-2f5f25.o(.bss.USBD_static_malloc.mem)
    [Anonymous Symbol]                       0x2000036c   Section        0  lto-llvm-2f5f25.o(.bss.USBD_static_malloc.mem)
    UserRxBufferFS                           0x2000058c   Data        2048  lto-llvm-2f5f25.o(.bss.UserRxBufferFS)
    [Anonymous Symbol]                       0x2000058c   Section        0  lto-llvm-2f5f25.o(.bss.UserRxBufferFS)
    UserTxBufferFS                           0x20000d8c   Data        2048  lto-llvm-2f5f25.o(.bss.UserTxBufferFS)
    [Anonymous Symbol]                       0x20000d8c   Section        0  lto-llvm-2f5f25.o(.bss.UserTxBufferFS)
    guard variable for app_main::red         0x2000158c   Data           4  lto-llvm-2f5f25.o(.bss._ZGVZ8app_mainE3red)
    guard variable for app_main::blue        0x20001590   Data           4  lto-llvm-2f5f25.o(.bss._ZGVZ8app_mainE4blue)
    guard variable for app_main::green       0x20001594   Data           4  lto-llvm-2f5f25.o(.bss._ZGVZ8app_mainE5green)
    guard variable for app_main::orange      0x20001598   Data           4  lto-llvm-2f5f25.o(.bss._ZGVZ8app_mainE6orange)
    app_main::red                            0x200015c0   Data         896  lto-llvm-2f5f25.o(.bss._ZZ8app_mainE3red)
    [Anonymous Symbol]                       0x200015c0   Section        0  lto-llvm-2f5f25.o(.bss._ZZ8app_mainE3red)
    app_main::blue                           0x20001940   Data         896  lto-llvm-2f5f25.o(.bss._ZZ8app_mainE4blue)
    [Anonymous Symbol]                       0x20001940   Section        0  lto-llvm-2f5f25.o(.bss._ZZ8app_mainE4blue)
    app_main::green                          0x20001cc0   Data         896  lto-llvm-2f5f25.o(.bss._ZZ8app_mainE5green)
    [Anonymous Symbol]                       0x20001cc0   Section        0  lto-llvm-2f5f25.o(.bss._ZZ8app_mainE5green)
    app_main::orange                         0x20002040   Data         896  lto-llvm-2f5f25.o(.bss._ZZ8app_mainE6orange)
    [Anonymous Symbol]                       0x20002040   Section        0  lto-llvm-2f5f25.o(.bss._ZZ8app_mainE6orange)
    clib_mutex_cb                            0x200023c0   Data         400  lto-llvm-2f5f25.o(.bss.clib_mutex_cb)
    [Anonymous Symbol]                       0x200023c0   Section        0  lto-llvm-2f5f25.o(.bss.clib_mutex_cb)
    clib_mutex_id                            0x20002550   Data          20  lto-llvm-2f5f25.o(.bss.clib_mutex_id)
    [Anonymous Symbol]                       0x20002550   Section        0  lto-llvm-2f5f25.o(.bss.clib_mutex_id)
    hUsbDeviceFS                             0x20002564   Data         732  lto-llvm-2f5f25.o(.bss.hUsbDeviceFS)
    [Anonymous Symbol]                       0x20002564   Section        0  lto-llvm-2f5f25.o(.bss.hUsbDeviceFS)
    hpcd_USB_OTG_FS                          0x20002840   Data        1252  lto-llvm-2f5f25.o(.bss.hpcd_USB_OTG_FS)
    [Anonymous Symbol]                       0x20002840   Section        0  lto-llvm-2f5f25.o(.bss.hpcd_USB_OTG_FS)
    htim1                                    0x20002d24   Data          72  lto-llvm-2f5f25.o(.bss.htim1)
    [Anonymous Symbol]                       0x20002d24   Section        0  lto-llvm-2f5f25.o(.bss.htim1)
    EventBuffer                              0x20002d80   Data        1024  lto-llvm-2f5f25.o(.bss.noinit)
    [Anonymous Symbol]                       0x20002d80   Section        0  lto-llvm-2f5f25.o(.bss.noinit)
    EventFilter                              0x20003180   Data         128  lto-llvm-2f5f25.o(.bss.noinit)
    EventStatus                              0x20003200   Data          36  lto-llvm-2f5f25.o(.bss.noinit)
    __tagsym$$used.7                         0x20003224   Number         0  lto-llvm-2f5f25.o(.bss.noinit.fault)
    prvCheckForValidListAndQueue.ucStaticTimerQueueStorage 0x200032b0   Data          80  lto-llvm-2f5f25.o(.bss.prvCheckForValidListAndQueue.ucStaticTimerQueueStorage)
    [Anonymous Symbol]                       0x200032b0   Section        0  lto-llvm-2f5f25.o(.bss.prvCheckForValidListAndQueue.ucStaticTimerQueueStorage)
    prvCheckForValidListAndQueue.xStaticTimerQueue 0x20003300   Data          80  lto-llvm-2f5f25.o(.bss.prvCheckForValidListAndQueue.xStaticTimerQueue)
    [Anonymous Symbol]                       0x20003300   Section        0  lto-llvm-2f5f25.o(.bss.prvCheckForValidListAndQueue.xStaticTimerQueue)
    prvSampleTimeNow.xLastTime               0x20003350   Data           4  lto-llvm-2f5f25.o(.bss.prvSampleTimeNow.xLastTime)
    [Anonymous Symbol]                       0x20003350   Section        0  lto-llvm-2f5f25.o(.bss.prvSampleTimeNow.xLastTime)
    __tagsym$$used.8                         0x20003354   Number         0  lto-llvm-2f5f25.o(.bss.pxCurrentTCB)
    pxCurrentTimerList                       0x20003358   Data           4  lto-llvm-2f5f25.o(.bss.pxCurrentTimerList)
    [Anonymous Symbol]                       0x20003358   Section        0  lto-llvm-2f5f25.o(.bss.pxCurrentTimerList)
    pxDelayedTaskList                        0x2000335c   Data           4  lto-llvm-2f5f25.o(.bss.pxDelayedTaskList)
    [Anonymous Symbol]                       0x2000335c   Section        0  lto-llvm-2f5f25.o(.bss.pxDelayedTaskList)
    pxEnd                                    0x20003360   Data           4  lto-llvm-2f5f25.o(.bss.pxEnd)
    [Anonymous Symbol]                       0x20003360   Section        0  lto-llvm-2f5f25.o(.bss.pxEnd)
    pxOverflowDelayedTaskList                0x20003364   Data           4  lto-llvm-2f5f25.o(.bss.pxOverflowDelayedTaskList)
    [Anonymous Symbol]                       0x20003364   Section        0  lto-llvm-2f5f25.o(.bss.pxOverflowDelayedTaskList)
    pxOverflowTimerList                      0x20003368   Data           4  lto-llvm-2f5f25.o(.bss.pxOverflowTimerList)
    [Anonymous Symbol]                       0x20003368   Section        0  lto-llvm-2f5f25.o(.bss.pxOverflowTimerList)
    pxReadyTasksLists                        0x2000336c   Data        1120  lto-llvm-2f5f25.o(.bss.pxReadyTasksLists)
    [Anonymous Symbol]                       0x2000336c   Section        0  lto-llvm-2f5f25.o(.bss.pxReadyTasksLists)
    tid_app                                  0x200037cc   Data           4  lto-llvm-2f5f25.o(.bss.tid_app)
    [Anonymous Symbol]                       0x200037cc   Section        0  lto-llvm-2f5f25.o(.bss.tid_app)
    ucHeap                                   0x200037d0   Data        8192  lto-llvm-2f5f25.o(.bss.ucHeap)
    [Anonymous Symbol]                       0x200037d0   Section        0  lto-llvm-2f5f25.o(.bss.ucHeap)
    ucMaxSysCallPriority                     0x200057d0   Data           1  lto-llvm-2f5f25.o(.bss.ucMaxSysCallPriority)
    [Anonymous Symbol]                       0x200057d0   Section        0  lto-llvm-2f5f25.o(.bss.ucMaxSysCallPriority)
    ulMaxPRIGROUPValue                       0x200057d4   Data           4  lto-llvm-2f5f25.o(.bss.ulMaxPRIGROUPValue)
    [Anonymous Symbol]                       0x200057d4   Section        0  lto-llvm-2f5f25.o(.bss.ulMaxPRIGROUPValue)
    uwTick                                   0x200057d8   Data           4  lto-llvm-2f5f25.o(.bss.uwTick)
    [Anonymous Symbol]                       0x200057d8   Section        0  lto-llvm-2f5f25.o(.bss.uwTick)
    uxCurrentNumberOfTasks                   0x200057dc   Data           4  lto-llvm-2f5f25.o(.bss.uxCurrentNumberOfTasks)
    [Anonymous Symbol]                       0x200057dc   Section        0  lto-llvm-2f5f25.o(.bss.uxCurrentNumberOfTasks)
    uxDeletedTasksWaitingCleanUp             0x200057e0   Data           4  lto-llvm-2f5f25.o(.bss.uxDeletedTasksWaitingCleanUp)
    [Anonymous Symbol]                       0x200057e0   Section        0  lto-llvm-2f5f25.o(.bss.uxDeletedTasksWaitingCleanUp)
    uxSchedulerSuspended                     0x200057e4   Data           4  lto-llvm-2f5f25.o(.bss.uxSchedulerSuspended)
    [Anonymous Symbol]                       0x200057e4   Section        0  lto-llvm-2f5f25.o(.bss.uxSchedulerSuspended)
    uxTaskNumber                             0x200057e8   Data           4  lto-llvm-2f5f25.o(.bss.uxTaskNumber)
    [Anonymous Symbol]                       0x200057e8   Section        0  lto-llvm-2f5f25.o(.bss.uxTaskNumber)
    uxTopReadyPriority                       0x200057ec   Data           4  lto-llvm-2f5f25.o(.bss.uxTopReadyPriority)
    [Anonymous Symbol]                       0x200057ec   Section        0  lto-llvm-2f5f25.o(.bss.uxTopReadyPriority)
    vApplicationGetIdleTaskMemory.uxIdleTaskStack 0x200057f0   Data         512  lto-llvm-2f5f25.o(.bss.vApplicationGetIdleTaskMemory.uxIdleTaskStack)
    [Anonymous Symbol]                       0x200057f0   Section        0  lto-llvm-2f5f25.o(.bss.vApplicationGetIdleTaskMemory.uxIdleTaskStack)
    vApplicationGetIdleTaskMemory.xIdleTaskTCB 0x200059f0   Data          92  lto-llvm-2f5f25.o(.bss.vApplicationGetIdleTaskMemory.xIdleTaskTCB)
    [Anonymous Symbol]                       0x200059f0   Section        0  lto-llvm-2f5f25.o(.bss.vApplicationGetIdleTaskMemory.xIdleTaskTCB)
    vApplicationGetTimerTaskMemory.uxTimerTaskStack 0x20005a4c   Data         512  lto-llvm-2f5f25.o(.bss.vApplicationGetTimerTaskMemory.uxTimerTaskStack)
    [Anonymous Symbol]                       0x20005a4c   Section        0  lto-llvm-2f5f25.o(.bss.vApplicationGetTimerTaskMemory.uxTimerTaskStack)
    vApplicationGetTimerTaskMemory.xTimerTaskTCB 0x20005c4c   Data          92  lto-llvm-2f5f25.o(.bss.vApplicationGetTimerTaskMemory.xTimerTaskTCB)
    [Anonymous Symbol]                       0x20005c4c   Section        0  lto-llvm-2f5f25.o(.bss.vApplicationGetTimerTaskMemory.xTimerTaskTCB)
    xActiveTimerList1                        0x20005ca8   Data          20  lto-llvm-2f5f25.o(.bss.xActiveTimerList1)
    [Anonymous Symbol]                       0x20005ca8   Section        0  lto-llvm-2f5f25.o(.bss.xActiveTimerList1)
    xActiveTimerList2                        0x20005cbc   Data          20  lto-llvm-2f5f25.o(.bss.xActiveTimerList2)
    [Anonymous Symbol]                       0x20005cbc   Section        0  lto-llvm-2f5f25.o(.bss.xActiveTimerList2)
    xDelayedTaskList1                        0x20005cd0   Data          20  lto-llvm-2f5f25.o(.bss.xDelayedTaskList1)
    [Anonymous Symbol]                       0x20005cd0   Section        0  lto-llvm-2f5f25.o(.bss.xDelayedTaskList1)
    xDelayedTaskList2                        0x20005ce4   Data          20  lto-llvm-2f5f25.o(.bss.xDelayedTaskList2)
    [Anonymous Symbol]                       0x20005ce4   Section        0  lto-llvm-2f5f25.o(.bss.xDelayedTaskList2)
    xFreeBytesRemaining                      0x20005cf8   Data           4  lto-llvm-2f5f25.o(.bss.xFreeBytesRemaining)
    [Anonymous Symbol]                       0x20005cf8   Section        0  lto-llvm-2f5f25.o(.bss.xFreeBytesRemaining)
    xIdleTaskHandles.0                       0x20005cfc   Data           4  lto-llvm-2f5f25.o(.bss.xIdleTaskHandles.0)
    [Anonymous Symbol]                       0x20005cfc   Section        0  lto-llvm-2f5f25.o(.bss.xIdleTaskHandles.0)
    xMinimumEverFreeBytesRemaining           0x20005d00   Data           4  lto-llvm-2f5f25.o(.bss.xMinimumEverFreeBytesRemaining)
    [Anonymous Symbol]                       0x20005d00   Section        0  lto-llvm-2f5f25.o(.bss.xMinimumEverFreeBytesRemaining)
    xNextTaskUnblockTime                     0x20005d04   Data           4  lto-llvm-2f5f25.o(.bss.xNextTaskUnblockTime)
    [Anonymous Symbol]                       0x20005d04   Section        0  lto-llvm-2f5f25.o(.bss.xNextTaskUnblockTime)
    xNumOfOverflows                          0x20005d08   Data           4  lto-llvm-2f5f25.o(.bss.xNumOfOverflows)
    [Anonymous Symbol]                       0x20005d08   Section        0  lto-llvm-2f5f25.o(.bss.xNumOfOverflows)
    xNumberOfSuccessfulAllocations           0x20005d0c   Data           4  lto-llvm-2f5f25.o(.bss.xNumberOfSuccessfulAllocations)
    [Anonymous Symbol]                       0x20005d0c   Section        0  lto-llvm-2f5f25.o(.bss.xNumberOfSuccessfulAllocations)
    xNumberOfSuccessfulFrees                 0x20005d10   Data           4  lto-llvm-2f5f25.o(.bss.xNumberOfSuccessfulFrees)
    [Anonymous Symbol]                       0x20005d10   Section        0  lto-llvm-2f5f25.o(.bss.xNumberOfSuccessfulFrees)
    xPendedTicks                             0x20005d14   Data           4  lto-llvm-2f5f25.o(.bss.xPendedTicks)
    [Anonymous Symbol]                       0x20005d14   Section        0  lto-llvm-2f5f25.o(.bss.xPendedTicks)
    xPendingReadyList                        0x20005d18   Data          20  lto-llvm-2f5f25.o(.bss.xPendingReadyList)
    [Anonymous Symbol]                       0x20005d18   Section        0  lto-llvm-2f5f25.o(.bss.xPendingReadyList)
    xSchedulerRunning                        0x20005d2c   Data           4  lto-llvm-2f5f25.o(.bss.xSchedulerRunning)
    [Anonymous Symbol]                       0x20005d2c   Section        0  lto-llvm-2f5f25.o(.bss.xSchedulerRunning)
    xStart                                   0x20005d30   Data           8  lto-llvm-2f5f25.o(.bss.xStart)
    [Anonymous Symbol]                       0x20005d30   Section        0  lto-llvm-2f5f25.o(.bss.xStart)
    xSuspendedTaskList                       0x20005d38   Data          20  lto-llvm-2f5f25.o(.bss.xSuspendedTaskList)
    [Anonymous Symbol]                       0x20005d38   Section        0  lto-llvm-2f5f25.o(.bss.xSuspendedTaskList)
    xTasksWaitingTermination                 0x20005d4c   Data          20  lto-llvm-2f5f25.o(.bss.xTasksWaitingTermination)
    [Anonymous Symbol]                       0x20005d4c   Section        0  lto-llvm-2f5f25.o(.bss.xTasksWaitingTermination)
    xTickCount                               0x20005d60   Data           4  lto-llvm-2f5f25.o(.bss.xTickCount)
    [Anonymous Symbol]                       0x20005d60   Section        0  lto-llvm-2f5f25.o(.bss.xTickCount)
    xTimerQueue                              0x20005d64   Data           4  lto-llvm-2f5f25.o(.bss.xTimerQueue)
    [Anonymous Symbol]                       0x20005d64   Section        0  lto-llvm-2f5f25.o(.bss.xTimerQueue)
    xTimerTaskHandle                         0x20005d68   Data           4  lto-llvm-2f5f25.o(.bss.xTimerTaskHandle)
    [Anonymous Symbol]                       0x20005d68   Section        0  lto-llvm-2f5f25.o(.bss.xTimerTaskHandle)
    xYieldPendings                           0x20005d6c   Data           4  lto-llvm-2f5f25.o(.bss.xYieldPendings)
    [Anonymous Symbol]                       0x20005d6c   Section        0  lto-llvm-2f5f25.o(.bss.xYieldPendings)
    Heap_Mem                                 0x20005d70   Data         512  startup_stm32f407xx.o(HEAP)
    HEAP                                     0x20005d70   Section      512  startup_stm32f407xx.o(HEAP)
    Stack_Mem                                0x20005f70   Data        1024  startup_stm32f407xx.o(STACK)
    STACK                                    0x20005f70   Section     1024  startup_stm32f407xx.o(STACK)
    __initial_sp                             0x20006370   Data           0  startup_stm32f407xx.o(STACK)

    Global Symbols

    Symbol Name                              Value     Ov Type        Size  Object(Section)

    BuildAttributes$$THM_ISAv4$E$P$D$K$B$S$7EM$VFPi3$EXTD16$VFPS$VFMA$PE$A:L22UL41UL21$X:L11$S22US41US21$IEEE1$IW$~IW$USESV6$~STKCKD$USESV7$~SHL$OSPACE$ROPI$IEEEF$EBA8$UX$STANDARDLIB$REQ8$PRES8$EABIv2 0x00000000   Number         0  anon$$obj.o ABSOLUTE
    __ARM_exceptions_init                     - Undefined Weak Reference
    __alloca_initialize                       - Undefined Weak Reference
    __arm_preinit_                            - Undefined Weak Reference
    __arm_relocate_pie_                       - Undefined Weak Reference
    __cpp_initialize__aeabi_                  - Undefined Weak Reference
    __cxa_finalize                            - Undefined Weak Reference
    __rt_locale                               - Undefined Weak Reference
    __sigvec_lookup                           - Undefined Weak Reference
    _atexit_init                              - Undefined Weak Reference
    _call_atexit_fns                          - Undefined Weak Reference
    _clock_init                               - Undefined Weak Reference
    _fp_trap_init                             - Undefined Weak Reference
    _fp_trap_shutdown                         - Undefined Weak Reference
    _get_lc_collate                           - Undefined Weak Reference
    _get_lc_ctype                             - Undefined Weak Reference
    _get_lc_monetary                          - Undefined Weak Reference
    _get_lc_numeric                           - Undefined Weak Reference
    _get_lc_time                              - Undefined Weak Reference
    _getenv_init                              - Undefined Weak Reference
    _handle_redirection                       - Undefined Weak Reference
    _init_alloc                               - Undefined Weak Reference
    _init_user_alloc                          - Undefined Weak Reference
    _initio                                   - Undefined Weak Reference
    _rand_init                                - Undefined Weak Reference
    _signal_finish                            - Undefined Weak Reference
    _signal_init                              - Undefined Weak Reference
    _terminate_alloc                          - Undefined Weak Reference
    _terminate_user_alloc                     - Undefined Weak Reference
    _terminateio                              - Undefined Weak Reference
    __Vectors_Size                           0x00000188   Number         0  startup_stm32f407xx.o ABSOLUTE
    __Vectors                                0x08000000   Data           4  startup_stm32f407xx.o(RESET)
    __Vectors_End                            0x08000188   Data           0  startup_stm32f407xx.o(RESET)
    __main                                   0x08000189   Thumb Code     8  __main.o(!!!main)
    __scatterload                            0x08000191   Thumb Code     0  __scatter.o(!!!scatter)
    __scatterload_rt2                        0x08000191   Thumb Code    84  __scatter.o(!!!scatter)
    __scatterload_rt2_thumb_only             0x08000191   Thumb Code     0  __scatter.o(!!!scatter)
    __scatterload_loop                       0x0800019b   Thumb Code     0  __scatter.o(!!!scatter)
    __scatterload_copy                       0x080001ed   Thumb Code    26  __scatter_copy.o(!!handler_copy)
    __scatterload_null                       0x08000209   Thumb Code     2  __scatter.o(!!handler_null)
    __scatterload_zeroinit                   0x0800020d   Thumb Code    28  __scatter_zi.o(!!handler_zi)
    __rt_lib_init                            0x08000229   Thumb Code     0  libinit.o(.ARM.Collect$$libinit$$00000000)
    __rt_lib_init_fp_1                       0x0800022b   Thumb Code     0  libinit2.o(.ARM.Collect$$libinit$$00000001)
    __rt_lib_init_alloca_1                   0x0800022f   Thumb Code     0  libinit2.o(.ARM.Collect$$libinit$$00000030)
    __rt_lib_init_argv_1                     0x0800022f   Thumb Code     0  libinit2.o(.ARM.Collect$$libinit$$0000002E)
    __rt_lib_init_atexit_1                   0x0800022f   Thumb Code     0  libinit2.o(.ARM.Collect$$libinit$$0000001D)
    __rt_lib_init_clock_1                    0x0800022f   Thumb Code     0  libinit2.o(.ARM.Collect$$libinit$$00000023)
    __rt_lib_init_cpp_1                      0x0800022f   Thumb Code     0  libinit2.o(.ARM.Collect$$libinit$$00000034)
    __rt_lib_init_exceptions_1               0x0800022f   Thumb Code     0  libinit2.o(.ARM.Collect$$libinit$$00000032)
    __rt_lib_init_fp_trap_1                  0x0800022f   Thumb Code     0  libinit2.o(.ARM.Collect$$libinit$$00000021)
    __rt_lib_init_getenv_1                   0x0800022f   Thumb Code     0  libinit2.o(.ARM.Collect$$libinit$$00000025)
    __rt_lib_init_heap_1                     0x0800022f   Thumb Code     0  libinit2.o(.ARM.Collect$$libinit$$0000000C)
    __rt_lib_init_lc_collate_1               0x0800022f   Thumb Code     0  libinit2.o(.ARM.Collect$$libinit$$00000013)
    __rt_lib_init_lc_ctype_1                 0x0800022f   Thumb Code     0  libinit2.o(.ARM.Collect$$libinit$$00000015)
    __rt_lib_init_lc_monetary_1              0x0800022f   Thumb Code     0  libinit2.o(.ARM.Collect$$libinit$$00000017)
    __rt_lib_init_lc_numeric_1               0x0800022f   Thumb Code     0  libinit2.o(.ARM.Collect$$libinit$$00000019)
    __rt_lib_init_lc_time_1                  0x0800022f   Thumb Code     0  libinit2.o(.ARM.Collect$$libinit$$0000001B)
    __rt_lib_init_preinit_1                  0x0800022f   Thumb Code     0  libinit2.o(.ARM.Collect$$libinit$$00000006)
    __rt_lib_init_rand_1                     0x0800022f   Thumb Code     0  libinit2.o(.ARM.Collect$$libinit$$00000010)
    __rt_lib_init_relocate_pie_1             0x0800022f   Thumb Code     0  libinit2.o(.ARM.Collect$$libinit$$00000004)
    __rt_lib_init_return                     0x0800022f   Thumb Code     0  libinit2.o(.ARM.Collect$$libinit$$00000035)
    __rt_lib_init_signal_1                   0x0800022f   Thumb Code     0  libinit2.o(.ARM.Collect$$libinit$$0000001F)
    __rt_lib_init_stdio_1                    0x0800022f   Thumb Code     0  libinit2.o(.ARM.Collect$$libinit$$00000027)
    __rt_lib_init_user_alloc_1               0x0800022f   Thumb Code     0  libinit2.o(.ARM.Collect$$libinit$$0000000E)
    __rt_lib_shutdown                        0x08000231   Thumb Code     0  libshutdown.o(.ARM.Collect$$libshutdown$$00000000)
    __rt_lib_shutdown_cpp_1                  0x08000233   Thumb Code     0  libshutdown2.o(.ARM.Collect$$libshutdown$$00000002)
    __rt_lib_shutdown_fp_trap_1              0x08000233   Thumb Code     0  libshutdown2.o(.ARM.Collect$$libshutdown$$00000007)
    __rt_lib_shutdown_heap_1                 0x08000233   Thumb Code     0  libshutdown2.o(.ARM.Collect$$libshutdown$$0000000F)
    __rt_lib_shutdown_return                 0x08000233   Thumb Code     0  libshutdown2.o(.ARM.Collect$$libshutdown$$00000010)
    __rt_lib_shutdown_signal_1               0x08000233   Thumb Code     0  libshutdown2.o(.ARM.Collect$$libshutdown$$0000000A)
    __rt_lib_shutdown_stdio_1                0x08000233   Thumb Code     0  libshutdown2.o(.ARM.Collect$$libshutdown$$00000004)
    __rt_lib_shutdown_user_alloc_1           0x08000233   Thumb Code     0  libshutdown2.o(.ARM.Collect$$libshutdown$$0000000C)
    __rt_entry                               0x08000235   Thumb Code     0  __rtentry.o(.ARM.Collect$$rtentry$$00000000)
    __rt_entry_presh_1                       0x08000235   Thumb Code     0  __rtentry2.o(.ARM.Collect$$rtentry$$00000002)
    __rt_entry_sh                            0x08000235   Thumb Code     0  __rtentry4.o(.ARM.Collect$$rtentry$$00000004)
    __rt_entry_postsh_1                      0x0800023b   Thumb Code     0  __rtentry2.o(.ARM.Collect$$rtentry$$00000008)
    __rt_entry_li                            0x08000243   Thumb Code     0  __rtentry2.o(.ARM.Collect$$rtentry$$0000000A)
    __rt_entry_main                          0x08000247   Thumb Code     0  __rtentry2.o(.ARM.Collect$$rtentry$$0000000D)
    __rt_entry_postli_1                      0x08000247   Thumb Code     0  __rtentry2.o(.ARM.Collect$$rtentry$$0000000C)
    __rt_exit                                0x0800024f   Thumb Code     0  rtexit.o(.ARM.Collect$$rtexit$$00000000)
    __rt_exit_ls                             0x08000251   Thumb Code     0  rtexit2.o(.ARM.Collect$$rtexit$$00000003)
    __rt_exit_prels_1                        0x08000251   Thumb Code     0  rtexit2.o(.ARM.Collect$$rtexit$$00000002)
    __rt_exit_exit                           0x08000255   Thumb Code     0  rtexit2.o(.ARM.Collect$$rtexit$$00000004)
    Reset_Handler                            0x0800025d   Thumb Code     8  startup_stm32f407xx.o(.text)
    ADC_IRQHandler                           0x08000277   Thumb Code     0  startup_stm32f407xx.o(.text)
    CAN1_RX0_IRQHandler                      0x08000277   Thumb Code     0  startup_stm32f407xx.o(.text)
    CAN1_RX1_IRQHandler                      0x08000277   Thumb Code     0  startup_stm32f407xx.o(.text)
    CAN1_SCE_IRQHandler                      0x08000277   Thumb Code     0  startup_stm32f407xx.o(.text)
    CAN1_TX_IRQHandler                       0x08000277   Thumb Code     0  startup_stm32f407xx.o(.text)
    CAN2_RX0_IRQHandler                      0x08000277   Thumb Code     0  startup_stm32f407xx.o(.text)
    CAN2_RX1_IRQHandler                      0x08000277   Thumb Code     0  startup_stm32f407xx.o(.text)
    CAN2_SCE_IRQHandler                      0x08000277   Thumb Code     0  startup_stm32f407xx.o(.text)
    CAN2_TX_IRQHandler                       0x08000277   Thumb Code     0  startup_stm32f407xx.o(.text)
    DCMI_IRQHandler                          0x08000277   Thumb Code     0  startup_stm32f407xx.o(.text)
    DMA1_Stream0_IRQHandler                  0x08000277   Thumb Code     0  startup_stm32f407xx.o(.text)
    DMA1_Stream1_IRQHandler                  0x08000277   Thumb Code     0  startup_stm32f407xx.o(.text)
    DMA1_Stream2_IRQHandler                  0x08000277   Thumb Code     0  startup_stm32f407xx.o(.text)
    DMA1_Stream3_IRQHandler                  0x08000277   Thumb Code     0  startup_stm32f407xx.o(.text)
    DMA1_Stream4_IRQHandler                  0x08000277   Thumb Code     0  startup_stm32f407xx.o(.text)
    DMA1_Stream5_IRQHandler                  0x08000277   Thumb Code     0  startup_stm32f407xx.o(.text)
    DMA1_Stream6_IRQHandler                  0x08000277   Thumb Code     0  startup_stm32f407xx.o(.text)
    DMA1_Stream7_IRQHandler                  0x08000277   Thumb Code     0  startup_stm32f407xx.o(.text)
    DMA2_Stream0_IRQHandler                  0x08000277   Thumb Code     0  startup_stm32f407xx.o(.text)
    DMA2_Stream1_IRQHandler                  0x08000277   Thumb Code     0  startup_stm32f407xx.o(.text)
    DMA2_Stream2_IRQHandler                  0x08000277   Thumb Code     0  startup_stm32f407xx.o(.text)
    DMA2_Stream3_IRQHandler                  0x08000277   Thumb Code     0  startup_stm32f407xx.o(.text)
    DMA2_Stream4_IRQHandler                  0x08000277   Thumb Code     0  startup_stm32f407xx.o(.text)
    DMA2_Stream5_IRQHandler                  0x08000277   Thumb Code     0  startup_stm32f407xx.o(.text)
    DMA2_Stream6_IRQHandler                  0x08000277   Thumb Code     0  startup_stm32f407xx.o(.text)
    DMA2_Stream7_IRQHandler                  0x08000277   Thumb Code     0  startup_stm32f407xx.o(.text)
    ETH_IRQHandler                           0x08000277   Thumb Code     0  startup_stm32f407xx.o(.text)
    ETH_WKUP_IRQHandler                      0x08000277   Thumb Code     0  startup_stm32f407xx.o(.text)
    EXTI15_10_IRQHandler                     0x08000277   Thumb Code     0  startup_stm32f407xx.o(.text)
    EXTI1_IRQHandler                         0x08000277   Thumb Code     0  startup_stm32f407xx.o(.text)
    EXTI2_IRQHandler                         0x08000277   Thumb Code     0  startup_stm32f407xx.o(.text)
    EXTI3_IRQHandler                         0x08000277   Thumb Code     0  startup_stm32f407xx.o(.text)
    EXTI4_IRQHandler                         0x08000277   Thumb Code     0  startup_stm32f407xx.o(.text)
    EXTI9_5_IRQHandler                       0x08000277   Thumb Code     0  startup_stm32f407xx.o(.text)
    FLASH_IRQHandler                         0x08000277   Thumb Code     0  startup_stm32f407xx.o(.text)
    FMC_IRQHandler                           0x08000277   Thumb Code     0  startup_stm32f407xx.o(.text)
    FPU_IRQHandler                           0x08000277   Thumb Code     0  startup_stm32f407xx.o(.text)
    HASH_RNG_IRQHandler                      0x08000277   Thumb Code     0  startup_stm32f407xx.o(.text)
    I2C1_ER_IRQHandler                       0x08000277   Thumb Code     0  startup_stm32f407xx.o(.text)
    I2C1_EV_IRQHandler                       0x08000277   Thumb Code     0  startup_stm32f407xx.o(.text)
    I2C2_ER_IRQHandler                       0x08000277   Thumb Code     0  startup_stm32f407xx.o(.text)
    I2C2_EV_IRQHandler                       0x08000277   Thumb Code     0  startup_stm32f407xx.o(.text)
    I2C3_ER_IRQHandler                       0x08000277   Thumb Code     0  startup_stm32f407xx.o(.text)
    I2C3_EV_IRQHandler                       0x08000277   Thumb Code     0  startup_stm32f407xx.o(.text)
    OTG_FS_WKUP_IRQHandler                   0x08000277   Thumb Code     0  startup_stm32f407xx.o(.text)
    OTG_HS_EP1_IN_IRQHandler                 0x08000277   Thumb Code     0  startup_stm32f407xx.o(.text)
    OTG_HS_EP1_OUT_IRQHandler                0x08000277   Thumb Code     0  startup_stm32f407xx.o(.text)
    OTG_HS_IRQHandler                        0x08000277   Thumb Code     0  startup_stm32f407xx.o(.text)
    OTG_HS_WKUP_IRQHandler                   0x08000277   Thumb Code     0  startup_stm32f407xx.o(.text)
    PVD_IRQHandler                           0x08000277   Thumb Code     0  startup_stm32f407xx.o(.text)
    RCC_IRQHandler                           0x08000277   Thumb Code     0  startup_stm32f407xx.o(.text)
    RTC_Alarm_IRQHandler                     0x08000277   Thumb Code     0  startup_stm32f407xx.o(.text)
    RTC_WKUP_IRQHandler                      0x08000277   Thumb Code     0  startup_stm32f407xx.o(.text)
    SDIO_IRQHandler                          0x08000277   Thumb Code     0  startup_stm32f407xx.o(.text)
    SPI1_IRQHandler                          0x08000277   Thumb Code     0  startup_stm32f407xx.o(.text)
    SPI2_IRQHandler                          0x08000277   Thumb Code     0  startup_stm32f407xx.o(.text)
    SPI3_IRQHandler                          0x08000277   Thumb Code     0  startup_stm32f407xx.o(.text)
    TAMP_STAMP_IRQHandler                    0x08000277   Thumb Code     0  startup_stm32f407xx.o(.text)
    TIM1_BRK_TIM9_IRQHandler                 0x08000277   Thumb Code     0  startup_stm32f407xx.o(.text)
    TIM1_CC_IRQHandler                       0x08000277   Thumb Code     0  startup_stm32f407xx.o(.text)
    TIM1_TRG_COM_TIM11_IRQHandler            0x08000277   Thumb Code     0  startup_stm32f407xx.o(.text)
    TIM2_IRQHandler                          0x08000277   Thumb Code     0  startup_stm32f407xx.o(.text)
    TIM3_IRQHandler                          0x08000277   Thumb Code     0  startup_stm32f407xx.o(.text)
    TIM4_IRQHandler                          0x08000277   Thumb Code     0  startup_stm32f407xx.o(.text)
    TIM5_IRQHandler                          0x08000277   Thumb Code     0  startup_stm32f407xx.o(.text)
    TIM6_DAC_IRQHandler                      0x08000277   Thumb Code     0  startup_stm32f407xx.o(.text)
    TIM7_IRQHandler                          0x08000277   Thumb Code     0  startup_stm32f407xx.o(.text)
    TIM8_BRK_TIM12_IRQHandler                0x08000277   Thumb Code     0  startup_stm32f407xx.o(.text)
    TIM8_CC_IRQHandler                       0x08000277   Thumb Code     0  startup_stm32f407xx.o(.text)
    TIM8_TRG_COM_TIM14_IRQHandler            0x08000277   Thumb Code     0  startup_stm32f407xx.o(.text)
    TIM8_UP_TIM13_IRQHandler                 0x08000277   Thumb Code     0  startup_stm32f407xx.o(.text)
    UART4_IRQHandler                         0x08000277   Thumb Code     0  startup_stm32f407xx.o(.text)
    UART5_IRQHandler                         0x08000277   Thumb Code     0  startup_stm32f407xx.o(.text)
    USART1_IRQHandler                        0x08000277   Thumb Code     0  startup_stm32f407xx.o(.text)
    USART2_IRQHandler                        0x08000277   Thumb Code     0  startup_stm32f407xx.o(.text)
    USART3_IRQHandler                        0x08000277   Thumb Code     0  startup_stm32f407xx.o(.text)
    USART6_IRQHandler                        0x08000277   Thumb Code     0  startup_stm32f407xx.o(.text)
    WWDG_IRQHandler                          0x08000277   Thumb Code     0  startup_stm32f407xx.o(.text)
    __user_initial_stackheap                 0x08000279   Thumb Code     0  startup_stm32f407xx.o(.text)
    __use_two_region_memory                  0x0800029d   Thumb Code     2  heapauxi.o(.text)
    __rt_heap_escrow$2region                 0x0800029f   Thumb Code     2  heapauxi.o(.text)
    __rt_heap_expand$2region                 0x080002a1   Thumb Code     2  heapauxi.o(.text)
    abort                                    0x080002a3   Thumb Code    22  abort.o(.text)
    _sys_exit                                0x080002b9   Thumb Code     8  sys_exit.o(.text)
    __user_setup_stackheap                   0x080002c5   Thumb Code    74  sys_stackheap_outer.o(.text)
    exit                                     0x0800030f   Thumb Code    18  exit.o(.text)
    __rt_SIGABRT                             0x08000321   Thumb Code    14  defsig_abrt_outer.o(.text)
    __user_libspace                          0x08000331   Thumb Code     8  libspace.o(.text)
    __user_perproc_libspace                  0x08000331   Thumb Code     0  libspace.o(.text)
    __I$use$semihosting                      0x08000339   Thumb Code     0  use_no_semi.o(.text)
    __use_no_semihosting_swi                 0x08000339   Thumb Code     2  use_no_semi.o(.text)
    __semihosting_library_function           0x0800033b   Thumb Code     0  indicate_semi.o(.text)
    __sig_exit                               0x0800033b   Thumb Code    10  defsig_exit.o(.text)
    __rt_SIGABRT_inner                       0x08000345   Thumb Code    14  defsig_abrt_inner.o(.text)
    __default_signal_display                 0x08000375   Thumb Code    50  defsig_general.o(.text)
    _ttywrch                                 0x080003a7   Thumb Code    14  sys_wrch.o(.text)
    __aeabi_uldivmod                         0x080003b5   Thumb Code     0  lludivv7m.o(.text)
    _ll_udiv                                 0x080003b5   Thumb Code   240  lludivv7m.o(.text)
    __aeabi_memcpy                           0x080004a5   Thumb Code     0  rt_memcpy_v6.o(.text)
    __rt_memcpy                              0x080004a5   Thumb Code   138  rt_memcpy_v6.o(.text)
    _memcpy_lastbytes                        0x0800050b   Thumb Code     0  rt_memcpy_v6.o(.text)
    __aeabi_memset4                          0x0800052f   Thumb Code    16  aeabi_memset4.o(.text)
    __aeabi_memset8                          0x0800052f   Thumb Code     0  aeabi_memset4.o(.text)
    __aeabi_memclr                           0x0800053f   Thumb Code     0  rt_memclr.o(.text)
    __rt_memclr                              0x0800053f   Thumb Code     0  rt_memclr.o(.text)
    _memset                                  0x08000543   Thumb Code    64  rt_memclr.o(.text)
    __aeabi_memclr4                          0x08000583   Thumb Code     0  rt_memclr_w.o(.text)
    __aeabi_memclr8                          0x08000583   Thumb Code     0  rt_memclr_w.o(.text)
    __rt_memclr_w                            0x08000583   Thumb Code     0  rt_memclr_w.o(.text)
    _memset_w                                0x08000587   Thumb Code    74  rt_memclr_w.o(.text)
    __aeabi_memcpy4                          0x080005d1   Thumb Code     0  rt_memcpy_w.o(.text)
    __aeabi_memcpy8                          0x080005d1   Thumb Code     0  rt_memcpy_w.o(.text)
    __rt_memcpy_w                            0x080005d1   Thumb Code   100  rt_memcpy_w.o(.text)
    _memcpy_lastbytes_aligned                0x08000619   Thumb Code     0  rt_memcpy_w.o(.text)
    _fp_init                                 0x08000635   Thumb Code    22  lto-llvm-2f5f25.o(.text.$Sub$$_fp_init)
    BusFault_Handler                         0x0800064d   Thumb Code     2  lto-llvm-2f5f25.o(.text.BusFault_Handler)
    DebugMon_Handler                         0x080006e1   Thumb Code     2  lto-llvm-2f5f25.o(.text.DebugMon_Handler)
    EXTI0_IRQHandler                         0x080006e3   Thumb Code    20  lto-llvm-2f5f25.o(.text.EXTI0_IRQHandler)
    HardFault_Handler                        0x080014d5   Thumb Code     2  lto-llvm-2f5f25.o(.text.HardFault_Handler)
    MemManage_Handler                        0x080014d9   Thumb Code     2  lto-llvm-2f5f25.o(.text.MemManage_Handler)
    NMI_Handler                              0x080014dd   Thumb Code     2  lto-llvm-2f5f25.o(.text.NMI_Handler)
    OTG_FS_IRQHandler                        0x080014e1   Thumb Code  2798  lto-llvm-2f5f25.o(.text.OTG_FS_IRQHandler)
    PendSV_Handler                           0x08001fd1   Thumb Code    96  lto-llvm-2f5f25.o(.text.PendSV_Handler)
    SVC_Handler                              0x08002031   Thumb Code    32  lto-llvm-2f5f25.o(.text.SVC_Handler)
    SysTick_Handler                          0x08002051   Thumb Code    66  lto-llvm-2f5f25.o(.text.SysTick_Handler)
    SystemInit                               0x08002093   Thumb Code    18  lto-llvm-2f5f25.o(.text.SystemInit)
    TIM1_UP_TIM10_IRQHandler                 0x080020a5   Thumb Code   212  lto-llvm-2f5f25.o(.text.TIM1_UP_TIM10_IRQHandler)
    UsageFault_Handler                       0x08002f91   Thumb Code     2  lto-llvm-2f5f25.o(.text.UsageFault_Handler)
    _mutex_acquire                           0x0800317d   Thumb Code    32  lto-llvm-2f5f25.o(.text._mutex_acquire)
    _mutex_free                              0x0800319d   Thumb Code    76  lto-llvm-2f5f25.o(.text._mutex_free)
    _mutex_initialize                        0x080031e9   Thumb Code   120  lto-llvm-2f5f25.o(.text._mutex_initialize)
    _mutex_release                           0x08003261   Thumb Code    32  lto-llvm-2f5f25.o(.text._mutex_release)
    _platform_post_stackheap_init            0x08003281   Thumb Code     4  lto-llvm-2f5f25.o(.text._platform_post_stackheap_init)
    main                                     0x080034f1   Thumb Code  3192  lto-llvm-2f5f25.o(.text.main)
    __cxa_guard_acquire                      0x080053eb   Thumb Code    44  cxa_guard.cpp.o(.text.unlikely.__cxa_guard_acquire)
    __cxa_guard_release                      0x08005417   Thumb Code     8  cxa_guard.cpp.o(.text.unlikely.__cxa_guard_release)
    abort_message                            0x0800541f   Thumb Code     4  abort_message.cpp.o(.text.unlikely.abort_message)
    vTaskSwitchContext                       0x080055fd   Thumb Code   234  lto-llvm-2f5f25.o(.text.vTaskSwitchContext)
    $Super$$_fp_init                         0x080067fb   Thumb Code    26  fpinit.o(x$fpl$fpinit)
    __fplib_config_fpu_vfp                   0x08006813   Thumb Code     0  fpinit.o(x$fpl$fpinit)
    __fplib_config_pureend_doubles           0x08006813   Thumb Code     0  fpinit.o(x$fpl$fpinit)
    ARM_FaultVersion                         0x08006814   Data           6  lto-llvm-2f5f25.o(.rodata.ARM_FaultVersion)
    EventRecorderInfo                        0x0800681c   Data          24  lto-llvm-2f5f25.o(.rodata.EventRecorderInfo)
    Region$$Table$$Base                      0x08006914   Number         0  anon$$obj.o(Region$$Table)
    Region$$Table$$Limit                     0x08006934   Number         0  anon$$obj.o(Region$$Table)
    __libspace_start                         0x20000100   Data          96  libspace.o(.bss)
    __temporary_stack_top$libspace           0x20000160   Data           0  libspace.o(.bss)
    ARM_FaultInfo                            0x20003224   Data         140  lto-llvm-2f5f25.o(.bss.noinit.fault)
    pxCurrentTCB                             0x20003354   Data           4  lto-llvm-2f5f25.o(.bss.pxCurrentTCB)



==============================================================================

Memory Map of the image

  Image Entry point : 0x08000189

  Load Region LR_IROM1 (Base: 0x08000000, Size: 0x00006a40, Max: 0x00100000, ABSOLUTE)

    Execution Region ER_IROM1 (Exec base: 0x08000000, Load base: 0x08000000, Size: 0x00006934, Max: 0x00100000, ABSOLUTE)

    Exec Addr    Load Addr    Size         Type   Attr      Idx    E Section Name        Object

    0x08000000   0x08000000   0x00000188   Data   RO            9    RESET               startup_stm32f407xx.o
    0x08000188   0x08000188   0x00000008   Code   RO           63  * !!!main             c_w.l(__main.o)
    0x08000190   0x08000190   0x0000005c   Code   RO          575    !!!scatter          c_w.l(__scatter.o)
    0x080001ec   0x080001ec   0x0000001a   Code   RO          579    !!handler_copy      c_w.l(__scatter_copy.o)
    0x08000206   0x08000206   0x00000002   PAD
    0x08000208   0x08000208   0x00000002   Code   RO          576    !!handler_null      c_w.l(__scatter.o)
    0x0800020a   0x0800020a   0x00000002   PAD
    0x0800020c   0x0800020c   0x0000001c   Code   RO          581    !!handler_zi        c_w.l(__scatter_zi.o)
    0x08000228   0x08000228   0x00000002   Code   RO          113    .ARM.Collect$$libinit$$00000000  c_w.l(libinit.o)
    0x0800022a   0x0800022a   0x00000004   Code   RO          128    .ARM.Collect$$libinit$$00000001  c_w.l(libinit2.o)
    0x0800022e   0x0800022e   0x00000000   Code   RO          131    .ARM.Collect$$libinit$$00000004  c_w.l(libinit2.o)
    0x0800022e   0x0800022e   0x00000000   Code   RO          133    .ARM.Collect$$libinit$$00000006  c_w.l(libinit2.o)
    0x0800022e   0x0800022e   0x00000000   Code   RO          136    .ARM.Collect$$libinit$$0000000C  c_w.l(libinit2.o)
    0x0800022e   0x0800022e   0x00000000   Code   RO          138    .ARM.Collect$$libinit$$0000000E  c_w.l(libinit2.o)
    0x0800022e   0x0800022e   0x00000000   Code   RO          140    .ARM.Collect$$libinit$$00000010  c_w.l(libinit2.o)
    0x0800022e   0x0800022e   0x00000000   Code   RO          143    .ARM.Collect$$libinit$$00000013  c_w.l(libinit2.o)
    0x0800022e   0x0800022e   0x00000000   Code   RO          145    .ARM.Collect$$libinit$$00000015  c_w.l(libinit2.o)
    0x0800022e   0x0800022e   0x00000000   Code   RO          147    .ARM.Collect$$libinit$$00000017  c_w.l(libinit2.o)
    0x0800022e   0x0800022e   0x00000000   Code   RO          149    .ARM.Collect$$libinit$$00000019  c_w.l(libinit2.o)
    0x0800022e   0x0800022e   0x00000000   Code   RO          151    .ARM.Collect$$libinit$$0000001B  c_w.l(libinit2.o)
    0x0800022e   0x0800022e   0x00000000   Code   RO          153    .ARM.Collect$$libinit$$0000001D  c_w.l(libinit2.o)
    0x0800022e   0x0800022e   0x00000000   Code   RO          155    .ARM.Collect$$libinit$$0000001F  c_w.l(libinit2.o)
    0x0800022e   0x0800022e   0x00000000   Code   RO          157    .ARM.Collect$$libinit$$00000021  c_w.l(libinit2.o)
    0x0800022e   0x0800022e   0x00000000   Code   RO          159    .ARM.Collect$$libinit$$00000023  c_w.l(libinit2.o)
    0x0800022e   0x0800022e   0x00000000   Code   RO          161    .ARM.Collect$$libinit$$00000025  c_w.l(libinit2.o)
    0x0800022e   0x0800022e   0x00000000   Code   RO          163    .ARM.Collect$$libinit$$00000027  c_w.l(libinit2.o)
    0x0800022e   0x0800022e   0x00000000   Code   RO          167    .ARM.Collect$$libinit$$0000002E  c_w.l(libinit2.o)
    0x0800022e   0x0800022e   0x00000000   Code   RO          169    .ARM.Collect$$libinit$$00000030  c_w.l(libinit2.o)
    0x0800022e   0x0800022e   0x00000000   Code   RO          171    .ARM.Collect$$libinit$$00000032  c_w.l(libinit2.o)
    0x0800022e   0x0800022e   0x00000000   Code   RO          173    .ARM.Collect$$libinit$$00000034  c_w.l(libinit2.o)
    0x0800022e   0x0800022e   0x00000002   Code   RO          174    .ARM.Collect$$libinit$$00000035  c_w.l(libinit2.o)
    0x08000230   0x08000230   0x00000002   Code   RO          200    .ARM.Collect$$libshutdown$$00000000  c_w.l(libshutdown.o)
    0x08000232   0x08000232   0x00000000   Code   RO          228    .ARM.Collect$$libshutdown$$00000002  c_w.l(libshutdown2.o)
    0x08000232   0x08000232   0x00000000   Code   RO          230    .ARM.Collect$$libshutdown$$00000004  c_w.l(libshutdown2.o)
    0x08000232   0x08000232   0x00000000   Code   RO          233    .ARM.Collect$$libshutdown$$00000007  c_w.l(libshutdown2.o)
    0x08000232   0x08000232   0x00000000   Code   RO          236    .ARM.Collect$$libshutdown$$0000000A  c_w.l(libshutdown2.o)
    0x08000232   0x08000232   0x00000000   Code   RO          238    .ARM.Collect$$libshutdown$$0000000C  c_w.l(libshutdown2.o)
    0x08000232   0x08000232   0x00000000   Code   RO          241    .ARM.Collect$$libshutdown$$0000000F  c_w.l(libshutdown2.o)
    0x08000232   0x08000232   0x00000002   Code   RO          242    .ARM.Collect$$libshutdown$$00000010  c_w.l(libshutdown2.o)
    0x08000234   0x08000234   0x00000000   Code   RO           76    .ARM.Collect$$rtentry$$00000000  c_w.l(__rtentry.o)
    0x08000234   0x08000234   0x00000000   Code   RO           82    .ARM.Collect$$rtentry$$00000002  c_w.l(__rtentry2.o)
    0x08000234   0x08000234   0x00000006   Code   RO           94    .ARM.Collect$$rtentry$$00000004  c_w.l(__rtentry4.o)
    0x0800023a   0x0800023a   0x00000008   Code   RO           83    .ARM.Collect$$rtentry$$00000008  c_w.l(__rtentry2.o)
    0x08000242   0x08000242   0x00000004   Code   RO           85    .ARM.Collect$$rtentry$$0000000A  c_w.l(__rtentry2.o)
    0x08000246   0x08000246   0x00000000   Code   RO           87    .ARM.Collect$$rtentry$$0000000C  c_w.l(__rtentry2.o)
    0x08000246   0x08000246   0x00000008   Code   RO           88    .ARM.Collect$$rtentry$$0000000D  c_w.l(__rtentry2.o)
    0x0800024e   0x0800024e   0x00000002   Code   RO          120    .ARM.Collect$$rtexit$$00000000  c_w.l(rtexit.o)
    0x08000250   0x08000250   0x00000000   Code   RO          176    .ARM.Collect$$rtexit$$00000002  c_w.l(rtexit2.o)
    0x08000250   0x08000250   0x00000004   Code   RO          177    .ARM.Collect$$rtexit$$00000003  c_w.l(rtexit2.o)
    0x08000254   0x08000254   0x00000006   Code   RO          178    .ARM.Collect$$rtexit$$00000004  c_w.l(rtexit2.o)
    0x0800025a   0x0800025a   0x00000002   PAD
    0x0800025c   0x0800025c   0x00000040   Code   RO           10    .text               startup_stm32f407xx.o
    0x0800029c   0x0800029c   0x00000006   Code   RO           61    .text               c_w.l(heapauxi.o)
    0x080002a2   0x080002a2   0x00000016   Code   RO           96    .text               c_w.l(abort.o)
    0x080002b8   0x080002b8   0x0000000c   Code   RO           98    .text               c_w.l(sys_exit.o)
    0x080002c4   0x080002c4   0x0000004a   Code   RO          102    .text               c_w.l(sys_stackheap_outer.o)
    0x0800030e   0x0800030e   0x00000012   Code   RO          104    .text               c_w.l(exit.o)
    0x08000320   0x08000320   0x0000000e   Code   RO          106    .text               c_w.l(defsig_abrt_outer.o)
    0x0800032e   0x0800032e   0x00000002   PAD
    0x08000330   0x08000330   0x00000008   Code   RO          114    .text               c_w.l(libspace.o)
    0x08000338   0x08000338   0x00000002   Code   RO          117    .text               c_w.l(use_no_semi.o)
    0x0800033a   0x0800033a   0x00000000   Code   RO          119    .text               c_w.l(indicate_semi.o)
    0x0800033a   0x0800033a   0x0000000a   Code   RO          124    .text               c_w.l(defsig_exit.o)
    0x08000344   0x08000344   0x00000030   Code   RO          126    .text               c_w.l(defsig_abrt_inner.o)
    0x08000374   0x08000374   0x00000032   Code   RO          184    .text               c_w.l(defsig_general.o)
    0x080003a6   0x080003a6   0x0000000e   Code   RO          188    .text               c_w.l(sys_wrch.o)
    0x080003b4   0x080003b4   0x000000f0   Code   RO          551    .text               c_w.l(lludivv7m.o)
    0x080004a4   0x080004a4   0x0000008a   Code   RO          553    .text               c_w.l(rt_memcpy_v6.o)
    0x0800052e   0x0800052e   0x00000010   Code   RO          555    .text               c_w.l(aeabi_memset4.o)
    0x0800053e   0x0800053e   0x00000044   Code   RO          557    .text               c_w.l(rt_memclr.o)
    0x08000582   0x08000582   0x0000004e   Code   RO          559    .text               c_w.l(rt_memclr_w.o)
    0x080005d0   0x080005d0   0x00000064   Code   RO          565    .text               c_w.l(rt_memcpy_w.o)
    0x08000634   0x08000634   0x00000016   Code   RO          364    .text.$Sub$$_fp_init  lto-llvm-2f5f25.o
    0x0800064a   0x0800064a   0x00000002   PAD
    0x0800064c   0x0800064c   0x00000002   Code   RO          262    .text.BusFault_Handler  lto-llvm-2f5f25.o
    0x0800064e   0x0800064e   0x00000004   Code   RO          314    .text.CDC_Control_FS  lto-llvm-2f5f25.o
    0x08000652   0x08000652   0x00000004   Code   RO          312    .text.CDC_DeInit_FS  lto-llvm-2f5f25.o
    0x08000656   0x08000656   0x0000003e   Code   RO          310    .text.CDC_Init_FS   lto-llvm-2f5f25.o
    0x08000694   0x08000694   0x00000048   Code   RO          316    .text.CDC_Receive_FS  lto-llvm-2f5f25.o
    0x080006dc   0x080006dc   0x00000004   Code   RO          318    .text.CDC_TransmitCplt_FS  lto-llvm-2f5f25.o
    0x080006e0   0x080006e0   0x00000002   Code   RO          266    .text.DebugMon_Handler  lto-llvm-2f5f25.o
    0x080006e2   0x080006e2   0x00000014   Code   RO          268    .text.EXTI0_IRQHandler  lto-llvm-2f5f25.o
    0x080006f6   0x080006f6   0x00000002   PAD
    0x080006f8   0x080006f8   0x00000072   Code   RO          380    .text.EventGetTS    lto-llvm-2f5f25.o
    0x0800076a   0x0800076a   0x00000054   Code   RO          384    .text.EventRecord2  lto-llvm-2f5f25.o
    0x080007be   0x080007be   0x00000002   PAD
    0x080007c0   0x080007c0   0x00000090   Code   RO          386    .text.EventRecord4  lto-llvm-2f5f25.o
    0x08000850   0x08000850   0x000000ee   Code   RO          382    .text.EventRecordItem  lto-llvm-2f5f25.o
    0x0800093e   0x0800093e   0x00000002   PAD
    0x08000940   0x08000940   0x0000005c   Code   RO          378    .text.EventRecorderEnable  lto-llvm-2f5f25.o
    0x0800099c   0x0800099c   0x00000152   Code   RO          376    .text.EventRecorderInitialize  lto-llvm-2f5f25.o
    0x08000aee   0x08000aee   0x0000006a   Code   RO          388    .text.EvrFreeRTOSSetup  lto-llvm-2f5f25.o
    0x08000b58   0x08000b58   0x00000196   Code   RO          342    .text.HAL_GPIO_Init  lto-llvm-2f5f25.o
    0x08000cee   0x08000cee   0x00000002   PAD
    0x08000cf0   0x08000cf0   0x0000015c   Code   RO          276    .text.HAL_InitTick  lto-llvm-2f5f25.o
    0x08000e4c   0x08000e4c   0x0000009e   Code   RO          280    .text.HAL_PCD_DataOutStageCallback  lto-llvm-2f5f25.o
    0x08000eea   0x08000eea   0x00000002   PAD
    0x08000eec   0x08000eec   0x000005e6   Code   RO          278    .text.HAL_PCD_SetupStageCallback  lto-llvm-2f5f25.o
    0x080014d2   0x080014d2   0x00000002   PAD
    0x080014d4   0x080014d4   0x00000002   Code   RO          258    .text.HardFault_Handler  lto-llvm-2f5f25.o
    0x080014d6   0x080014d6   0x00000002   PAD
    0x080014d8   0x080014d8   0x00000002   Code   RO          260    .text.MemManage_Handler  lto-llvm-2f5f25.o
    0x080014da   0x080014da   0x00000002   PAD
    0x080014dc   0x080014dc   0x00000002   Code   RO          256    .text.NMI_Handler   lto-llvm-2f5f25.o
    0x080014de   0x080014de   0x00000002   PAD
    0x080014e0   0x080014e0   0x00000aee   Code   RO          272    .text.OTG_FS_IRQHandler  lto-llvm-2f5f25.o
    0x08001fce   0x08001fce   0x00000002   PAD
    0x08001fd0   0x08001fd0   0x00000060   Code   RO          394    .text.PendSV_Handler  lto-llvm-2f5f25.o
    0x08002030   0x08002030   0x00000020   Code   RO          392    .text.SVC_Handler   lto-llvm-2f5f25.o
    0x08002050   0x08002050   0x00000042   Code   RO          368    .text.SysTick_Handler  lto-llvm-2f5f25.o
    0x08002092   0x08002092   0x00000012   Code   RO          274    .text.SystemInit    lto-llvm-2f5f25.o
    0x080020a4   0x080020a4   0x000000d4   Code   RO          270    .text.TIM1_UP_TIM10_IRQHandler  lto-llvm-2f5f25.o
    0x08002178   0x08002178   0x00000076   Code   RO          330    .text.USBD_CDC_DataIn  lto-llvm-2f5f25.o
    0x080021ee   0x080021ee   0x00000040   Code   RO          332    .text.USBD_CDC_DataOut  lto-llvm-2f5f25.o
    0x0800222e   0x0800222e   0x0000005c   Code   RO          324    .text.USBD_CDC_DeInit  lto-llvm-2f5f25.o
    0x0800228a   0x0800228a   0x00000036   Code   RO          328    .text.USBD_CDC_EP0_RxReady  lto-llvm-2f5f25.o
    0x080022c0   0x080022c0   0x00000010   Code   RO          340    .text.USBD_CDC_GetDeviceQualifierDescriptor  lto-llvm-2f5f25.o
    0x080022d0   0x080022d0   0x000000be   Code   RO          336    .text.USBD_CDC_GetFSCfgDesc  lto-llvm-2f5f25.o
    0x0800238e   0x0800238e   0x00000002   PAD
    0x08002390   0x08002390   0x000000c2   Code   RO          334    .text.USBD_CDC_GetHSCfgDesc  lto-llvm-2f5f25.o
    0x08002452   0x08002452   0x00000002   PAD
    0x08002454   0x08002454   0x000000be   Code   RO          338    .text.USBD_CDC_GetOtherSpeedCfgDesc  lto-llvm-2f5f25.o
    0x08002512   0x08002512   0x000000c0   Code   RO          322    .text.USBD_CDC_Init  lto-llvm-2f5f25.o
    0x080025d2   0x080025d2   0x00000138   Code   RO          326    .text.USBD_CDC_Setup  lto-llvm-2f5f25.o
    0x0800270a   0x0800270a   0x00000002   PAD
    0x0800270c   0x0800270c   0x00000020   Code   RO          306    .text.USBD_FS_ConfigStrDescriptor  lto-llvm-2f5f25.o
    0x0800272c   0x0800272c   0x0000000e   Code   RO          296    .text.USBD_FS_DeviceDescriptor  lto-llvm-2f5f25.o
    0x0800273a   0x0800273a   0x00000002   PAD
    0x0800273c   0x0800273c   0x00000024   Code   RO          308    .text.USBD_FS_InterfaceStrDescriptor  lto-llvm-2f5f25.o
    0x08002760   0x08002760   0x0000000e   Code   RO          298    .text.USBD_FS_LangIDStrDescriptor  lto-llvm-2f5f25.o
    0x0800276e   0x0800276e   0x00000002   PAD
    0x08002770   0x08002770   0x00000028   Code   RO          300    .text.USBD_FS_ManufacturerStrDescriptor  lto-llvm-2f5f25.o
    0x08002798   0x08002798   0x0000002c   Code   RO          302    .text.USBD_FS_ProductStrDescriptor  lto-llvm-2f5f25.o
    0x080027c4   0x080027c4   0x00000090   Code   RO          304    .text.USBD_FS_SerialStrDescriptor  lto-llvm-2f5f25.o
    0x08002854   0x08002854   0x0000006a   Code   RO          320    .text.USBD_GetString  lto-llvm-2f5f25.o
    0x080028be   0x080028be   0x00000098   Code   RO          288    .text.USBD_LL_ClearStallEP  lto-llvm-2f5f25.o
    0x08002956   0x08002956   0x000000a8   Code   RO          284    .text.USBD_LL_CloseEP  lto-llvm-2f5f25.o
    0x080029fe   0x080029fe   0x000000d8   Code   RO          282    .text.USBD_LL_OpenEP  lto-llvm-2f5f25.o
    0x08002ad6   0x08002ad6   0x00000046   Code   RO          294    .text.USBD_LL_PrepareReceive  lto-llvm-2f5f25.o
    0x08002b1c   0x08002b1c   0x0000002e   Code   RO          290    .text.USBD_LL_SetUSBAddress  lto-llvm-2f5f25.o
    0x08002b4a   0x08002b4a   0x000000b2   Code   RO          286    .text.USBD_LL_StallEP  lto-llvm-2f5f25.o
    0x08002bfc   0x08002bfc   0x00000036   Code   RO          292    .text.USBD_LL_Transmit  lto-llvm-2f5f25.o
    0x08002c32   0x08002c32   0x00000002   PAD
    0x08002c34   0x08002c34   0x00000052   Code   RO          344    .text.USB_CoreReset  lto-llvm-2f5f25.o
    0x08002c86   0x08002c86   0x00000058   Code   RO          352    .text.USB_EP0_OutStart  lto-llvm-2f5f25.o
    0x08002cde   0x08002cde   0x00000002   PAD
    0x08002ce0   0x08002ce0   0x000001e2   Code   RO          348    .text.USB_EPStartXfer  lto-llvm-2f5f25.o
    0x08002ec2   0x08002ec2   0x00000002   PAD
    0x08002ec4   0x08002ec4   0x00000082   Code   RO          350    .text.USB_EPStopXfer  lto-llvm-2f5f25.o
    0x08002f46   0x08002f46   0x00000002   PAD
    0x08002f48   0x08002f48   0x00000046   Code   RO          346    .text.USB_FlushTxFifo  lto-llvm-2f5f25.o
    0x08002f8e   0x08002f8e   0x00000002   PAD
    0x08002f90   0x08002f90   0x00000002   Code   RO          264    .text.UsageFault_Handler  lto-llvm-2f5f25.o
    0x08002f92   0x08002f92   0x0000003a   Code   RO          246    .text._ZN3Led6toggleEv  lto-llvm-2f5f25.o
    0x08002fcc   0x08002fcc   0x00000004   Code   RO          250    .text._ZN9LedThread12thread_entryEPv  lto-llvm-2f5f25.o
    0x08002fd0   0x08002fd0   0x00000190   Code   RO          252    .text._ZN9LedThread3runEv  lto-llvm-2f5f25.o
    0x08003160   0x08003160   0x0000001c   Code   RO          248    .text._ZN9LedThread5startEPv  lto-llvm-2f5f25.o
    0x0800317c   0x0800317c   0x00000020   Code   RO          354    .text._mutex_acquire  lto-llvm-2f5f25.o
    0x0800319c   0x0800319c   0x0000004c   Code   RO          356    .text._mutex_free   lto-llvm-2f5f25.o
    0x080031e8   0x080031e8   0x00000078   Code   RO          358    .text._mutex_initialize  lto-llvm-2f5f25.o
    0x08003260   0x08003260   0x00000020   Code   RO          360    .text._mutex_release  lto-llvm-2f5f25.o
    0x08003280   0x08003280   0x00000004   Code   RO          362    .text._platform_post_stackheap_init  lto-llvm-2f5f25.o
    0x08003284   0x08003284   0x0000026c   Code   RO          244    .text.app_main      lto-llvm-2f5f25.o
    0x080034f0   0x080034f0   0x00000cb4   Code   RO          254    .text.main          lto-llvm-2f5f25.o
    0x080041a4   0x080041a4   0x000000ac   Code   RO          374    .text.osDelay       lto-llvm-2f5f25.o
    0x08004250   0x08004250   0x0000019a   Code   RO          372    .text.osThreadExit  lto-llvm-2f5f25.o
    0x080043ea   0x080043ea   0x0000013c   Code   RO          370    .text.osThreadNew   lto-llvm-2f5f25.o
    0x08004526   0x08004526   0x00000002   PAD
    0x08004528   0x08004528   0x00000150   Code   RO          428    .text.prvAddCurrentTaskToDelayedList  lto-llvm-2f5f25.o
    0x08004678   0x08004678   0x000001e8   Code   RO          424    .text.prvAddNewTaskToReadyList  lto-llvm-2f5f25.o
    0x08004860   0x08004860   0x00000028   Code   RO          426    .text.prvDeleteTCB  lto-llvm-2f5f25.o
    0x08004888   0x08004888   0x000000c0   Code   RO          436    .text.prvIdleTask   lto-llvm-2f5f25.o
    0x08004948   0x08004948   0x00000034   Code   RO          410    .text.prvInitialiseMutex  lto-llvm-2f5f25.o
    0x0800497c   0x0800497c   0x00000098   Code   RO          422    .text.prvInitialiseNewTask  lto-llvm-2f5f25.o
    0x08004a14   0x08004a14   0x00000074   Code   RO          454    .text.prvInsertTimerInActiveList  lto-llvm-2f5f25.o
    0x08004a88   0x08004a88   0x00000028   Code   RO          398    .text.prvPortStartFirstTask  lto-llvm-2f5f25.o
    0x08004ab0   0x08004ab0   0x00000068   Code   RO          452    .text.prvProcessExpiredTimer  lto-llvm-2f5f25.o
    0x08004b18   0x08004b18   0x0000003e   Code   RO          456    .text.prvReloadTimer  lto-llvm-2f5f25.o
    0x08004b56   0x08004b56   0x00000002   PAD
    0x08004b58   0x08004b58   0x00000076   Code   RO          450    .text.prvSampleTimeNow  lto-llvm-2f5f25.o
    0x08004bce   0x08004bce   0x00000002   PAD
    0x08004bd0   0x08004bd0   0x00000032   Code   RO          390    .text.prvTaskExitError  lto-llvm-2f5f25.o
    0x08004c02   0x08004c02   0x00000002   PAD
    0x08004c04   0x08004c04   0x00000502   Code   RO          448    .text.prvTimerTask  lto-llvm-2f5f25.o
    0x08005106   0x08005106   0x00000002   PAD
    0x08005108   0x08005108   0x0000013a   Code   RO          414    .text.prvUnlockQueue  lto-llvm-2f5f25.o
    0x08005242   0x08005242   0x00000002   PAD
    0x08005244   0x08005244   0x000001a6   Code   RO          400    .text.pvPortMalloc  lto-llvm-2f5f25.o
    0x080053ea   0x080053ea   0x0000002c   Code   RO           68    .text.unlikely.__cxa_guard_acquire  libcppabi_w.l(cxa_guard.cpp.o)
    0x08005416   0x08005416   0x00000008   Code   RO           70    .text.unlikely.__cxa_guard_release  libcppabi_w.l(cxa_guard.cpp.o)
    0x0800541e   0x0800541e   0x00000004   Code   RO           78    .text.unlikely.abort_message  libcppabi_w.l(abort_message.cpp.o)
    0x08005422   0x08005422   0x00000002   PAD
    0x08005424   0x08005424   0x00000014   Code   RO          396    .text.vPortEnableVFP  lto-llvm-2f5f25.o
    0x08005438   0x08005438   0x000000e6   Code   RO          402    .text.vPortFree     lto-llvm-2f5f25.o
    0x0800551e   0x0800551e   0x0000003e   Code   RO          442    .text.vTaskInternalSetTimeOutState  lto-llvm-2f5f25.o
    0x0800555c   0x0800555c   0x0000006e   Code   RO          438    .text.vTaskPlaceOnEventList  lto-llvm-2f5f25.o
    0x080055ca   0x080055ca   0x00000032   Code   RO          434    .text.vTaskSuspendAll  lto-llvm-2f5f25.o
    0x080055fc   0x080055fc   0x000000ea   Code   RO          418    .text.vTaskSwitchContext  lto-llvm-2f5f25.o
    0x080056e6   0x080056e6   0x00000046   Code   RO          408    .text.xQueueGenericCreate  lto-llvm-2f5f25.o
    0x0800572c   0x0800572c   0x0000005a   Code   RO          406    .text.xQueueGenericCreateStatic  lto-llvm-2f5f25.o
    0x08005786   0x08005786   0x000000b0   Code   RO          404    .text.xQueueGenericReset  lto-llvm-2f5f25.o
    0x08005836   0x08005836   0x00000002   PAD
    0x08005838   0x08005838   0x0000032c   Code   RO          412    .text.xQueueGenericSend  lto-llvm-2f5f25.o
    0x08005b64   0x08005b64   0x000005ac   Code   RO          416    .text.xQueueSemaphoreTake  lto-llvm-2f5f25.o
    0x08006110   0x08006110   0x000000fc   Code   RO          444    .text.xTaskCheckForTimeOut  lto-llvm-2f5f25.o
    0x0800620c   0x0800620c   0x000000a4   Code   RO          420    .text.xTaskCreateStatic  lto-llvm-2f5f25.o
    0x080062b0   0x080062b0   0x00000046   Code   RO          446    .text.xTaskGetSchedulerState  lto-llvm-2f5f25.o
    0x080062f6   0x080062f6   0x00000002   PAD
    0x080062f8   0x080062f8   0x000001e8   Code   RO          432    .text.xTaskIncrementTick  lto-llvm-2f5f25.o
    0x080064e0   0x080064e0   0x00000110   Code   RO          440    .text.xTaskRemoveFromEventList  lto-llvm-2f5f25.o
    0x080065f0   0x080065f0   0x0000020a   Code   RO          430    .text.xTaskResumeAll  lto-llvm-2f5f25.o
    0x080067fa   0x080067fa   0x0000001a   Code   RO           65    x$fpl$fpinit        fz_wm.l(fpinit.o)
    0x08006814   0x08006814   0x00000006   Data   RO          495    .rodata.ARM_FaultVersion  lto-llvm-2f5f25.o
    0x0800681a   0x0800681a   0x00000002   PAD
    0x0800681c   0x0800681c   0x00000018   Data   RO          494    .rodata.EventRecorderInfo  lto-llvm-2f5f25.o
    0x08006834   0x08006834   0x00000040   Data   RO          492    .rodata.gpio_addr   lto-llvm-2f5f25.o
    0x08006874   0x08006874   0x00000093   Data   RO           74    .rodata.str1.1      libcppabi_w.l(cxa_guard.cpp.o)
    0x08006907   0x08006907   0x00000009   Data   RO          466    .rodata.str1.1      lto-llvm-2f5f25.o
    0x08006910   0x08006910   0x00000004   Data   RO          526    .rodata.uxTopUsedPriority  lto-llvm-2f5f25.o
    0x08006914   0x08006914   0x00000020   Data   RO          574    Region$$Table       anon$$obj.o


    Execution Region RW_IRAM1 (Exec base: 0x20000000, Load base: 0x08006940, Size: 0x00006370, Max: 0x0001e000, ABSOLUTE)

    Exec Addr    Load Addr    Size         Type   Attr      Idx    E Section Name        Object

    0x20000000   0x08006940   0x0000001c   Data   RW          472    .data.FS_Desc       lto-llvm-2f5f25.o
    0x2000001c   0x0800695c   0x00000004   Data   RW          501    .data.SystemCoreClock  lto-llvm-2f5f25.o
    0x20000020   0x08006960   0x00000038   Data   RW          482    .data.USBD_CDC      lto-llvm-2f5f25.o
    0x20000058   0x08006998   0x00000043   Data   RW          484    .data.USBD_CDC_CfgDesc  lto-llvm-2f5f25.o
    0x2000009b   0x080069db   0x00000001   PAD
    0x2000009c   0x080069dc   0x0000000a   Data   RW          483    .data.USBD_CDC_DeviceQualifierDesc  lto-llvm-2f5f25.o
    0x200000a6   0x080069e6   0x00000002   PAD
    0x200000a8   0x080069e8   0x00000012   Data   RW          473    .data.USBD_FS_DeviceDesc  lto-llvm-2f5f25.o
    0x200000ba   0x080069fa   0x00000002   PAD
    0x200000bc   0x080069fc   0x00000014   Data   RW          477    .data.USBD_Interface_fops_FS  lto-llvm-2f5f25.o
    0x200000d0   0x08006a10   0x00000004   Data   RW          474    .data.USBD_LangIDDesc  lto-llvm-2f5f25.o
    0x200000d4   0x08006a14   0x0000001a   Data   RW          475    .data.USBD_StringSerial  lto-llvm-2f5f25.o
    0x200000ee   0x08006a2e   0x00000002   PAD
    0x200000f0   0x08006a30   0x00000004   Data   RW          485    .data.uwTickPrio    lto-llvm-2f5f25.o
    0x200000f4   0x08006a34   0x00000004   Data   RW          500    .data.uxCriticalNesting  lto-llvm-2f5f25.o
    0x200000f8   0x08006a38   0x00000008   PAD
    0x20000100        -       0x00000060   Zero   RW          115    .bss                c_w.l(libspace.o)
    0x20000160        -       0x00000001   Zero   RW          497    .bss.EvrFreeRTOSSetup.init  lto-llvm-2f5f25.o
    0x20000161   0x08006a38   0x00000003   PAD
    0x20000164        -       0x00000004   Zero   RW          491    .bss.KernelState    lto-llvm-2f5f25.o
    0x20000168        -       0x00000001   Zero   RW          481    .bss.USBD_SetConfig.cfgidx  lto-llvm-2f5f25.o
    0x20000169   0x08006a38   0x00000003   PAD
    0x2000016c        -       0x00000200   Zero   RW          476    .bss.USBD_StrDesc   lto-llvm-2f5f25.o
    0x2000036c        -       0x00000220   Zero   RW          471    .bss.USBD_static_malloc.mem  lto-llvm-2f5f25.o
    0x2000058c        -       0x00000800   Zero   RW          479    .bss.UserRxBufferFS  lto-llvm-2f5f25.o
    0x20000d8c        -       0x00000800   Zero   RW          480    .bss.UserTxBufferFS  lto-llvm-2f5f25.o
    0x2000158c        -       0x00000004   Zero   RW          461    .bss._ZGVZ8app_mainE3red  lto-llvm-2f5f25.o
    0x20001590        -       0x00000004   Zero   RW          459    .bss._ZGVZ8app_mainE4blue  lto-llvm-2f5f25.o
    0x20001594        -       0x00000004   Zero   RW          465    .bss._ZGVZ8app_mainE5green  lto-llvm-2f5f25.o
    0x20001598        -       0x00000004   Zero   RW          463    .bss._ZGVZ8app_mainE6orange  lto-llvm-2f5f25.o
    0x2000159c   0x08006a38   0x00000024   PAD
    0x200015c0        -       0x00000380   Zero   RW          460    .bss._ZZ8app_mainE3red  lto-llvm-2f5f25.o
    0x20001940        -       0x00000380   Zero   RW          458    .bss._ZZ8app_mainE4blue  lto-llvm-2f5f25.o
    0x20001cc0        -       0x00000380   Zero   RW          464    .bss._ZZ8app_mainE5green  lto-llvm-2f5f25.o
    0x20002040        -       0x00000380   Zero   RW          462    .bss._ZZ8app_mainE6orange  lto-llvm-2f5f25.o
    0x200023c0        -       0x00000190   Zero   RW          490    .bss.clib_mutex_cb  lto-llvm-2f5f25.o
    0x20002550        -       0x00000014   Zero   RW          489    .bss.clib_mutex_id  lto-llvm-2f5f25.o
    0x20002564        -       0x000002dc   Zero   RW          478    .bss.hUsbDeviceFS   lto-llvm-2f5f25.o
    0x20002840        -       0x000004e4   Zero   RW          470    .bss.hpcd_USB_OTG_FS  lto-llvm-2f5f25.o
    0x20002d24        -       0x00000048   Zero   RW          469    .bss.htim1          lto-llvm-2f5f25.o
    0x20002d6c   0x08006a38   0x00000014   PAD
    0x20002d80        -       0x000004a4   Zero   RW          493    .bss.noinit         lto-llvm-2f5f25.o
    0x20003224        -       0x0000008c   Zero   RW          496    .bss.noinit.fault   lto-llvm-2f5f25.o
    0x200032b0        -       0x00000050   Zero   RW          543    .bss.prvCheckForValidListAndQueue.ucStaticTimerQueueStorage  lto-llvm-2f5f25.o
    0x20003300        -       0x00000050   Zero   RW          542    .bss.prvCheckForValidListAndQueue.xStaticTimerQueue  lto-llvm-2f5f25.o
    0x20003350        -       0x00000004   Zero   RW          539    .bss.prvSampleTimeNow.xLastTime  lto-llvm-2f5f25.o
    0x20003354        -       0x00000004   Zero   RW          509    .bss.pxCurrentTCB   lto-llvm-2f5f25.o
    0x20003358        -       0x00000004   Zero   RW          537    .bss.pxCurrentTimerList  lto-llvm-2f5f25.o
    0x2000335c        -       0x00000004   Zero   RW          517    .bss.pxDelayedTaskList  lto-llvm-2f5f25.o
    0x20003360        -       0x00000004   Zero   RW          502    .bss.pxEnd          lto-llvm-2f5f25.o
    0x20003364        -       0x00000004   Zero   RW          518    .bss.pxOverflowDelayedTaskList  lto-llvm-2f5f25.o
    0x20003368        -       0x00000004   Zero   RW          538    .bss.pxOverflowTimerList  lto-llvm-2f5f25.o
    0x2000336c        -       0x00000460   Zero   RW          521    .bss.pxReadyTasksLists  lto-llvm-2f5f25.o
    0x200037cc        -       0x00000004   Zero   RW          467    .bss.tid_app        lto-llvm-2f5f25.o
    0x200037d0        -       0x00002000   Zero   RW          505    .bss.ucHeap         lto-llvm-2f5f25.o
    0x200057d0        -       0x00000001   Zero   RW          498    .bss.ucMaxSysCallPriority  lto-llvm-2f5f25.o
    0x200057d1   0x08006a38   0x00000003   PAD
    0x200057d4        -       0x00000004   Zero   RW          499    .bss.ulMaxPRIGROUPValue  lto-llvm-2f5f25.o
    0x200057d8        -       0x00000004   Zero   RW          486    .bss.uwTick         lto-llvm-2f5f25.o
    0x200057dc        -       0x00000004   Zero   RW          514    .bss.uxCurrentNumberOfTasks  lto-llvm-2f5f25.o
    0x200057e0        -       0x00000004   Zero   RW          513    .bss.uxDeletedTasksWaitingCleanUp  lto-llvm-2f5f25.o
    0x200057e4        -       0x00000004   Zero   RW          515    .bss.uxSchedulerSuspended  lto-llvm-2f5f25.o
    0x200057e8        -       0x00000004   Zero   RW          510    .bss.uxTaskNumber   lto-llvm-2f5f25.o
    0x200057ec        -       0x00000004   Zero   RW          522    .bss.uxTopReadyPriority  lto-llvm-2f5f25.o
    0x200057f0        -       0x00000200   Zero   RW          530    .bss.vApplicationGetIdleTaskMemory.uxIdleTaskStack  lto-llvm-2f5f25.o
    0x200059f0        -       0x0000005c   Zero   RW          529    .bss.vApplicationGetIdleTaskMemory.xIdleTaskTCB  lto-llvm-2f5f25.o
    0x20005a4c        -       0x00000200   Zero   RW          532    .bss.vApplicationGetTimerTaskMemory.uxTimerTaskStack  lto-llvm-2f5f25.o
    0x20005c4c        -       0x0000005c   Zero   RW          531    .bss.vApplicationGetTimerTaskMemory.xTimerTaskTCB  lto-llvm-2f5f25.o
    0x20005ca8        -       0x00000014   Zero   RW          540    .bss.xActiveTimerList1  lto-llvm-2f5f25.o
    0x20005cbc        -       0x00000014   Zero   RW          541    .bss.xActiveTimerList2  lto-llvm-2f5f25.o
    0x20005cd0        -       0x00000014   Zero   RW          533    .bss.xDelayedTaskList1  lto-llvm-2f5f25.o
    0x20005ce4        -       0x00000014   Zero   RW          534    .bss.xDelayedTaskList2  lto-llvm-2f5f25.o
    0x20005cf8        -       0x00000004   Zero   RW          503    .bss.xFreeBytesRemaining  lto-llvm-2f5f25.o
    0x20005cfc        -       0x00000004   Zero   RW          525    .bss.xIdleTaskHandles.0  lto-llvm-2f5f25.o
    0x20005d00        -       0x00000004   Zero   RW          506    .bss.xMinimumEverFreeBytesRemaining  lto-llvm-2f5f25.o
    0x20005d04        -       0x00000004   Zero   RW          524    .bss.xNextTaskUnblockTime  lto-llvm-2f5f25.o
    0x20005d08        -       0x00000004   Zero   RW          528    .bss.xNumOfOverflows  lto-llvm-2f5f25.o
    0x20005d0c        -       0x00000004   Zero   RW          507    .bss.xNumberOfSuccessfulAllocations  lto-llvm-2f5f25.o
    0x20005d10        -       0x00000004   Zero   RW          508    .bss.xNumberOfSuccessfulFrees  lto-llvm-2f5f25.o
    0x20005d14        -       0x00000004   Zero   RW          527    .bss.xPendedTicks   lto-llvm-2f5f25.o
    0x20005d18        -       0x00000014   Zero   RW          519    .bss.xPendingReadyList  lto-llvm-2f5f25.o
    0x20005d2c        -       0x00000004   Zero   RW          511    .bss.xSchedulerRunning  lto-llvm-2f5f25.o
    0x20005d30        -       0x00000008   Zero   RW          504    .bss.xStart         lto-llvm-2f5f25.o
    0x20005d38        -       0x00000014   Zero   RW          520    .bss.xSuspendedTaskList  lto-llvm-2f5f25.o
    0x20005d4c        -       0x00000014   Zero   RW          512    .bss.xTasksWaitingTermination  lto-llvm-2f5f25.o
    0x20005d60        -       0x00000004   Zero   RW          516    .bss.xTickCount     lto-llvm-2f5f25.o
    0x20005d64        -       0x00000004   Zero   RW          535    .bss.xTimerQueue    lto-llvm-2f5f25.o
    0x20005d68        -       0x00000004   Zero   RW          536    .bss.xTimerTaskHandle  lto-llvm-2f5f25.o
    0x20005d6c        -       0x00000004   Zero   RW          523    .bss.xYieldPendings  lto-llvm-2f5f25.o
    0x20005d70        -       0x00000200   Zero   RW            8    HEAP                startup_stm32f407xx.o
    0x20005f70        -       0x00000400   Zero   RW            7    STACK               startup_stm32f407xx.o


==============================================================================

Image component sizes


      Code (inc. data)   RO Data    RW Data    ZI Data      Debug   Object Name

     24914        238        107        241      23503     195935   lto-llvm-2f5f25.o
        64         26        392          0       1536        912   startup_stm32f407xx.o

    ----------------------------------------------------------------------
     25036        264        533        248      25112     196847   Object Totals
         0          0         32          0          0          0   (incl. Generated)
        58          0          2          7         73          0   (incl. Padding)

    ----------------------------------------------------------------------

      Code (inc. data)   RO Data    RW Data    ZI Data      Debug   Library Member Name

         8          0          0          0          0         68   __main.o
         0          0          0          0          0          0   __rtentry.o
        20          0          0          0          0          0   __rtentry2.o
         6          0          0          0          0          0   __rtentry4.o
        94          8          0          0          0          0   __scatter.o
        26          0          0          0          0          0   __scatter_copy.o
        28          0          0          0          0          0   __scatter_zi.o
        22          0          0          0          0         80   abort.o
        16          0          0          0          0         68   aeabi_memset4.o
        48         34          0          0          0         76   defsig_abrt_inner.o
        14          0          0          0          0         80   defsig_abrt_outer.o
        10          0          0          0          0         68   defsig_exit.o
        50          0          0          0          0         88   defsig_general.o
        18          0          0          0          0         80   exit.o
         6          0          0          0          0        152   heapauxi.o
         0          0          0          0          0          0   indicate_semi.o
         2          0          0          0          0          0   libinit.o
         6          0          0          0          0          0   libinit2.o
         2          0          0          0          0          0   libshutdown.o
         2          0          0          0          0          0   libshutdown2.o
         8          4          0          0         96         68   libspace.o
       240          0          0          0          0        100   lludivv7m.o
        68          0          0          0          0         68   rt_memclr.o
        78          0          0          0          0         80   rt_memclr_w.o
       138          0          0          0          0         68   rt_memcpy_v6.o
       100          0          0          0          0         80   rt_memcpy_w.o
         2          0          0          0          0          0   rtexit.o
        10          0          0          0          0          0   rtexit2.o
        12          4          0          0          0         68   sys_exit.o
        74          0          0          0          0         80   sys_stackheap_outer.o
        14          0          0          0          0         76   sys_wrch.o
         2          0          0          0          0         68   use_no_semi.o
        26          0          0          0          0        116   fpinit.o
         4          0          0          0          0         36   abort_message.cpp.o
        52          0        147          0          0         76   cxa_guard.cpp.o

    ----------------------------------------------------------------------
      1216         50        147          0         96       1744   Library Totals
        10          0          0          0          0          0   (incl. Padding)

    ----------------------------------------------------------------------

      Code (inc. data)   RO Data    RW Data    ZI Data      Debug   Library Name

      1124         50          0          0         96       1516   c_w.l
        26          0          0          0          0        116   fz_wm.l
        56          0        147          0          0        112   libcppabi_w.l

    ----------------------------------------------------------------------
      1216         50        147          0         96       1744   Library Totals

    ----------------------------------------------------------------------

==============================================================================


      Code (inc. data)   RO Data    RW Data    ZI Data      Debug   

     26252        314        680        248      25208     197839   Grand Totals
     26252        314        680        248      25208     197839   ELF Image Totals
     26252        314        680        248          0          0   ROM Totals

==============================================================================

    Total RO  Size (Code + RO Data)                26932 (  26.30kB)
    Total RW  Size (RW Data + ZI Data)             25456 (  24.86kB)
    Total ROM Size (Code + RO Data + RW Data)      27180 (  26.54kB)

==============================================================================

