Component: Arm Compiler for Embedded 6.23 Tool: armlink [5f102400]

==============================================================================

Section Cross References

    startup_stm32f407xx.o(STACK) refers (Special) to heapauxi.o(.text) for __use_two_region_memory
    startup_stm32f407xx.o(HEAP) refers (Special) to heapauxi.o(.text) for __use_two_region_memory
    startup_stm32f407xx.o(RESET) refers (Special) to heapauxi.o(.text) for __use_two_region_memory
    startup_stm32f407xx.o(RESET) refers to startup_stm32f407xx.o(STACK) for __initial_sp
    startup_stm32f407xx.o(RESET) refers to startup_stm32f407xx.o(.text) for Reset_Handler
    startup_stm32f407xx.o(RESET) refers to lto-llvm-efda09.o(.text.NMI_Handler) for NMI_Handler
    startup_stm32f407xx.o(RESET) refers to lto-llvm-efda09.o(.text.HardFault_Handler) for HardFault_Handler
    startup_stm32f407xx.o(RESET) refers to lto-llvm-efda09.o(.text.MemManage_Handler) for MemManage_Handler
    startup_stm32f407xx.o(RESET) refers to lto-llvm-efda09.o(.text.BusFault_Handler) for BusFault_Handler
    startup_stm32f407xx.o(RESET) refers to lto-llvm-efda09.o(.text.UsageFault_Handler) for UsageFault_Handler
    startup_stm32f407xx.o(RESET) refers to lto-llvm-efda09.o(.text.SVC_Handler) for SVC_Handler
    startup_stm32f407xx.o(RESET) refers to lto-llvm-efda09.o(.text.DebugMon_Handler) for DebugMon_Handler
    startup_stm32f407xx.o(RESET) refers to lto-llvm-efda09.o(.text.PendSV_Handler) for PendSV_Handler
    startup_stm32f407xx.o(RESET) refers to lto-llvm-efda09.o(.text.SysTick_Handler) for SysTick_Handler
    startup_stm32f407xx.o(RESET) refers to lto-llvm-efda09.o(.text.EXTI0_IRQHandler) for EXTI0_IRQHandler
    startup_stm32f407xx.o(RESET) refers to lto-llvm-efda09.o(.text.TIM1_UP_TIM10_IRQHandler) for TIM1_UP_TIM10_IRQHandler
    startup_stm32f407xx.o(RESET) refers to lto-llvm-efda09.o(.text.OTG_FS_IRQHandler) for OTG_FS_IRQHandler
    startup_stm32f407xx.o(.text) refers (Special) to heapauxi.o(.text) for __use_two_region_memory
    startup_stm32f407xx.o(.text) refers to lto-llvm-efda09.o(.text.SystemInit) for SystemInit
    startup_stm32f407xx.o(.text) refers to __main.o(!!!main) for __main
    startup_stm32f407xx.o(.text) refers to startup_stm32f407xx.o(HEAP) for Heap_Mem
    startup_stm32f407xx.o(.text) refers to startup_stm32f407xx.o(STACK) for Stack_Mem
    __main.o(!!!main) refers to __rtentry.o(.ARM.Collect$$rtentry$$00000000) for __rt_entry
    __rtentry.o(.ARM.Collect$$rtentry$$00000000) refers (Special) to __rtentry2.o(.ARM.Collect$$rtentry$$0000000A) for __rt_entry_li
    __rtentry.o(.ARM.Collect$$rtentry$$00000000) refers (Special) to __rtentry2.o(.ARM.Collect$$rtentry$$0000000D) for __rt_entry_main
    __rtentry.o(.ARM.Collect$$rtentry$$00000000) refers (Special) to __rtentry2.o(.ARM.Collect$$rtentry$$0000000C) for __rt_entry_postli_1
    __rtentry.o(.ARM.Collect$$rtentry$$00000000) refers (Special) to __rtentry2.o(.ARM.Collect$$rtentry$$00000008) for __rt_entry_postsh_1
    __rtentry.o(.ARM.Collect$$rtentry$$00000000) refers (Special) to __rtentry2.o(.ARM.Collect$$rtentry$$00000002) for __rt_entry_presh_1
    __rtentry.o(.ARM.Collect$$rtentry$$00000000) refers (Special) to __rtentry4.o(.ARM.Collect$$rtentry$$00000004) for __rt_entry_sh
    __rtentry2.o(.ARM.Collect$$rtentry$$00000008) refers to lto-llvm-efda09.o(.text._platform_post_stackheap_init) for _platform_post_stackheap_init
    __rtentry2.o(.ARM.Collect$$rtentry$$0000000A) refers to libinit.o(.ARM.Collect$$libinit$$00000000) for __rt_lib_init
    __rtentry2.o(.ARM.Collect$$rtentry$$0000000B) refers to boardinit3.o(.text) for _platform_post_lib_init
    __rtentry2.o(.ARM.Collect$$rtentry$$0000000D) refers to lto-llvm-efda09.o(.text.main) for main
    __rtentry2.o(.ARM.Collect$$rtentry$$0000000D) refers to exit.o(.text) for exit
    __rtentry2.o(.ARM.exidx) refers to __rtentry2.o(.ARM.Collect$$rtentry$$00000001) for .ARM.Collect$$rtentry$$00000001
    __rtentry2.o(.ARM.exidx) refers to __rtentry2.o(.ARM.Collect$$rtentry$$00000008) for .ARM.Collect$$rtentry$$00000008
    __rtentry2.o(.ARM.exidx) refers to __rtentry2.o(.ARM.Collect$$rtentry$$0000000A) for .ARM.Collect$$rtentry$$0000000A
    __rtentry2.o(.ARM.exidx) refers to __rtentry2.o(.ARM.Collect$$rtentry$$0000000B) for .ARM.Collect$$rtentry$$0000000B
    __rtentry2.o(.ARM.exidx) refers to __rtentry2.o(.ARM.Collect$$rtentry$$0000000D) for .ARM.Collect$$rtentry$$0000000D
    __rtentry4.o(.ARM.Collect$$rtentry$$00000004) refers to sys_stackheap_outer.o(.text) for __user_setup_stackheap
    __rtentry4.o(.ARM.exidx) refers to __rtentry4.o(.ARM.Collect$$rtentry$$00000004) for .ARM.Collect$$rtentry$$00000004
    sys_stackheap_outer.o(.text) refers to libspace.o(.text) for __user_perproc_libspace
    sys_stackheap_outer.o(.text) refers to startup_stm32f407xx.o(.text) for __user_initial_stackheap
    exit.o(.text) refers to rtexit.o(.ARM.Collect$$rtexit$$00000000) for __rt_exit
[...]
    USBD_FS_ManufacturerStrDescriptor        0x080026e1   Thumb Code    20  lto-llvm-efda09.o(.text.USBD_FS_ManufacturerStrDescriptor)
    [Anonymous Symbol]                       0x080026e0   Section        0  lto-llvm-efda09.o(.text.USBD_FS_ManufacturerStrDescriptor)
    USBD_FS_ProductStrDescriptor             0x08002709   Thumb Code    20  lto-llvm-efda09.o(.text.USBD_FS_ProductStrDescriptor)
    [Anonymous Symbol]                       0x08002708   Section        0  lto-llvm-efda09.o(.text.USBD_FS_ProductStrDescriptor)
    USBD_FS_SerialStrDescriptor              0x08002735   Thumb Code   144  lto-llvm-efda09.o(.text.USBD_FS_SerialStrDescriptor)
    [Anonymous Symbol]                       0x08002734   Section        0  lto-llvm-efda09.o(.text.USBD_FS_SerialStrDescriptor)
    USBD_GetString                           0x080027c5   Thumb Code   106  lto-llvm-efda09.o(.text.USBD_GetString)
    [Anonymous Symbol]                       0x080027c4   Section        0  lto-llvm-efda09.o(.text.USBD_GetString)
    USBD_LL_ClearStallEP                     0x0800282f   Thumb Code   152  lto-llvm-efda09.o(.text.USBD_LL_ClearStallEP)
    [Anonymous Symbol]                       0x0800282e   Section        0  lto-llvm-efda09.o(.text.USBD_LL_ClearStallEP)
    USBD_LL_CloseEP                          0x080028c7   Thumb Code   168  lto-llvm-efda09.o(.text.USBD_LL_CloseEP)
    [Anonymous Symbol]                       0x080028c6   Section        0  lto-llvm-efda09.o(.text.USBD_LL_CloseEP)
    USBD_LL_OpenEP                           0x0800296f   Thumb Code   216  lto-llvm-efda09.o(.text.USBD_LL_OpenEP)
    [Anonymous Symbol]                       0x0800296e   Section        0  lto-llvm-efda09.o(.text.USBD_LL_OpenEP)
    USBD_LL_PrepareReceive                   0x08002a47   Thumb Code    70  lto-llvm-efda09.o(.text.USBD_LL_PrepareReceive)
    [Anonymous Symbol]                       0x08002a46   Section        0  lto-llvm-efda09.o(.text.USBD_LL_PrepareReceive)
    USBD_LL_SetUSBAddress                    0x08002a8d   Thumb Code    46  lto-llvm-efda09.o(.text.USBD_LL_SetUSBAddress)
    [Anonymous Symbol]                       0x08002a8c   Section        0  lto-llvm-efda09.o(.text.USBD_LL_SetUSBAddress)
    USBD_LL_StallEP                          0x08002abb   Thumb Code   178  lto-llvm-efda09.o(.text.USBD_LL_StallEP)
    [Anonymous Symbol]                       0x08002aba   Section        0  lto-llvm-efda09.o(.text.USBD_LL_StallEP)
    USBD_LL_Transmit                         0x08002b6d   Thumb Code    54  lto-llvm-efda09.o(.text.USBD_LL_Transmit)
    [Anonymous Symbol]                       0x08002b6c   Section        0  lto-llvm-efda09.o(.text.USBD_LL_Transmit)
    USB_CoreReset                            0x08002ba5   Thumb Code    82  lto-llvm-efda09.o(.text.USB_CoreReset)
    [Anonymous Symbol]                       0x08002ba4   Section        0  lto-llvm-efda09.o(.text.USB_CoreReset)
    USB_EP0_OutStart                         0x08002bf7   Thumb Code    88  lto-llvm-efda09.o(.text.USB_EP0_OutStart)
    [Anonymous Symbol]                       0x08002bf6   Section        0  lto-llvm-efda09.o(.text.USB_EP0_OutStart)
    USB_EPStartXfer                          0x08002c51   Thumb Code   482  lto-llvm-efda09.o(.text.USB_EPStartXfer)
    [Anonymous Symbol]                       0x08002c50   Section        0  lto-llvm-efda09.o(.text.USB_EPStartXfer)
    USB_EPStopXfer                           0x08002e35   Thumb Code   130  lto-llvm-efda09.o(.text.USB_EPStopXfer)
    [Anonymous Symbol]                       0x08002e34   Section        0  lto-llvm-efda09.o(.text.USB_EPStopXfer)
    USB_FlushTxFifo                          0x08002eb9   Thumb Code    70  lto-llvm-efda09.o(.text.USB_FlushTxFifo)
    [Anonymous Symbol]                       0x08002eb8   Section        0  lto-llvm-efda09.o(.text.USB_FlushTxFifo)
    [Anonymous Symbol]                       0x08002f00   Section        0  lto-llvm-efda09.o(.text.UsageFault_Handler)
    Led::toggle(unsigned int)                0x08002f03   Thumb Code    58  lto-llvm-efda09.o(.text._ZN3Led6toggleEj)
    [Anonymous Symbol]                       0x08002f02   Section        0  lto-llvm-efda09.o(.text._ZN3Led6toggleEj)
    __tagsym$$used.0                         0x08002f3c   Number         0  lto-llvm-efda09.o(.text._mutex_acquire)
    [Anonymous Symbol]                       0x08002f3c   Section        0  lto-llvm-efda09.o(.text._mutex_acquire)
    __tagsym$$used.1                         0x08002f5c   Number         0  lto-llvm-efda09.o(.text._mutex_free)
    [Anonymous Symbol]                       0x08002f5c   Section        0  lto-llvm-efda09.o(.text._mutex_free)
    __tagsym$$used.2                         0x08002fa8   Number         0  lto-llvm-efda09.o(.text._mutex_initialize)
    [Anonymous Symbol]                       0x08002fa8   Section        0  lto-llvm-efda09.o(.text._mutex_initialize)
    __tagsym$$used.3                         0x08003020   Number         0  lto-llvm-efda09.o(.text._mutex_release)
    [Anonymous Symbol]                       0x08003020   Section        0  lto-llvm-efda09.o(.text._mutex_release)
    [Anonymous Symbol]                       0x08003040   Section        0  lto-llvm-efda09.o(.text._platform_post_stackheap_init)
    app_main                                 0x08003045   Thumb Code   240  lto-llvm-efda09.o(.text.app_main)
    [Anonymous Symbol]                       0x08003044   Section        0  lto-llvm-efda09.o(.text.app_main)
    led_toggle                               0x080031a1   Thumb Code   428  lto-llvm-efda09.o(.text.led_toggle)
    [Anonymous Symbol]                       0x080031a0   Section        0  lto-llvm-efda09.o(.text.led_toggle)
    [Anonymous Symbol]                       0x0800334c   Section        0  lto-llvm-efda09.o(.text.main)
    AHBPrescTable                            0x08003fc8   Number         0  lto-llvm-efda09.o(.text.main)
    osDelay                                  0x08004005   Thumb Code   172  lto-llvm-efda09.o(.text.osDelay)
    [Anonymous Symbol]                       0x08004004   Section        0  lto-llvm-efda09.o(.text.osDelay)
    osSemaphoreNew                           0x080040b1   Thumb Code    86  lto-llvm-efda09.o(.text.osSemaphoreNew)
    [Anonymous Symbol]                       0x080040b0   Section        0  lto-llvm-efda09.o(.text.osSemaphoreNew)
    osThreadExit                             0x08004109   Thumb Code   410  lto-llvm-efda09.o(.text.osThreadExit)
    [Anonymous Symbol]                       0x08004108   Section        0  lto-llvm-efda09.o(.text.osThreadExit)
    osThreadNew                              0x080042a3   Thumb Code   316  lto-llvm-efda09.o(.text.osThreadNew)
    [Anonymous Symbol]                       0x080042a2   Section        0  lto-llvm-efda09.o(.text.osThreadNew)
    prvAddCurrentTaskToDelayedList           0x080043e1   Thumb Code   336  lto-llvm-efda09.o(.text.prvAddCurrentTaskToDelayedList)
    [Anonymous Symbol]                       0x080043e0   Section        0  lto-llvm-efda09.o(.text.prvAddCurrentTaskToDelayedList)
    prvAddNewTaskToReadyList                 0x08004531   Thumb Code   488  lto-llvm-efda09.o(.text.prvAddNewTaskToReadyList)
    [Anonymous Symbol]                       0x08004530   Section        0  lto-llvm-efda09.o(.text.prvAddNewTaskToReadyList)
    prvDeleteTCB                             0x08004719   Thumb Code    40  lto-llvm-efda09.o(.text.prvDeleteTCB)
    [Anonymous Symbol]                       0x08004718   Section        0  lto-llvm-efda09.o(.text.prvDeleteTCB)
    prvIdleTask                              0x08004741   Thumb Code   192  lto-llvm-efda09.o(.text.prvIdleTask)
    [Anonymous Symbol]                       0x08004740   Section        0  lto-llvm-efda09.o(.text.prvIdleTask)
    prvInitialiseMutex                       0x08004801   Thumb Code    52  lto-llvm-efda09.o(.text.prvInitialiseMutex)
    [Anonymous Symbol]                       0x08004800   Section        0  lto-llvm-efda09.o(.text.prvInitialiseMutex)
    prvInitialiseNewTask                     0x08004835   Thumb Code   152  lto-llvm-efda09.o(.text.prvInitialiseNewTask)
    [Anonymous Symbol]                       0x08004834   Section        0  lto-llvm-efda09.o(.text.prvInitialiseNewTask)
    prvInsertTimerInActiveList               0x080048cd   Thumb Code   116  lto-llvm-efda09.o(.text.prvInsertTimerInActiveList)
    [Anonymous Symbol]                       0x080048cc   Section        0  lto-llvm-efda09.o(.text.prvInsertTimerInActiveList)
    prvPortStartFirstTask                    0x08004941   Thumb Code    40  lto-llvm-efda09.o(.text.prvPortStartFirstTask)
    [Anonymous Symbol]                       0x08004940   Section        0  lto-llvm-efda09.o(.text.prvPortStartFirstTask)
    prvProcessExpiredTimer                   0x08004969   Thumb Code   104  lto-llvm-efda09.o(.text.prvProcessExpiredTimer)
    [Anonymous Symbol]                       0x08004968   Section        0  lto-llvm-efda09.o(.text.prvProcessExpiredTimer)
    prvReloadTimer                           0x080049d1   Thumb Code    62  lto-llvm-efda09.o(.text.prvReloadTimer)
    [Anonymous Symbol]                       0x080049d0   Section        0  lto-llvm-efda09.o(.text.prvReloadTimer)
    prvSampleTimeNow                         0x08004a11   Thumb Code   118  lto-llvm-efda09.o(.text.prvSampleTimeNow)
    [Anonymous Symbol]                       0x08004a10   Section        0  lto-llvm-efda09.o(.text.prvSampleTimeNow)
    prvTaskExitError                         0x08004a89   Thumb Code    50  lto-llvm-efda09.o(.text.prvTaskExitError)
    [Anonymous Symbol]                       0x08004a88   Section        0  lto-llvm-efda09.o(.text.prvTaskExitError)
    prvTimerTask                             0x08004abd   Thumb Code  1282  lto-llvm-efda09.o(.text.prvTimerTask)
    [Anonymous Symbol]                       0x08004abc   Section        0  lto-llvm-efda09.o(.text.prvTimerTask)
    prvUnlockQueue                           0x08004fc1   Thumb Code   314  lto-llvm-efda09.o(.text.prvUnlockQueue)
    [Anonymous Symbol]                       0x08004fc0   Section        0  lto-llvm-efda09.o(.text.prvUnlockQueue)
    pvPortMalloc                             0x080050fd   Thumb Code   422  lto-llvm-efda09.o(.text.pvPortMalloc)
    [Anonymous Symbol]                       0x080050fc   Section        0  lto-llvm-efda09.o(.text.pvPortMalloc)
    vPortEnableVFP                           0x080052a5   Thumb Code    20  lto-llvm-efda09.o(.text.vPortEnableVFP)
    [Anonymous Symbol]                       0x080052a4   Section        0  lto-llvm-efda09.o(.text.vPortEnableVFP)
    vPortFree                                0x080052b9   Thumb Code   230  lto-llvm-efda09.o(.text.vPortFree)
    [Anonymous Symbol]                       0x080052b8   Section        0  lto-llvm-efda09.o(.text.vPortFree)
    vTaskInternalSetTimeOutState             0x0800539f   Thumb Code    62  lto-llvm-efda09.o(.text.vTaskInternalSetTimeOutState)
    [Anonymous Symbol]                       0x0800539e   Section        0  lto-llvm-efda09.o(.text.vTaskInternalSetTimeOutState)
    vTaskPlaceOnEventList                    0x080053dd   Thumb Code   110  lto-llvm-efda09.o(.text.vTaskPlaceOnEventList)
    [Anonymous Symbol]                       0x080053dc   Section        0  lto-llvm-efda09.o(.text.vTaskPlaceOnEventList)
    vTaskSuspendAll                          0x0800544b   Thumb Code    50  lto-llvm-efda09.o(.text.vTaskSuspendAll)
    [Anonymous Symbol]                       0x0800544a   Section        0  lto-llvm-efda09.o(.text.vTaskSuspendAll)
    __tagsym$$used.4                         0x0800547c   Number         0  lto-llvm-efda09.o(.text.vTaskSwitchContext)
    [Anonymous Symbol]                       0x0800547c   Section        0  lto-llvm-efda09.o(.text.vTaskSwitchContext)
    xQueueGenericCreate                      0x08005567   Thumb Code    70  lto-llvm-efda09.o(.text.xQueueGenericCreate)
    [Anonymous Symbol]                       0x08005566   Section        0  lto-llvm-efda09.o(.text.xQueueGenericCreate)
    xQueueGenericCreateStatic                0x080055ad   Thumb Code    90  lto-llvm-efda09.o(.text.xQueueGenericCreateStatic)
    [Anonymous Symbol]                       0x080055ac   Section        0  lto-llvm-efda09.o(.text.xQueueGenericCreateStatic)
    xQueueGenericReset                       0x08005607   Thumb Code   176  lto-llvm-efda09.o(.text.xQueueGenericReset)
    [Anonymous Symbol]                       0x08005606   Section        0  lto-llvm-efda09.o(.text.xQueueGenericReset)
    xQueueGenericSend                        0x080056b9   Thumb Code   812  lto-llvm-efda09.o(.text.xQueueGenericSend)
    [Anonymous Symbol]                       0x080056b8   Section        0  lto-llvm-efda09.o(.text.xQueueGenericSend)
    xQueueSemaphoreTake                      0x080059e5   Thumb Code  1452  lto-llvm-efda09.o(.text.xQueueSemaphoreTake)
    [Anonymous Symbol]                       0x080059e4   Section        0  lto-llvm-efda09.o(.text.xQueueSemaphoreTake)
    xTaskCheckForTimeOut                     0x08005f91   Thumb Code   252  lto-llvm-efda09.o(.text.xTaskCheckForTimeOut)
    [Anonymous Symbol]                       0x08005f90   Section        0  lto-llvm-efda09.o(.text.xTaskCheckForTimeOut)
    xTaskCreateStatic                        0x0800608d   Thumb Code   164  lto-llvm-efda09.o(.text.xTaskCreateStatic)
    [Anonymous Symbol]                       0x0800608c   Section        0  lto-llvm-efda09.o(.text.xTaskCreateStatic)
    xTaskGetSchedulerState                   0x08006131   Thumb Code    70  lto-llvm-efda09.o(.text.xTaskGetSchedulerState)
    [Anonymous Symbol]                       0x08006130   Section        0  lto-llvm-efda09.o(.text.xTaskGetSchedulerState)
    xTaskIncrementTick                       0x08006179   Thumb Code   488  lto-llvm-efda09.o(.text.xTaskIncrementTick)
    [Anonymous Symbol]                       0x08006178   Section        0  lto-llvm-efda09.o(.text.xTaskIncrementTick)
    xTaskRemoveFromEventList                 0x08006361   Thumb Code   272  lto-llvm-efda09.o(.text.xTaskRemoveFromEventList)
    [Anonymous Symbol]                       0x08006360   Section        0  lto-llvm-efda09.o(.text.xTaskRemoveFromEventList)
    xTaskResumeAll                           0x08006471   Thumb Code   522  lto-llvm-efda09.o(.text.xTaskResumeAll)
    [Anonymous Symbol]                       0x08006470   Section        0  lto-llvm-efda09.o(.text.xTaskResumeAll)
    $v0                                      0x0800667a   Number         0  fpinit.o(x$fpl$fpinit)
    x$fpl$fpinit                             0x0800667a   Section       26  fpinit.o(x$fpl$fpinit)
    .L__const.app_main.led_blue_thread_config 0x08006694   Data          36  lto-llvm-efda09.o(.rodata..L__const.app_main.led_blue_thread_config)
    __tagsym$$used.6                         0x080066b8   Number         0  lto-llvm-efda09.o(.rodata.ARM_FaultVersion)
    __tagsym$$used.5                         0x080066c0   Number         0  lto-llvm-efda09.o(.rodata.EventRecorderInfo)
    app_main::arg1                           0x080066d8   Data           8  lto-llvm-efda09.o(.rodata._ZZ8app_mainE4arg1)
    [Anonymous Symbol]                       0x080066d8   Section        0  lto-llvm-efda09.o(.rodata._ZZ8app_mainE4arg1)
    app_main::arg2                           0x080066e0   Data           8  lto-llvm-efda09.o(.rodata._ZZ8app_mainE4arg2)
    [Anonymous Symbol]                       0x080066e0   Section        0  lto-llvm-efda09.o(.rodata._ZZ8app_mainE4arg2)
    app_main::arg3                           0x080066e8   Data           8  lto-llvm-efda09.o(.rodata._ZZ8app_mainE4arg3)
    [Anonymous Symbol]                       0x080066e8   Section        0  lto-llvm-efda09.o(.rodata._ZZ8app_mainE4arg3)
    app_main::arg4                           0x080066f0   Data           8  lto-llvm-efda09.o(.rodata._ZZ8app_mainE4arg4)
    [Anonymous Symbol]                       0x080066f0   Section        0  lto-llvm-efda09.o(.rodata._ZZ8app_mainE4arg4)
    gpio_addr                                0x080066f8   Data          64  lto-llvm-efda09.o(.rodata.gpio_addr)
    [Anonymous Symbol]                       0x080066f8   Section        0  lto-llvm-efda09.o(.rodata.gpio_addr)
    [Anonymous Symbol]                       0x08006738   Section        0  lto-llvm-efda09.o(.rodata.str1.1)
    uxTopUsedPriority                        0x08006758   Data           4  lto-llvm-efda09.o(.rodata.uxTopUsedPriority)
    [Anonymous Symbol]                       0x08006758   Section        0  lto-llvm-efda09.o(.rodata.uxTopUsedPriority)
    FS_Desc                                  0x20000000   Data          28  lto-llvm-efda09.o(.data.FS_Desc)
    [Anonymous Symbol]                       0x20000000   Section        0  lto-llvm-efda09.o(.data.FS_Desc)
    SystemCoreClock                          0x2000001c   Data           4  lto-llvm-efda09.o(.data.SystemCoreClock)
    [Anonymous Symbol]                       0x2000001c   Section        0  lto-llvm-efda09.o(.data.SystemCoreClock)
    USBD_CDC                                 0x20000020   Data          56  lto-llvm-efda09.o(.data.USBD_CDC)
    [Anonymous Symbol]                       0x20000020   Section        0  lto-llvm-efda09.o(.data.USBD_CDC)
    USBD_CDC_CfgDesc                         0x20000058   Data          67  lto-llvm-efda09.o(.data.USBD_CDC_CfgDesc)
    [Anonymous Symbol]                       0x20000058   Section        0  lto-llvm-efda09.o(.data.USBD_CDC_CfgDesc)
    USBD_CDC_DeviceQualifierDesc             0x2000009c   Data          10  lto-llvm-efda09.o(.data.USBD_CDC_DeviceQualifierDesc)
    [Anonymous Symbol]                       0x2000009c   Section        0  lto-llvm-efda09.o(.data.USBD_CDC_DeviceQualifierDesc)
    USBD_FS_DeviceDesc                       0x200000a8   Data          18  lto-llvm-efda09.o(.data.USBD_FS_DeviceDesc)
    [Anonymous Symbol]                       0x200000a8   Section        0  lto-llvm-efda09.o(.data.USBD_FS_DeviceDesc)
    USBD_Interface_fops_FS                   0x200000bc   Data          20  lto-llvm-efda09.o(.data.USBD_Interface_fops_FS)
    [Anonymous Symbol]                       0x200000bc   Section        0  lto-llvm-efda09.o(.data.USBD_Interface_fops_FS)
    USBD_LangIDDesc                          0x200000d0   Data           4  lto-llvm-efda09.o(.data.USBD_LangIDDesc)
    [Anonymous Symbol]                       0x200000d0   Section        0  lto-llvm-efda09.o(.data.USBD_LangIDDesc)
    USBD_StringSerial                        0x200000d4   Data          26  lto-llvm-efda09.o(.data.USBD_StringSerial)
    [Anonymous Symbol]                       0x200000d4   Section        0  lto-llvm-efda09.o(.data.USBD_StringSerial)
    uwTickPrio                               0x200000f0   Data           4  lto-llvm-efda09.o(.data.uwTickPrio)
    [Anonymous Symbol]                       0x200000f0   Section        0  lto-llvm-efda09.o(.data.uwTickPrio)
    uxCriticalNesting                        0x200000f4   Data           4  lto-llvm-efda09.o(.data.uxCriticalNesting)
    [Anonymous Symbol]                       0x200000f4   Section        0  lto-llvm-efda09.o(.data.uxCriticalNesting)
    .bss                                     0x20000100   Section       96  libspace.o(.bss)
    EvrFreeRTOSSetup.init                    0x20000160   Data           1  lto-llvm-efda09.o(.bss.EvrFreeRTOSSetup.init)
    [Anonymous Symbol]                       0x20000160   Section        0  lto-llvm-efda09.o(.bss.EvrFreeRTOSSetup.init)
    KernelState                              0x20000164   Data           4  lto-llvm-efda09.o(.bss.KernelState)
    [Anonymous Symbol]                       0x20000164   Section        0  lto-llvm-efda09.o(.bss.KernelState)
    USBD_SetConfig.cfgidx                    0x20000168   Data           1  lto-llvm-efda09.o(.bss.USBD_SetConfig.cfgidx)
    [Anonymous Symbol]                       0x20000168   Section        0  lto-llvm-efda09.o(.bss.USBD_SetConfig.cfgidx)
    USBD_StrDesc                             0x2000016c   Data         512  lto-llvm-efda09.o(.bss.USBD_StrDesc)
    [Anonymous Symbol]                       0x2000016c   Section        0  lto-llvm-efda09.o(.bss.USBD_StrDesc)
    USBD_static_malloc.mem                   0x2000036c   Data         544  lto-llvm-efda09.o(.bss.USBD_static_malloc.mem)
    [Anonymous Symbol]                       0x2000036c   Section        0  lto-llvm-efda09.o(.bss.USBD_static_malloc.mem)
    UserRxBufferFS                           0x2000058c   Data        2048  lto-llvm-efda09.o(.bss.UserRxBufferFS)
    [Anonymous Symbol]                       0x2000058c   Section        0  lto-llvm-efda09.o(.bss.UserRxBufferFS)
    UserTxBufferFS                           0x20000d8c   Data        2048  lto-llvm-efda09.o(.bss.UserTxBufferFS)
    [Anonymous Symbol]                       0x20000d8c   Section        0  lto-llvm-efda09.o(.bss.UserTxBufferFS)
    app_main::mem_cb                         0x200015c0   Data         512  lto-llvm-efda09.o(.bss._ZZ8app_mainE6mem_cb)
    [Anonymous Symbol]                       0x200015c0   Section        0  lto-llvm-efda09.o(.bss._ZZ8app_mainE6mem_cb)
    app_main::mem_stack                      0x200017c0   Data        1024  lto-llvm-efda09.o(.bss._ZZ8app_mainE9mem_stack)
    [Anonymous Symbol]                       0x200017c0   Section        0  lto-llvm-efda09.o(.bss._ZZ8app_mainE9mem_stack)
    clib_mutex_cb                            0x20001bc0   Data         400  lto-llvm-efda09.o(.bss.clib_mutex_cb)
    [Anonymous Symbol]                       0x20001bc0   Section        0  lto-llvm-efda09.o(.bss.clib_mutex_cb)
    clib_mutex_id                            0x20001d50   Data          20  lto-llvm-efda09.o(.bss.clib_mutex_id)
    [Anonymous Symbol]                       0x20001d50   Section        0  lto-llvm-efda09.o(.bss.clib_mutex_id)
    hUsbDeviceFS                             0x20001d64   Data         732  lto-llvm-efda09.o(.bss.hUsbDeviceFS)
    [Anonymous Symbol]                       0x20001d64   Section        0  lto-llvm-efda09.o(.bss.hUsbDeviceFS)
    hpcd_USB_OTG_FS                          0x20002040   Data        1252  lto-llvm-efda09.o(.bss.hpcd_USB_OTG_FS)
    [Anonymous Symbol]                       0x20002040   Section        0  lto-llvm-efda09.o(.bss.hpcd_USB_OTG_FS)
    htim1                                    0x20002524   Data          72  lto-llvm-efda09.o(.bss.htim1)
    [Anonymous Symbol]                       0x20002524   Section        0  lto-llvm-efda09.o(.bss.htim1)
    EventBuffer                              0x20002580   Data        1024  lto-llvm-efda09.o(.bss.noinit)
    [Anonymous Symbol]                       0x20002580   Section        0  lto-llvm-efda09.o(.bss.noinit)
    EventFilter                              0x20002980   Data         128  lto-llvm-efda09.o(.bss.noinit)
    EventStatus                              0x20002a00   Data          36  lto-llvm-efda09.o(.bss.noinit)
    __tagsym$$used.7                         0x20002a24   Number         0  lto-llvm-efda09.o(.bss.noinit.fault)
    prvCheckForValidListAndQueue.ucStaticTimerQueueStorage 0x20002ab0   Data          80  lto-llvm-efda09.o(.bss.prvCheckForValidListAndQueue.ucStaticTimerQueueStorage)
    [Anonymous Symbol]                       0x20002ab0   Section        0  lto-llvm-efda09.o(.bss.prvCheckForValidListAndQueue.ucStaticTimerQueueStorage)
    prvCheckForValidListAndQueue.xStaticTimerQueue 0x20002b00   Data          80  lto-llvm-efda09.o(.bss.prvCheckForValidListAndQueue.xStaticTimerQueue)
    [Anonymous Symbol]                       0x20002b00   Section        0  lto-llvm-efda09.o(.bss.prvCheckForValidListAndQueue.xStaticTimerQueue)
    prvSampleTimeNow.xLastTime               0x20002b50   Data           4  lto-llvm-efda09.o(.bss.prvSampleTimeNow.xLastTime)
    [Anonymous Symbol]                       0x20002b50   Section        0  lto-llvm-efda09.o(.bss.prvSampleTimeNow.xLastTime)
    __tagsym$$used.8                         0x20002b54   Number         0  lto-llvm-efda09.o(.bss.pxCurrentTCB)
    pxCurrentTimerList                       0x20002b58   Data           4  lto-llvm-efda09.o(.bss.pxCurrentTimerList)
    [Anonymous Symbol]                       0x20002b58   Section        0  lto-llvm-efda09.o(.bss.pxCurrentTimerList)
    pxDelayedTaskList                        0x20002b5c   Data           4  lto-llvm-efda09.o(.bss.pxDelayedTaskList)
    [Anonymous Symbol]                       0x20002b5c   Section        0  lto-llvm-efda09.o(.bss.pxDelayedTaskList)
    pxEnd                                    0x20002b60   Data           4  lto-llvm-efda09.o(.bss.pxEnd)
    [Anonymous Symbol]                       0x20002b60   Section        0  lto-llvm-efda09.o(.bss.pxEnd)
    pxOverflowDelayedTaskList                0x20002b64   Data           4  lto-llvm-efda09.o(.bss.pxOverflowDelayedTaskList)
    [Anonymous Symbol]                       0x20002b64   Section        0  lto-llvm-efda09.o(.bss.pxOverflowDelayedTaskList)
    pxOverflowTimerList                      0x20002b68   Data           4  lto-llvm-efda09.o(.bss.pxOverflowTimerList)
    [Anonymous Symbol]                       0x20002b68   Section        0  lto-llvm-efda09.o(.bss.pxOverflowTimerList)
    pxReadyTasksLists                        0x20002b6c   Data        1120  lto-llvm-efda09.o(.bss.pxReadyTasksLists)
    [Anonymous Symbol]                       0x20002b6c   Section        0  lto-llvm-efda09.o(.bss.pxReadyTasksLists)
    semMultiplex                             0x20002fcc   Data           4  lto-llvm-efda09.o(.bss.semMultiplex)
    [Anonymous Symbol]                       0x20002fcc   Section        0  lto-llvm-efda09.o(.bss.semMultiplex)
    tid_app                                  0x20002fd0   Data           4  lto-llvm-efda09.o(.bss.tid_app)
    [Anonymous Symbol]                       0x20002fd0   Section        0  lto-llvm-efda09.o(.bss.tid_app)
    ucHeap                                   0x20002fd4   Data        8192  lto-llvm-efda09.o(.bss.ucHeap)
    [Anonymous Symbol]                       0x20002fd4   Section        0  lto-llvm-efda09.o(.bss.ucHeap)
    ucMaxSysCallPriority                     0x20004fd4   Data           1  lto-llvm-efda09.o(.bss.ucMaxSysCallPriority)
    [Anonymous Symbol]                       0x20004fd4   Section        0  lto-llvm-efda09.o(.bss.ucMaxSysCallPriority)
    ulMaxPRIGROUPValue                       0x20004fd8   Data           4  lto-llvm-efda09.o(.bss.ulMaxPRIGROUPValue)
    [Anonymous Symbol]                       0x20004fd8   Section        0  lto-llvm-efda09.o(.bss.ulMaxPRIGROUPValue)
    uwTick                                   0x20004fdc   Data           4  lto-llvm-efda09.o(.bss.uwTick)
    [Anonymous Symbol]                       0x20004fdc   Section        0  lto-llvm-efda09.o(.bss.uwTick)
    uxCurrentNumberOfTasks                   0x20004fe0   Data           4  lto-llvm-efda09.o(.bss.uxCurrentNumberOfTasks)
    [Anonymous Symbol]                       0x20004fe0   Section        0  lto-llvm-efda09.o(.bss.uxCurrentNumberOfTasks)
    uxDeletedTasksWaitingCleanUp             0x20004fe4   Data           4  lto-llvm-efda09.o(.bss.uxDeletedTasksWaitingCleanUp)
    [Anonymous Symbol]                       0x20004fe4   Section        0  lto-llvm-efda09.o(.bss.uxDeletedTasksWaitingCleanUp)
    uxSchedulerSuspended                     0x20004fe8   Data           4  lto-llvm-efda09.o(.bss.uxSchedulerSuspended)
    [Anonymous Symbol]                       0x20004fe8   Section        0  lto-llvm-efda09.o(.bss.uxSchedulerSuspended)
    uxTaskNumber                             0x20004fec   Data           4  lto-llvm-efda09.o(.bss.uxTaskNumber)
    [Anonymous Symbol]                       0x20004fec   Section        0  lto-llvm-efda09.o(.bss.uxTaskNumber)
    uxTopReadyPriority                       0x20004ff0   Data           4  lto-llvm-efda09.o(.bss.uxTopReadyPriority)
    [Anonymous Symbol]                       0x20004ff0   Section        0  lto-llvm-efda09.o(.bss.uxTopReadyPriority)
    vApplicationGetIdleTaskMemory.uxIdleTaskStack 0x20004ff4   Data         512  lto-llvm-efda09.o(.bss.vApplicationGetIdleTaskMemory.uxIdleTaskStack)
    [Anonymous Symbol]                       0x20004ff4   Section        0  lto-llvm-efda09.o(.bss.vApplicationGetIdleTaskMemory.uxIdleTaskStack)
    vApplicationGetIdleTaskMemory.xIdleTaskTCB 0x200051f4   Data          92  lto-llvm-efda09.o(.bss.vApplicationGetIdleTaskMemory.xIdleTaskTCB)
    [Anonymous Symbol]                       0x200051f4   Section        0  lto-llvm-efda09.o(.bss.vApplicationGetIdleTaskMemory.xIdleTaskTCB)
    vApplicationGetTimerTaskMemory.uxTimerTaskStack 0x20005250   Data         512  lto-llvm-efda09.o(.bss.vApplicationGetTimerTaskMemory.uxTimerTaskStack)
    [Anonymous Symbol]                       0x20005250   Section        0  lto-llvm-efda09.o(.bss.vApplicationGetTimerTaskMemory.uxTimerTaskStack)
    vApplicationGetTimerTaskMemory.xTimerTaskTCB 0x20005450   Data          92  lto-llvm-efda09.o(.bss.vApplicationGetTimerTaskMemory.xTimerTaskTCB)
    [Anonymous Symbol]                       0x20005450   Section        0  lto-llvm-efda09.o(.bss.vApplicationGetTimerTaskMemory.xTimerTaskTCB)
    xActiveTimerList1                        0x200054ac   Data          20  lto-llvm-efda09.o(.bss.xActiveTimerList1)
    [Anonymous Symbol]                       0x200054ac   Section        0  lto-llvm-efda09.o(.bss.xActiveTimerList1)
    xActiveTimerList2                        0x200054c0   Data          20  lto-llvm-efda09.o(.bss.xActiveTimerList2)
    [Anonymous Symbol]                       0x200054c0   Section        0  lto-llvm-efda09.o(.bss.xActiveTimerList2)
    xDelayedTaskList1                        0x200054d4   Data          20  lto-llvm-efda09.o(.bss.xDelayedTaskList1)
    [Anonymous Symbol]                       0x200054d4   Section        0  lto-llvm-efda09.o(.bss.xDelayedTaskList1)
    xDelayedTaskList2                        0x200054e8   Data          20  lto-llvm-efda09.o(.bss.xDelayedTaskList2)
    [Anonymous Symbol]                       0x200054e8   Section        0  lto-llvm-efda09.o(.bss.xDelayedTaskList2)
    xFreeBytesRemaining                      0x200054fc   Data           4  lto-llvm-efda09.o(.bss.xFreeBytesRemaining)
    [Anonymous Symbol]                       0x200054fc   Section        0  lto-llvm-efda09.o(.bss.xFreeBytesRemaining)
    xIdleTaskHandles.0                       0x20005500   Data           4  lto-llvm-efda09.o(.bss.xIdleTaskHandles.0)
    [Anonymous Symbol]                       0x20005500   Section        0  lto-llvm-efda09.o(.bss.xIdleTaskHandles.0)
    xMinimumEverFreeBytesRemaining           0x20005504   Data           4  lto-llvm-efda09.o(.bss.xMinimumEverFreeBytesRemaining)
    [Anonymous Symbol]                       0x20005504   Section        0  lto-llvm-efda09.o(.bss.xMinimumEverFreeBytesRemaining)
    xNextTaskUnblockTime                     0x20005508   Data           4  lto-llvm-efda09.o(.bss.xNextTaskUnblockTime)
    [Anonymous Symbol]                       0x20005508   Section        0  lto-llvm-efda09.o(.bss.xNextTaskUnblockTime)
    xNumOfOverflows                          0x2000550c   Data           4  lto-llvm-efda09.o(.bss.xNumOfOverflows)
    [Anonymous Symbol]                       0x2000550c   Section        0  lto-llvm-efda09.o(.bss.xNumOfOverflows)
    xNumberOfSuccessfulAllocations           0x20005510   Data           4  lto-llvm-efda09.o(.bss.xNumberOfSuccessfulAllocations)
    [Anonymous Symbol]                       0x20005510   Section        0  lto-llvm-efda09.o(.bss.xNumberOfSuccessfulAllocations)
    xNumberOfSuccessfulFrees                 0x20005514   Data           4  lto-llvm-efda09.o(.bss.xNumberOfSuccessfulFrees)
    [Anonymous Symbol]                       0x20005514   Section        0  lto-llvm-efda09.o(.bss.xNumberOfSuccessfulFrees)
    xPendedTicks                             0x20005518   Data           4  lto-llvm-efda09.o(.bss.xPendedTicks)
    [Anonymous Symbol]                       0x20005518   Section        0  lto-llvm-efda09.o(.bss.xPendedTicks)
    xPendingReadyList                        0x2000551c   Data          20  lto-llvm-efda09.o(.bss.xPendingReadyList)
    [Anonymous Symbol]                       0x2000551c   Section        0  lto-llvm-efda09.o(.bss.xPendingReadyList)
    xSchedulerRunning                        0x20005530   Data           4  lto-llvm-efda09.o(.bss.xSchedulerRunning)
    [Anonymous Symbol]                       0x20005530   Section        0  lto-llvm-efda09.o(.bss.xSchedulerRunning)
    xStart                                   0x20005534   Data           8  lto-llvm-efda09.o(.bss.xStart)
    [Anonymous Symbol]                       0x20005534   Section        0  lto-llvm-efda09.o(.bss.xStart)
    xSuspendedTaskList                       0x2000553c   Data          20  lto-llvm-efda09.o(.bss.xSuspendedTaskList)
    [Anonymous Symbol]                       0x2000553c   Section        0  lto-llvm-efda09.o(.bss.xSuspendedTaskList)
    xTasksWaitingTermination                 0x20005550   Data          20  lto-llvm-efda09.o(.bss.xTasksWaitingTermination)
    [Anonymous Symbol]                       0x20005550   Section        0  lto-llvm-efda09.o(.bss.xTasksWaitingTermination)
    xTickCount                               0x20005564   Data           4  lto-llvm-efda09.o(.bss.xTickCount)
    [Anonymous Symbol]                       0x20005564   Section        0  lto-llvm-efda09.o(.bss.xTickCount)
    xTimerQueue                              0x20005568   Data           4  lto-llvm-efda09.o(.bss.xTimerQueue)
    [Anonymous Symbol]                       0x20005568   Section        0  lto-llvm-efda09.o(.bss.xTimerQueue)
    xTimerTaskHandle                         0x2000556c   Data           4  lto-llvm-efda09.o(.bss.xTimerTaskHandle)
    [Anonymous Symbol]                       0x2000556c   Section        0  lto-llvm-efda09.o(.bss.xTimerTaskHandle)
    xYieldPendings                           0x20005570   Data           4  lto-llvm-efda09.o(.bss.xYieldPendings)
    [Anonymous Symbol]                       0x20005570   Section        0  lto-llvm-efda09.o(.bss.xYieldPendings)
    Heap_Mem                                 0x20005578   Data         512  startup_stm32f407xx.o(HEAP)
    HEAP                                     0x20005578   Section      512  startup_stm32f407xx.o(HEAP)
    Stack_Mem                                0x20005778   Data        1024  startup_stm32f407xx.o(STACK)
    STACK                                    0x20005778   Section     1024  startup_stm32f407xx.o(STACK)
    __initial_sp                             0x20005b78   Data           0  startup_stm32f407xx.o(STACK)

    Global Symbols

    Symbol Name                              Value     Ov Type        Size  Object(Section)

    BuildAttributes$$THM_ISAv4$E$P$D$K$B$S$7EM$VFPi3$EXTD16$VFPS$VFMA$PE$A:L22UL41UL21$X:L11$S22US41US21$IEEE1$IW$~IW$USESV6$~STKCKD$USESV7$~SHL$OSPACE$ROPI$IEEEF$EBA8$UX$STANDARDLIB$REQ8$PRES8$EABIv2 0x00000000   Number         0  anon$$obj.o ABSOLUTE
    __ARM_exceptions_init                     - Undefined Weak Reference
    __alloca_initialize                       - Undefined Weak Reference
    __arm_preinit_                            - Undefined Weak Reference
    __arm_relocate_pie_                       - Undefined Weak Reference
    __cpp_initialize__aeabi_                  - Undefined Weak Reference
    __cxa_finalize                            - Undefined Weak Reference
    __rt_locale                               - Undefined Weak Reference
    __sigvec_lookup                           - Undefined Weak Reference
    _atexit_init                              - Undefined Weak Reference
    _call_atexit_fns                          - Undefined Weak Reference
    _clock_init                               - Undefined Weak Reference
    _fp_trap_init                             - Undefined Weak Reference
    _fp_trap_shutdown                         - Undefined Weak Reference
    _get_lc_collate                           - Undefined Weak Reference
    _get_lc_ctype                             - Undefined Weak Reference
    _get_lc_monetary                          - Undefined Weak Reference
    _get_lc_numeric                           - Undefined Weak Reference
    _get_lc_time                              - Undefined Weak Reference
    _getenv_init                              - Undefined Weak Reference
    _handle_redirection                       - Undefined Weak Reference
    _init_alloc                               - Undefined Weak Reference
    _init_user_alloc                          - Undefined Weak Reference
    _initio                                   - Undefined Weak Reference
    _rand_init                                - Undefined Weak Reference
    _signal_finish                            - Undefined Weak Reference
    _signal_init                              - Undefined Weak Reference
    _terminate_alloc                          - Undefined Weak Reference
    _terminate_user_alloc                     - Undefined Weak Reference
    _terminateio                              - Undefined Weak Reference
    __Vectors_Size                           0x00000188   Number         0  startup_stm32f407xx.o ABSOLUTE
    __Vectors                                0x08000000   Data           4  startup_stm32f407xx.o(RESET)
    __Vectors_End                            0x08000188   Data           0  startup_stm32f407xx.o(RESET)
    __main                                   0x08000189   Thumb Code     8  __main.o(!!!main)
    __scatterload                            0x08000191   Thumb Code     0  __scatter.o(!!!scatter)
    __scatterload_rt2                        0x08000191   Thumb Code    84  __scatter.o(!!!scatter)
    __scatterload_rt2_thumb_only             0x08000191   Thumb Code     0  __scatter.o(!!!scatter)
    __scatterload_loop                       0x0800019b   Thumb Code     0  __scatter.o(!!!scatter)
    __scatterload_copy                       0x080001ed   Thumb Code    26  __scatter_copy.o(!!handler_copy)
    __scatterload_null                       0x08000209   Thumb Code     2  __scatter.o(!!handler_null)
    __scatterload_zeroinit                   0x0800020d   Thumb Code    28  __scatter_zi.o(!!handler_zi)
    __rt_lib_init                            0x08000229   Thumb Code     0  libinit.o(.ARM.Collect$$libinit$$00000000)
    __rt_lib_init_fp_1                       0x0800022b   Thumb Code     0  libinit2.o(.ARM.Collect$$libinit$$00000001)
    __rt_lib_init_alloca_1                   0x0800022f   Thumb Code     0  libinit2.o(.ARM.Collect$$libinit$$00000030)
    __rt_lib_init_argv_1                     0x0800022f   Thumb Code     0  libinit2.o(.ARM.Collect$$libinit$$0000002E)
    __rt_lib_init_atexit_1                   0x0800022f   Thumb Code     0  libinit2.o(.ARM.Collect$$libinit$$0000001D)
    __rt_lib_init_clock_1                    0x0800022f   Thumb Code     0  libinit2.o(.ARM.Collect$$libinit$$00000023)
    __rt_lib_init_cpp_1                      0x0800022f   Thumb Code     0  libinit2.o(.ARM.Collect$$libinit$$00000034)
    __rt_lib_init_exceptions_1               0x0800022f   Thumb Code     0  libinit2.o(.ARM.Collect$$libinit$$00000032)
    __rt_lib_init_fp_trap_1                  0x0800022f   Thumb Code     0  libinit2.o(.ARM.Collect$$libinit$$00000021)
    __rt_lib_init_getenv_1                   0x0800022f   Thumb Code     0  libinit2.o(.ARM.Collect$$libinit$$00000025)
    __rt_lib_init_heap_1                     0x0800022f   Thumb Code     0  libinit2.o(.ARM.Collect$$libinit$$0000000C)
    __rt_lib_init_lc_collate_1               0x0800022f   Thumb Code     0  libinit2.o(.ARM.Collect$$libinit$$00000013)
    __rt_lib_init_lc_ctype_1                 0x0800022f   Thumb Code     0  libinit2.o(.ARM.Collect$$libinit$$00000015)
    __rt_lib_init_lc_monetary_1              0x0800022f   Thumb Code     0  libinit2.o(.ARM.Collect$$libinit$$00000017)
    __rt_lib_init_lc_numeric_1               0x0800022f   Thumb Code     0  libinit2.o(.ARM.Collect$$libinit$$00000019)
    __rt_lib_init_lc_time_1                  0x0800022f   Thumb Code     0  libinit2.o(.ARM.Collect$$libinit$$0000001B)
    __rt_lib_init_preinit_1                  0x0800022f   Thumb Code     0  libinit2.o(.ARM.Collect$$libinit$$00000006)
    __rt_lib_init_rand_1                     0x0800022f   Thumb Code     0  libinit2.o(.ARM.Collect$$libinit$$00000010)
    __rt_lib_init_relocate_pie_1             0x0800022f   Thumb Code     0  libinit2.o(.ARM.Collect$$libinit$$00000004)
    __rt_lib_init_return                     0x0800022f   Thumb Code     0  libinit2.o(.ARM.Collect$$libinit$$00000035)
    __rt_lib_init_signal_1                   0x0800022f   Thumb Code     0  libinit2.o(.ARM.Collect$$libinit$$0000001F)
    __rt_lib_init_stdio_1                    0x0800022f   Thumb Code     0  libinit2.o(.ARM.Collect$$libinit$$00000027)
    __rt_lib_init_user_alloc_1               0x0800022f   Thumb Code     0  libinit2.o(.ARM.Collect$$libinit$$0000000E)
    __rt_lib_shutdown                        0x08000231   Thumb Code     0  libshutdown.o(.ARM.Collect$$libshutdown$$00000000)
    __rt_lib_shutdown_cpp_1                  0x08000233   Thumb Code     0  libshutdown2.o(.ARM.Collect$$libshutdown$$00000002)
    __rt_lib_shutdown_fp_trap_1              0x08000233   Thumb Code     0  libshutdown2.o(.ARM.Collect$$libshutdown$$00000007)
    __rt_lib_shutdown_heap_1                 0x08000233   Thumb Code     0  libshutdown2.o(.ARM.Collect$$libshutdown$$0000000F)
    __rt_lib_shutdown_return                 0x08000233   Thumb Code     0  libshutdown2.o(.ARM.Collect$$libshutdown$$00000010)
    __rt_lib_shutdown_signal_1               0x08000233   Thumb Code     0  libshutdown2.o(.ARM.Collect$$libshutdown$$0000000A)
    __rt_lib_shutdown_stdio_1                0x08000233   Thumb Code     0  libshutdown2.o(.ARM.Collect$$libshutdown$$00000004)
    __rt_lib_shutdown_user_alloc_1           0x08000233   Thumb Code     0  libshutdown2.o(.ARM.Collect$$libshutdown$$0000000C)
    __rt_entry                               0x08000235   Thumb Code     0  __rtentry.o(.ARM.Collect$$rtentry$$00000000)
    __rt_entry_presh_1                       0x08000235   Thumb Code     0  __rtentry2.o(.ARM.Collect$$rtentry$$00000002)
    __rt_entry_sh                            0x08000235   Thumb Code     0  __rtentry4.o(.ARM.Collect$$rtentry$$00000004)
    __rt_entry_postsh_1                      0x0800023b   Thumb Code     0  __rtentry2.o(.ARM.Collect$$rtentry$$00000008)
    __rt_entry_li                            0x08000243   Thumb Code     0  __rtentry2.o(.ARM.Collect$$rtentry$$0000000A)
    __rt_entry_main                          0x08000247   Thumb Code     0  __rtentry2.o(.ARM.Collect$$rtentry$$0000000D)
    __rt_entry_postli_1                      0x08000247   Thumb Code     0  __rtentry2.o(.ARM.Collect$$rtentry$$0000000C)
    __rt_exit                                0x0800024f   Thumb Code     0  rtexit.o(.ARM.Collect$$rtexit$$00000000)
    __rt_exit_ls                             0x08000251   Thumb Code     0  rtexit2.o(.ARM.Collect$$rtexit$$00000003)
    __rt_exit_prels_1                        0x08000251   Thumb Code     0  rtexit2.o(.ARM.Collect$$rtexit$$00000002)
    __rt_exit_exit                           0x08000255   Thumb Code     0  rtexit2.o(.ARM.Collect$$rtexit$$00000004)
    Reset_Handler                            0x0800025d   Thumb Code     8  startup_stm32f407xx.o(.text)
    ADC_IRQHandler                           0x08000277   Thumb Code     0  startup_stm32f407xx.o(.text)
    CAN1_RX0_IRQHandler                      0x08000277   Thumb Code     0  startup_stm32f407xx.o(.text)
    CAN1_RX1_IRQHandler                      0x08000277   Thumb Code     0  startup_stm32f407xx.o(.text)
    CAN1_SCE_IRQHandler                      0x08000277   Thumb Code     0  startup_stm32f407xx.o(.text)
    CAN1_TX_IRQHandler                       0x08000277   Thumb Code     0  startup_stm32f407xx.o(.text)
    CAN2_RX0_IRQHandler                      0x08000277   Thumb Code     0  startup_stm32f407xx.o(.text)
    CAN2_RX1_IRQHandler                      0x08000277   Thumb Code     0  startup_stm32f407xx.o(.text)
    CAN2_SCE_IRQHandler                      0x08000277   Thumb Code     0  startup_stm32f407xx.o(.text)
    CAN2_TX_IRQHandler                       0x08000277   Thumb Code     0  startup_stm32f407xx.o(.text)
    DCMI_IRQHandler                          0x08000277   Thumb Code     0  startup_stm32f407xx.o(.text)
    DMA1_Stream0_IRQHandler                  0x08000277   Thumb Code     0  startup_stm32f407xx.o(.text)
    DMA1_Stream1_IRQHandler                  0x08000277   Thumb Code     0  startup_stm32f407xx.o(.text)
    DMA1_Stream2_IRQHandler                  0x08000277   Thumb Code     0  startup_stm32f407xx.o(.text)
    DMA1_Stream3_IRQHandler                  0x08000277   Thumb Code     0  startup_stm32f407xx.o(.text)
    DMA1_Stream4_IRQHandler                  0x08000277   Thumb Code     0  startup_stm32f407xx.o(.text)
    DMA1_Stream5_IRQHandler                  0x08000277   Thumb Code     0  startup_stm32f407xx.o(.text)
    DMA1_Stream6_IRQHandler                  0x08000277   Thumb Code     0  startup_stm32f407xx.o(.text)
    DMA1_Stream7_IRQHandler                  0x08000277   Thumb Code     0  startup_stm32f407xx.o(.text)
    DMA2_Stream0_IRQHandler                  0x08000277   Thumb Code     0  startup_stm32f407xx.o(.text)
    DMA2_Stream1_IRQHandler                  0x08000277   Thumb Code     0  startup_stm32f407xx.o(.text)
    DMA2_Stream2_IRQHandler                  0x08000277   Thumb Code     0  startup_stm32f407xx.o(.text)
    DMA2_Stream3_IRQHandler                  0x08000277   Thumb Code     0  startup_stm32f407xx.o(.text)
    DMA2_Stream4_IRQHandler                  0x08000277   Thumb Code     0  startup_stm32f407xx.o(.text)
    DMA2_Stream5_IRQHandler                  0x08000277   Thumb Code     0  startup_stm32f407xx.o(.text)
    DMA2_Stream6_IRQHandler                  0x08000277   Thumb Code     0  startup_stm32f407xx.o(.text)
    DMA2_Stream7_IRQHandler                  0x08000277   Thumb Code     0  startup_stm32f407xx.o(.text)
    ETH_IRQHandler                           0x08000277   Thumb Code     0  startup_stm32f407xx.o(.text)
    ETH_WKUP_IRQHandler                      0x08000277   Thumb Code     0  startup_stm32f407xx.o(.text)
    EXTI15_10_IRQHandler                     0x08000277   Thumb Code     0  startup_stm32f407xx.o(.text)
    EXTI1_IRQHandler                         0x08000277   Thumb Code     0  startup_stm32f407xx.o(.text)
    EXTI2_IRQHandler                         0x08000277   Thumb Code     0  startup_stm32f407xx.o(.text)
    EXTI3_IRQHandler                         0x08000277   Thumb Code     0  startup_stm32f407xx.o(.text)
    EXTI4_IRQHandler                         0x08000277   Thumb Code     0  startup_stm32f407xx.o(.text)
    EXTI9_5_IRQHandler                       0x08000277   Thumb Code     0  startup_stm32f407xx.o(.text)
    FLASH_IRQHandler                         0x08000277   Thumb Code     0  startup_stm32f407xx.o(.text)
    FMC_IRQHandler                           0x08000277   Thumb Code     0  startup_stm32f407xx.o(.text)
    FPU_IRQHandler                           0x08000277   Thumb Code     0  startup_stm32f407xx.o(.text)
    HASH_RNG_IRQHandler                      0x08000277   Thumb Code     0  startup_stm32f407xx.o(.text)
    I2C1_ER_IRQHandler                       0x08000277   Thumb Code     0  startup_stm32f407xx.o(.text)
    I2C1_EV_IRQHandler                       0x08000277   Thumb Code     0  startup_stm32f407xx.o(.text)
    I2C2_ER_IRQHandler                       0x08000277   Thumb Code     0  startup_stm32f407xx.o(.text)
    I2C2_EV_IRQHandler                       0x08000277   Thumb Code     0  startup_stm32f407xx.o(.text)
    I2C3_ER_IRQHandler                       0x08000277   Thumb Code     0  startup_stm32f407xx.o(.text)
    I2C3_EV_IRQHandler                       0x08000277   Thumb Code     0  startup_stm32f407xx.o(.text)
    OTG_FS_WKUP_IRQHandler                   0x08000277   Thumb Code     0  startup_stm32f407xx.o(.text)
    OTG_HS_EP1_IN_IRQHandler                 0x08000277   Thumb Code     0  startup_stm32f407xx.o(.text)
    OTG_HS_EP1_OUT_IRQHandler                0x08000277   Thumb Code     0  startup_stm32f407xx.o(.text)
    OTG_HS_IRQHandler                        0x08000277   Thumb Code     0  startup_stm32f407xx.o(.text)
    OTG_HS_WKUP_IRQHandler                   0x08000277   Thumb Code     0  startup_stm32f407xx.o(.text)
    PVD_IRQHandler                           0x08000277   Thumb Code     0  startup_stm32f407xx.o(.text)
    RCC_IRQHandler                           0x08000277   Thumb Code     0  startup_stm32f407xx.o(.text)
    RTC_Alarm_IRQHandler                     0x08000277   Thumb Code     0  startup_stm32f407xx.o(.text)
    RTC_WKUP_IRQHandler                      0x08000277   Thumb Code     0  startup_stm32f407xx.o(.text)
    SDIO_IRQHandler                          0x08000277   Thumb Code     0  startup_stm32f407xx.o(.text)
    SPI1_IRQHandler                          0x08000277   Thumb Code     0  startup_stm32f407xx.o(.text)
    SPI2_IRQHandler                          0x08000277   Thumb Code     0  startup_stm32f407xx.o(.text)
    SPI3_IRQHandler                          0x08000277   Thumb Code     0  startup_stm32f407xx.o(.text)
    TAMP_STAMP_IRQHandler                    0x08000277   Thumb Code     0  startup_stm32f407xx.o(.text)
    TIM1_BRK_TIM9_IRQHandler                 0x08000277   Thumb Code     0  startup_stm32f407xx.o(.text)
    TIM1_CC_IRQHandler                       0x08000277   Thumb Code     0  startup_stm32f407xx.o(.text)
    TIM1_TRG_COM_TIM11_IRQHandler            0x08000277   Thumb Code     0  startup_stm32f407xx.o(.text)
    TIM2_IRQHandler                          0x08000277   Thumb Code     0  startup_stm32f407xx.o(.text)
    TIM3_IRQHandler                          0x08000277   Thumb Code     0  startup_stm32f407xx.o(.text)
    TIM4_IRQHandler                          0x08000277   Thumb Code     0  startup_stm32f407xx.o(.text)
    TIM5_IRQHandler                          0x08000277   Thumb Code     0  startup_stm32f407xx.o(.text)
    TIM6_DAC_IRQHandler                      0x08000277   Thumb Code     0  startup_stm32f407xx.o(.text)
    TIM7_IRQHandler                          0x08000277   Thumb Code     0  startup_stm32f407xx.o(.text)
    TIM8_BRK_TIM12_IRQHandler                0x08000277   Thumb Code     0  startup_stm32f407xx.o(.text)
    TIM8_CC_IRQHandler                       0x08000277   Thumb Code     0  startup_stm32f407xx.o(.text)
    TIM8_TRG_COM_TIM14_IRQHandler            0x08000277   Thumb Code     0  startup_stm32f407xx.o(.text)
    TIM8_UP_TIM13_IRQHandler                 0x08000277   Thumb Code     0  startup_stm32f407xx.o(.text)
    UART4_IRQHandler                         0x08000277   Thumb Code     0  startup_stm32f407xx.o(.text)
    UART5_IRQHandler                         0x08000277   Thumb Code     0  startup_stm32f407xx.o(.text)
    USART1_IRQHandler                        0x08000277   Thumb Code     0  startup_stm32f407xx.o(.text)
    USART2_IRQHandler                        0x08000277   Thumb Code     0  startup_stm32f407xx.o(.text)
    USART3_IRQHandler                        0x08000277   Thumb Code     0  startup_stm32f407xx.o(.text)
    USART6_IRQHandler                        0x08000277   Thumb Code     0  startup_stm32f407xx.o(.text)
    WWDG_IRQHandler                          0x08000277   Thumb Code     0  startup_stm32f407xx.o(.text)
    __user_initial_stackheap                 0x08000279   Thumb Code     0  startup_stm32f407xx.o(.text)
    __use_two_region_memory                  0x0800029d   Thumb Code     2  heapauxi.o(.text)
    __rt_heap_escrow$2region                 0x0800029f   Thumb Code     2  heapauxi.o(.text)
    __rt_heap_expand$2region                 0x080002a1   Thumb Code     2  heapauxi.o(.text)
    __user_setup_stackheap                   0x080002a3   Thumb Code    74  sys_stackheap_outer.o(.text)
    exit                                     0x080002ed   Thumb Code    18  exit.o(.text)
    __user_libspace                          0x08000301   Thumb Code     8  libspace.o(.text)
    __user_perproc_libspace                  0x08000301   Thumb Code     0  libspace.o(.text)
    _sys_exit                                0x08000309   Thumb Code     8  sys_exit.o(.text)
    __I$use$semihosting                      0x08000315   Thumb Code     0  use_no_semi.o(.text)
    __use_no_semihosting_swi                 0x08000315   Thumb Code     2  use_no_semi.o(.text)
    __aeabi_uldivmod                         0x08000317   Thumb Code     0  lludivv7m.o(.text)
    __semihosting_library_function           0x08000317   Thumb Code     0  indicate_semi.o(.text)
    _ll_udiv                                 0x08000317   Thumb Code   240  lludivv7m.o(.text)
    __aeabi_memcpy                           0x08000407   Thumb Code     0  rt_memcpy_v6.o(.text)
    __rt_memcpy                              0x08000407   Thumb Code   138  rt_memcpy_v6.o(.text)
    _memcpy_lastbytes                        0x0800046d   Thumb Code     0  rt_memcpy_v6.o(.text)
    __aeabi_memset4                          0x08000491   Thumb Code    16  aeabi_memset4.o(.text)
    __aeabi_memset8                          0x08000491   Thumb Code     0  aeabi_memset4.o(.text)
    __aeabi_memclr                           0x080004a1   Thumb Code     0  rt_memclr.o(.text)
    __rt_memclr                              0x080004a1   Thumb Code     0  rt_memclr.o(.text)
    _memset                                  0x080004a5   Thumb Code    64  rt_memclr.o(.text)
    __aeabi_memclr4                          0x080004e5   Thumb Code     0  rt_memclr_w.o(.text)
    __aeabi_memclr8                          0x080004e5   Thumb Code     0  rt_memclr_w.o(.text)
    __rt_memclr_w                            0x080004e5   Thumb Code     0  rt_memclr_w.o(.text)
    _memset_w                                0x080004e9   Thumb Code    74  rt_memclr_w.o(.text)
    __aeabi_memcpy4                          0x08000533   Thumb Code     0  rt_memcpy_w.o(.text)
    __aeabi_memcpy8                          0x08000533   Thumb Code     0  rt_memcpy_w.o(.text)
    __rt_memcpy_w                            0x08000533   Thumb Code   100  rt_memcpy_w.o(.text)
    _memcpy_lastbytes_aligned                0x0800057b   Thumb Code     0  rt_memcpy_w.o(.text)
    _fp_init                                 0x08000597   Thumb Code    22  lto-llvm-efda09.o(.text.$Sub$$_fp_init)
    BusFault_Handler                         0x080005ad   Thumb Code     2  lto-llvm-efda09.o(.text.BusFault_Handler)
    DebugMon_Handler                         0x08000641   Thumb Code     2  lto-llvm-efda09.o(.text.DebugMon_Handler)
    EXTI0_IRQHandler                         0x08000643   Thumb Code    20  lto-llvm-efda09.o(.text.EXTI0_IRQHandler)
    HardFault_Handler                        0x08001445   Thumb Code     2  lto-llvm-efda09.o(.text.HardFault_Handler)
    MemManage_Handler                        0x08001449   Thumb Code     2  lto-llvm-efda09.o(.text.MemManage_Handler)
    NMI_Handler                              0x0800144d   Thumb Code     2  lto-llvm-efda09.o(.text.NMI_Handler)
    OTG_FS_IRQHandler                        0x08001451   Thumb Code  2798  lto-llvm-efda09.o(.text.OTG_FS_IRQHandler)
    PendSV_Handler                           0x08001f41   Thumb Code    96  lto-llvm-efda09.o(.text.PendSV_Handler)
    SVC_Handler                              0x08001fa1   Thumb Code    32  lto-llvm-efda09.o(.text.SVC_Handler)
    SysTick_Handler                          0x08001fc1   Thumb Code    66  lto-llvm-efda09.o(.text.SysTick_Handler)
    SystemInit                               0x08002003   Thumb Code    18  lto-llvm-efda09.o(.text.SystemInit)
    TIM1_UP_TIM10_IRQHandler                 0x08002015   Thumb Code   212  lto-llvm-efda09.o(.text.TIM1_UP_TIM10_IRQHandler)
    UsageFault_Handler                       0x08002f01   Thumb Code     2  lto-llvm-efda09.o(.text.UsageFault_Handler)
    _mutex_acquire                           0x08002f3d   Thumb Code    32  lto-llvm-efda09.o(.text._mutex_acquire)
    _mutex_free                              0x08002f5d   Thumb Code    76  lto-llvm-efda09.o(.text._mutex_free)
    _mutex_initialize                        0x08002fa9   Thumb Code   120  lto-llvm-efda09.o(.text._mutex_initialize)
    _mutex_release                           0x08003021   Thumb Code    32  lto-llvm-efda09.o(.text._mutex_release)
    _platform_post_stackheap_init            0x08003041   Thumb Code     4  lto-llvm-efda09.o(.text._platform_post_stackheap_init)
    main                                     0x0800334d   Thumb Code  3196  lto-llvm-efda09.o(.text.main)
    vTaskSwitchContext                       0x0800547d   Thumb Code   234  lto-llvm-efda09.o(.text.vTaskSwitchContext)
    $Super$$_fp_init                         0x0800667b   Thumb Code    26  fpinit.o(x$fpl$fpinit)
    __fplib_config_fpu_vfp                   0x08006693   Thumb Code     0  fpinit.o(x$fpl$fpinit)
    __fplib_config_pureend_doubles           0x08006693   Thumb Code     0  fpinit.o(x$fpl$fpinit)
    ARM_FaultVersion                         0x080066b8   Data           6  lto-llvm-efda09.o(.rodata.ARM_FaultVersion)
    EventRecorderInfo                        0x080066c0   Data          24  lto-llvm-efda09.o(.rodata.EventRecorderInfo)
    Region$$Table$$Base                      0x0800675c   Number         0  anon$$obj.o(Region$$Table)
    Region$$Table$$Limit                     0x0800677c   Number         0  anon$$obj.o(Region$$Table)
    __libspace_start                         0x20000100   Data          96  libspace.o(.bss)
    __temporary_stack_top$libspace           0x20000160   Data           0  libspace.o(.bss)
    ARM_FaultInfo                            0x20002a24   Data         140  lto-llvm-efda09.o(.bss.noinit.fault)
    pxCurrentTCB                             0x20002b54   Data           4  lto-llvm-efda09.o(.bss.pxCurrentTCB)



==============================================================================

Memory Map of the image

  Image Entry point : 0x08000189

  Load Region LR_IROM1 (Base: 0x08000000, Size: 0x00006880, Max: 0x00100000, ABSOLUTE)

    Execution Region ER_IROM1 (Exec base: 0x08000000, Load base: 0x08000000, Size: 0x0000677c, Max: 0x00100000, ABSOLUTE)

    Exec Addr    Load Addr    Size         Type   Attr      Idx    E Section Name        Object

    0x08000000   0x08000000   0x00000188   Data   RO            8    RESET               startup_stm32f407xx.o
    0x08000188   0x08000188   0x00000008   Code   RO           62  * !!!main             c_w.l(__main.o)
    0x08000190   0x08000190   0x0000005c   Code   RO          553    !!!scatter          c_w.l(__scatter.o)
    0x080001ec   0x080001ec   0x0000001a   Code   RO          557    !!handler_copy      c_w.l(__scatter_copy.o)
    0x08000206   0x08000206   0x00000002   PAD
    0x08000208   0x08000208   0x00000002   Code   RO          554    !!handler_null      c_w.l(__scatter.o)
    0x0800020a   0x0800020a   0x00000002   PAD
    0x0800020c   0x0800020c   0x0000001c   Code   RO          559    !!handler_zi        c_w.l(__scatter_zi.o)
    0x08000228   0x08000228   0x00000002   Code   RO           89    .ARM.Collect$$libinit$$00000000  c_w.l(libinit.o)
    0x0800022a   0x0800022a   0x00000004   Code   RO           95    .ARM.Collect$$libinit$$00000001  c_w.l(libinit2.o)
    0x0800022e   0x0800022e   0x00000000   Code   RO           98    .ARM.Collect$$libinit$$00000004  c_w.l(libinit2.o)
    0x0800022e   0x0800022e   0x00000000   Code   RO          100    .ARM.Collect$$libinit$$00000006  c_w.l(libinit2.o)
    0x0800022e   0x0800022e   0x00000000   Code   RO          103    .ARM.Collect$$libinit$$0000000C  c_w.l(libinit2.o)
    0x0800022e   0x0800022e   0x00000000   Code   RO          105    .ARM.Collect$$libinit$$0000000E  c_w.l(libinit2.o)
    0x0800022e   0x0800022e   0x00000000   Code   RO          107    .ARM.Collect$$libinit$$00000010  c_w.l(libinit2.o)
    0x0800022e   0x0800022e   0x00000000   Code   RO          110    .ARM.Collect$$libinit$$00000013  c_w.l(libinit2.o)
    0x0800022e   0x0800022e   0x00000000   Code   RO          112    .ARM.Collect$$libinit$$00000015  c_w.l(libinit2.o)
    0x0800022e   0x0800022e   0x00000000   Code   RO          114    .ARM.Collect$$libinit$$00000017  c_w.l(libinit2.o)
    0x0800022e   0x0800022e   0x00000000   Code   RO          116    .ARM.Collect$$libinit$$00000019  c_w.l(libinit2.o)
    0x0800022e   0x0800022e   0x00000000   Code   RO          118    .ARM.Collect$$libinit$$0000001B  c_w.l(libinit2.o)
    0x0800022e   0x0800022e   0x00000000   Code   RO          120    .ARM.Collect$$libinit$$0000001D  c_w.l(libinit2.o)
    0x0800022e   0x0800022e   0x00000000   Code   RO          122    .ARM.Collect$$libinit$$0000001F  c_w.l(libinit2.o)
    0x0800022e   0x0800022e   0x00000000   Code   RO          124    .ARM.Collect$$libinit$$00000021  c_w.l(libinit2.o)
    0x0800022e   0x0800022e   0x00000000   Code   RO          126    .ARM.Collect$$libinit$$00000023  c_w.l(libinit2.o)
    0x0800022e   0x0800022e   0x00000000   Code   RO          128    .ARM.Collect$$libinit$$00000025  c_w.l(libinit2.o)
    0x0800022e   0x0800022e   0x00000000   Code   RO          130    .ARM.Collect$$libinit$$00000027  c_w.l(libinit2.o)
    0x0800022e   0x0800022e   0x00000000   Code   RO          134    .ARM.Collect$$libinit$$0000002E  c_w.l(libinit2.o)
    0x0800022e   0x0800022e   0x00000000   Code   RO          136    .ARM.Collect$$libinit$$00000030  c_w.l(libinit2.o)
    0x0800022e   0x0800022e   0x00000000   Code   RO          138    .ARM.Collect$$libinit$$00000032  c_w.l(libinit2.o)
    0x0800022e   0x0800022e   0x00000000   Code   RO          140    .ARM.Collect$$libinit$$00000034  c_w.l(libinit2.o)
    0x0800022e   0x0800022e   0x00000002   Code   RO          141    .ARM.Collect$$libinit$$00000035  c_w.l(libinit2.o)
    0x08000230   0x08000230   0x00000002   Code   RO          161    .ARM.Collect$$libshutdown$$00000000  c_w.l(libshutdown.o)
    0x08000232   0x08000232   0x00000000   Code   RO          176    .ARM.Collect$$libshutdown$$00000002  c_w.l(libshutdown2.o)
    0x08000232   0x08000232   0x00000000   Code   RO          178    .ARM.Collect$$libshutdown$$00000004  c_w.l(libshutdown2.o)
    0x08000232   0x08000232   0x00000000   Code   RO          181    .ARM.Collect$$libshutdown$$00000007  c_w.l(libshutdown2.o)
    0x08000232   0x08000232   0x00000000   Code   RO          184    .ARM.Collect$$libshutdown$$0000000A  c_w.l(libshutdown2.o)
    0x08000232   0x08000232   0x00000000   Code   RO          186    .ARM.Collect$$libshutdown$$0000000C  c_w.l(libshutdown2.o)
    0x08000232   0x08000232   0x00000000   Code   RO          189    .ARM.Collect$$libshutdown$$0000000F  c_w.l(libshutdown2.o)
    0x08000232   0x08000232   0x00000002   Code   RO          190    .ARM.Collect$$libshutdown$$00000010  c_w.l(libshutdown2.o)
    0x08000234   0x08000234   0x00000000   Code   RO           66    .ARM.Collect$$rtentry$$00000000  c_w.l(__rtentry.o)
    0x08000234   0x08000234   0x00000000   Code   RO           68    .ARM.Collect$$rtentry$$00000002  c_w.l(__rtentry2.o)
    0x08000234   0x08000234   0x00000006   Code   RO           80    .ARM.Collect$$rtentry$$00000004  c_w.l(__rtentry4.o)
    0x0800023a   0x0800023a   0x00000008   Code   RO           69    .ARM.Collect$$rtentry$$00000008  c_w.l(__rtentry2.o)
    0x08000242   0x08000242   0x00000004   Code   RO           71    .ARM.Collect$$rtentry$$0000000A  c_w.l(__rtentry2.o)
    0x08000246   0x08000246   0x00000000   Code   RO           73    .ARM.Collect$$rtentry$$0000000C  c_w.l(__rtentry2.o)
    0x08000246   0x08000246   0x00000008   Code   RO           74    .ARM.Collect$$rtentry$$0000000D  c_w.l(__rtentry2.o)
    0x0800024e   0x0800024e   0x00000002   Code   RO           93    .ARM.Collect$$rtexit$$00000000  c_w.l(rtexit.o)
    0x08000250   0x08000250   0x00000000   Code   RO          143    .ARM.Collect$$rtexit$$00000002  c_w.l(rtexit2.o)
    0x08000250   0x08000250   0x00000004   Code   RO          144    .ARM.Collect$$rtexit$$00000003  c_w.l(rtexit2.o)
    0x08000254   0x08000254   0x00000006   Code   RO          145    .ARM.Collect$$rtexit$$00000004  c_w.l(rtexit2.o)
    0x0800025a   0x0800025a   0x00000002   PAD
    0x0800025c   0x0800025c   0x00000040   Code   RO            9    .text               startup_stm32f407xx.o
    0x0800029c   0x0800029c   0x00000006   Code   RO           60    .text               c_w.l(heapauxi.o)
    0x080002a2   0x080002a2   0x0000004a   Code   RO           82    .text               c_w.l(sys_stackheap_outer.o)
    0x080002ec   0x080002ec   0x00000012   Code   RO           84    .text               c_w.l(exit.o)
    0x080002fe   0x080002fe   0x00000002   PAD
    0x08000300   0x08000300   0x00000008   Code   RO           90    .text               c_w.l(libspace.o)
    0x08000308   0x08000308   0x0000000c   Code   RO          151    .text               c_w.l(sys_exit.o)
    0x08000314   0x08000314   0x00000002   Code   RO          166    .text               c_w.l(use_no_semi.o)
    0x08000316   0x08000316   0x00000000   Code   RO          168    .text               c_w.l(indicate_semi.o)
    0x08000316   0x08000316   0x000000f0   Code   RO          529    .text               c_w.l(lludivv7m.o)
    0x08000406   0x08000406   0x0000008a   Code   RO          531    .text               c_w.l(rt_memcpy_v6.o)
    0x08000490   0x08000490   0x00000010   Code   RO          533    .text               c_w.l(aeabi_memset4.o)
    0x080004a0   0x080004a0   0x00000044   Code   RO          535    .text               c_w.l(rt_memclr.o)
    0x080004e4   0x080004e4   0x0000004e   Code   RO          537    .text               c_w.l(rt_memclr_w.o)
    0x08000532   0x08000532   0x00000064   Code   RO          543    .text               c_w.l(rt_memcpy_w.o)
    0x08000596   0x08000596   0x00000016   Code   RO          340    .text.$Sub$$_fp_init  lto-llvm-efda09.o
    0x080005ac   0x080005ac   0x00000002   Code   RO          238    .text.BusFault_Handler  lto-llvm-efda09.o
    0x080005ae   0x080005ae   0x00000004   Code   RO          290    .text.CDC_Control_FS  lto-llvm-efda09.o
    0x080005b2   0x080005b2   0x00000004   Code   RO          288    .text.CDC_DeInit_FS  lto-llvm-efda09.o
    0x080005b6   0x080005b6   0x0000003e   Code   RO          286    .text.CDC_Init_FS   lto-llvm-efda09.o
    0x080005f4   0x080005f4   0x00000048   Code   RO          292    .text.CDC_Receive_FS  lto-llvm-efda09.o
    0x0800063c   0x0800063c   0x00000004   Code   RO          294    .text.CDC_TransmitCplt_FS  lto-llvm-efda09.o
    0x08000640   0x08000640   0x00000002   Code   RO          242    .text.DebugMon_Handler  lto-llvm-efda09.o
    0x08000642   0x08000642   0x00000014   Code   RO          244    .text.EXTI0_IRQHandler  lto-llvm-efda09.o
    0x08000656   0x08000656   0x00000002   PAD
    0x08000658   0x08000658   0x00000072   Code   RO          358    .text.EventGetTS    lto-llvm-efda09.o
    0x080006ca   0x080006ca   0x00000054   Code   RO          362    .text.EventRecord2  lto-llvm-efda09.o
    0x0800071e   0x0800071e   0x00000002   PAD
    0x08000720   0x08000720   0x00000090   Code   RO          364    .text.EventRecord4  lto-llvm-efda09.o
    0x080007b0   0x080007b0   0x000000ee   Code   RO          360    .text.EventRecordItem  lto-llvm-efda09.o
    0x0800089e   0x0800089e   0x00000002   PAD
    0x080008a0   0x080008a0   0x0000005c   Code   RO          356    .text.EventRecorderEnable  lto-llvm-efda09.o
    0x080008fc   0x080008fc   0x00000160   Code   RO          354    .text.EventRecorderInitialize  lto-llvm-efda09.o
    0x08000a5c   0x08000a5c   0x0000006a   Code   RO          366    .text.EvrFreeRTOSSetup  lto-llvm-efda09.o
    0x08000ac6   0x08000ac6   0x00000002   PAD
    0x08000ac8   0x08000ac8   0x00000196   Code   RO          318    .text.HAL_GPIO_Init  lto-llvm-efda09.o
    0x08000c5e   0x08000c5e   0x00000002   PAD
    0x08000c60   0x08000c60   0x0000015c   Code   RO          252    .text.HAL_InitTick  lto-llvm-efda09.o
    0x08000dbc   0x08000dbc   0x0000009e   Code   RO          256    .text.HAL_PCD_DataOutStageCallback  lto-llvm-efda09.o
    0x08000e5a   0x08000e5a   0x00000002   PAD
    0x08000e5c   0x08000e5c   0x000005e6   Code   RO          254    .text.HAL_PCD_SetupStageCallback  lto-llvm-efda09.o
    0x08001442   0x08001442   0x00000002   PAD
    0x08001444   0x08001444   0x00000002   Code   RO          234    .text.HardFault_Handler  lto-llvm-efda09.o
    0x08001446   0x08001446   0x00000002   PAD
    0x08001448   0x08001448   0x00000002   Code   RO          236    .text.MemManage_Handler  lto-llvm-efda09.o
    0x0800144a   0x0800144a   0x00000002   PAD
    0x0800144c   0x0800144c   0x00000002   Code   RO          232    .text.NMI_Handler   lto-llvm-efda09.o
    0x0800144e   0x0800144e   0x00000002   PAD
    0x08001450   0x08001450   0x00000aee   Code   RO          248    .text.OTG_FS_IRQHandler  lto-llvm-efda09.o
    0x08001f3e   0x08001f3e   0x00000002   PAD
    0x08001f40   0x08001f40   0x00000060   Code   RO          372    .text.PendSV_Handler  lto-llvm-efda09.o
    0x08001fa0   0x08001fa0   0x00000020   Code   RO          370    .text.SVC_Handler   lto-llvm-efda09.o
    0x08001fc0   0x08001fc0   0x00000042   Code   RO          344    .text.SysTick_Handler  lto-llvm-efda09.o
    0x08002002   0x08002002   0x00000012   Code   RO          250    .text.SystemInit    lto-llvm-efda09.o
    0x08002014   0x08002014   0x000000d4   Code   RO          246    .text.TIM1_UP_TIM10_IRQHandler  lto-llvm-efda09.o
    0x080020e8   0x080020e8   0x00000076   Code   RO          306    .text.USBD_CDC_DataIn  lto-llvm-efda09.o
    0x0800215e   0x0800215e   0x00000040   Code   RO          308    .text.USBD_CDC_DataOut  lto-llvm-efda09.o
    0x0800219e   0x0800219e   0x0000005c   Code   RO          300    .text.USBD_CDC_DeInit  lto-llvm-efda09.o
    0x080021fa   0x080021fa   0x00000036   Code   RO          304    .text.USBD_CDC_EP0_RxReady  lto-llvm-efda09.o
    0x08002230   0x08002230   0x00000010   Code   RO          316    .text.USBD_CDC_GetDeviceQualifierDescriptor  lto-llvm-efda09.o
    0x08002240   0x08002240   0x000000be   Code   RO          312    .text.USBD_CDC_GetFSCfgDesc  lto-llvm-efda09.o
    0x080022fe   0x080022fe   0x00000002   PAD
    0x08002300   0x08002300   0x000000c2   Code   RO          310    .text.USBD_CDC_GetHSCfgDesc  lto-llvm-efda09.o
    0x080023c2   0x080023c2   0x00000002   PAD
    0x080023c4   0x080023c4   0x000000be   Code   RO          314    .text.USBD_CDC_GetOtherSpeedCfgDesc  lto-llvm-efda09.o
    0x08002482   0x08002482   0x000000c0   Code   RO          298    .text.USBD_CDC_Init  lto-llvm-efda09.o
    0x08002542   0x08002542   0x00000138   Code   RO          302    .text.USBD_CDC_Setup  lto-llvm-efda09.o
    0x0800267a   0x0800267a   0x00000002   PAD
    0x0800267c   0x0800267c   0x00000020   Code   RO          282    .text.USBD_FS_ConfigStrDescriptor  lto-llvm-efda09.o
    0x0800269c   0x0800269c   0x0000000e   Code   RO          272    .text.USBD_FS_DeviceDescriptor  lto-llvm-efda09.o
    0x080026aa   0x080026aa   0x00000002   PAD
    0x080026ac   0x080026ac   0x00000024   Code   RO          284    .text.USBD_FS_InterfaceStrDescriptor  lto-llvm-efda09.o
    0x080026d0   0x080026d0   0x0000000e   Code   RO          274    .text.USBD_FS_LangIDStrDescriptor  lto-llvm-efda09.o
    0x080026de   0x080026de   0x00000002   PAD
    0x080026e0   0x080026e0   0x00000028   Code   RO          276    .text.USBD_FS_ManufacturerStrDescriptor  lto-llvm-efda09.o
    0x08002708   0x08002708   0x0000002c   Code   RO          278    .text.USBD_FS_ProductStrDescriptor  lto-llvm-efda09.o
    0x08002734   0x08002734   0x00000090   Code   RO          280    .text.USBD_FS_SerialStrDescriptor  lto-llvm-efda09.o
    0x080027c4   0x080027c4   0x0000006a   Code   RO          296    .text.USBD_GetString  lto-llvm-efda09.o
    0x0800282e   0x0800282e   0x00000098   Code   RO          264    .text.USBD_LL_ClearStallEP  lto-llvm-efda09.o
    0x080028c6   0x080028c6   0x000000a8   Code   RO          260    .text.USBD_LL_CloseEP  lto-llvm-efda09.o
    0x0800296e   0x0800296e   0x000000d8   Code   RO          258    .text.USBD_LL_OpenEP  lto-llvm-efda09.o
    0x08002a46   0x08002a46   0x00000046   Code   RO          270    .text.USBD_LL_PrepareReceive  lto-llvm-efda09.o
    0x08002a8c   0x08002a8c   0x0000002e   Code   RO          266    .text.USBD_LL_SetUSBAddress  lto-llvm-efda09.o
    0x08002aba   0x08002aba   0x000000b2   Code   RO          262    .text.USBD_LL_StallEP  lto-llvm-efda09.o
    0x08002b6c   0x08002b6c   0x00000036   Code   RO          268    .text.USBD_LL_Transmit  lto-llvm-efda09.o
    0x08002ba2   0x08002ba2   0x00000002   PAD
    0x08002ba4   0x08002ba4   0x00000052   Code   RO          320    .text.USB_CoreReset  lto-llvm-efda09.o
    0x08002bf6   0x08002bf6   0x00000058   Code   RO          328    .text.USB_EP0_OutStart  lto-llvm-efda09.o
    0x08002c4e   0x08002c4e   0x00000002   PAD
    0x08002c50   0x08002c50   0x000001e2   Code   RO          324    .text.USB_EPStartXfer  lto-llvm-efda09.o
    0x08002e32   0x08002e32   0x00000002   PAD
    0x08002e34   0x08002e34   0x00000082   Code   RO          326    .text.USB_EPStopXfer  lto-llvm-efda09.o
    0x08002eb6   0x08002eb6   0x00000002   PAD
    0x08002eb8   0x08002eb8   0x00000046   Code   RO          322    .text.USB_FlushTxFifo  lto-llvm-efda09.o
    0x08002efe   0x08002efe   0x00000002   PAD
    0x08002f00   0x08002f00   0x00000002   Code   RO          240    .text.UsageFault_Handler  lto-llvm-efda09.o
    0x08002f02   0x08002f02   0x0000003a   Code   RO          228    .text._ZN3Led6toggleEj  lto-llvm-efda09.o
    0x08002f3c   0x08002f3c   0x00000020   Code   RO          330    .text._mutex_acquire  lto-llvm-efda09.o
    0x08002f5c   0x08002f5c   0x0000004c   Code   RO          332    .text._mutex_free   lto-llvm-efda09.o
    0x08002fa8   0x08002fa8   0x00000078   Code   RO          334    .text._mutex_initialize  lto-llvm-efda09.o
    0x08003020   0x08003020   0x00000020   Code   RO          336    .text._mutex_release  lto-llvm-efda09.o
    0x08003040   0x08003040   0x00000004   Code   RO          338    .text._platform_post_stackheap_init  lto-llvm-efda09.o
    0x08003044   0x08003044   0x0000015c   Code   RO          226    .text.app_main      lto-llvm-efda09.o
    0x080031a0   0x080031a0   0x000001ac   Code   RO          224    .text.led_toggle    lto-llvm-efda09.o
    0x0800334c   0x0800334c   0x00000cb8   Code   RO          230    .text.main          lto-llvm-efda09.o
    0x08004004   0x08004004   0x000000ac   Code   RO          350    .text.osDelay       lto-llvm-efda09.o
    0x080040b0   0x080040b0   0x00000056   Code   RO          352    .text.osSemaphoreNew  lto-llvm-efda09.o
    0x08004106   0x08004106   0x00000002   PAD
    0x08004108   0x08004108   0x0000019a   Code   RO          348    .text.osThreadExit  lto-llvm-efda09.o
    0x080042a2   0x080042a2   0x0000013c   Code   RO          346    .text.osThreadNew   lto-llvm-efda09.o
    0x080043de   0x080043de   0x00000002   PAD
    0x080043e0   0x080043e0   0x00000150   Code   RO          406    .text.prvAddCurrentTaskToDelayedList  lto-llvm-efda09.o
    0x08004530   0x08004530   0x000001e8   Code   RO          402    .text.prvAddNewTaskToReadyList  lto-llvm-efda09.o
    0x08004718   0x08004718   0x00000028   Code   RO          404    .text.prvDeleteTCB  lto-llvm-efda09.o
    0x08004740   0x08004740   0x000000c0   Code   RO          414    .text.prvIdleTask   lto-llvm-efda09.o
    0x08004800   0x08004800   0x00000034   Code   RO          388    .text.prvInitialiseMutex  lto-llvm-efda09.o
    0x08004834   0x08004834   0x00000098   Code   RO          400    .text.prvInitialiseNewTask  lto-llvm-efda09.o
    0x080048cc   0x080048cc   0x00000074   Code   RO          432    .text.prvInsertTimerInActiveList  lto-llvm-efda09.o
    0x08004940   0x08004940   0x00000028   Code   RO          376    .text.prvPortStartFirstTask  lto-llvm-efda09.o
    0x08004968   0x08004968   0x00000068   Code   RO          430    .text.prvProcessExpiredTimer  lto-llvm-efda09.o
    0x080049d0   0x080049d0   0x0000003e   Code   RO          434    .text.prvReloadTimer  lto-llvm-efda09.o
    0x08004a0e   0x08004a0e   0x00000002   PAD
    0x08004a10   0x08004a10   0x00000076   Code   RO          428    .text.prvSampleTimeNow  lto-llvm-efda09.o
    0x08004a86   0x08004a86   0x00000002   PAD
    0x08004a88   0x08004a88   0x00000032   Code   RO          368    .text.prvTaskExitError  lto-llvm-efda09.o
    0x08004aba   0x08004aba   0x00000002   PAD
    0x08004abc   0x08004abc   0x00000502   Code   RO          426    .text.prvTimerTask  lto-llvm-efda09.o
    0x08004fbe   0x08004fbe   0x00000002   PAD
    0x08004fc0   0x08004fc0   0x0000013a   Code   RO          392    .text.prvUnlockQueue  lto-llvm-efda09.o
    0x080050fa   0x080050fa   0x00000002   PAD
    0x080050fc   0x080050fc   0x000001a6   Code   RO          378    .text.pvPortMalloc  lto-llvm-efda09.o
    0x080052a2   0x080052a2   0x00000002   PAD
    0x080052a4   0x080052a4   0x00000014   Code   RO          374    .text.vPortEnableVFP  lto-llvm-efda09.o
    0x080052b8   0x080052b8   0x000000e6   Code   RO          380    .text.vPortFree     lto-llvm-efda09.o
    0x0800539e   0x0800539e   0x0000003e   Code   RO          420    .text.vTaskInternalSetTimeOutState  lto-llvm-efda09.o
    0x080053dc   0x080053dc   0x0000006e   Code   RO          416    .text.vTaskPlaceOnEventList  lto-llvm-efda09.o
    0x0800544a   0x0800544a   0x00000032   Code   RO          412    .text.vTaskSuspendAll  lto-llvm-efda09.o
    0x0800547c   0x0800547c   0x000000ea   Code   RO          396    .text.vTaskSwitchContext  lto-llvm-efda09.o
    0x08005566   0x08005566   0x00000046   Code   RO          386    .text.xQueueGenericCreate  lto-llvm-efda09.o
    0x080055ac   0x080055ac   0x0000005a   Code   RO          384    .text.xQueueGenericCreateStatic  lto-llvm-efda09.o
    0x08005606   0x08005606   0x000000b0   Code   RO          382    .text.xQueueGenericReset  lto-llvm-efda09.o
    0x080056b6   0x080056b6   0x00000002   PAD
    0x080056b8   0x080056b8   0x0000032c   Code   RO          390    .text.xQueueGenericSend  lto-llvm-efda09.o
    0x080059e4   0x080059e4   0x000005ac   Code   RO          394    .text.xQueueSemaphoreTake  lto-llvm-efda09.o
    0x08005f90   0x08005f90   0x000000fc   Code   RO          422    .text.xTaskCheckForTimeOut  lto-llvm-efda09.o
    0x0800608c   0x0800608c   0x000000a4   Code   RO          398    .text.xTaskCreateStatic  lto-llvm-efda09.o
    0x08006130   0x08006130   0x00000046   Code   RO          424    .text.xTaskGetSchedulerState  lto-llvm-efda09.o
    0x08006176   0x08006176   0x00000002   PAD
    0x08006178   0x08006178   0x000001e8   Code   RO          410    .text.xTaskIncrementTick  lto-llvm-efda09.o
    0x08006360   0x08006360   0x00000110   Code   RO          418    .text.xTaskRemoveFromEventList  lto-llvm-efda09.o
    0x08006470   0x08006470   0x0000020a   Code   RO          408    .text.xTaskResumeAll  lto-llvm-efda09.o
    0x0800667a   0x0800667a   0x0000001a   Code   RO           64    x$fpl$fpinit        fz_wm.l(fpinit.o)
    0x08006694   0x08006694   0x00000024   Data   RO          444    .rodata..L__const.app_main.led_blue_thread_config  lto-llvm-efda09.o
    0x080066b8   0x080066b8   0x00000006   Data   RO          473    .rodata.ARM_FaultVersion  lto-llvm-efda09.o
    0x080066be   0x080066be   0x00000002   PAD
    0x080066c0   0x080066c0   0x00000018   Data   RO          472    .rodata.EventRecorderInfo  lto-llvm-efda09.o
    0x080066d8   0x080066d8   0x00000008   Data   RO          439    .rodata._ZZ8app_mainE4arg1  lto-llvm-efda09.o
    0x080066e0   0x080066e0   0x00000008   Data   RO          440    .rodata._ZZ8app_mainE4arg2  lto-llvm-efda09.o
    0x080066e8   0x080066e8   0x00000008   Data   RO          441    .rodata._ZZ8app_mainE4arg3  lto-llvm-efda09.o
    0x080066f0   0x080066f0   0x00000008   Data   RO          442    .rodata._ZZ8app_mainE4arg4  lto-llvm-efda09.o
    0x080066f8   0x080066f8   0x00000040   Data   RO          470    .rodata.gpio_addr   lto-llvm-efda09.o
    0x08006738   0x08006738   0x0000001f   Data   RO          443    .rodata.str1.1      lto-llvm-efda09.o
    0x08006757   0x08006757   0x00000001   PAD
    0x08006758   0x08006758   0x00000004   Data   RO          504    .rodata.uxTopUsedPriority  lto-llvm-efda09.o
    0x0800675c   0x0800675c   0x00000020   Data   RO          552    Region$$Table       anon$$obj.o


    Execution Region RW_IRAM1 (Exec base: 0x20000000, Load base: 0x08006780, Size: 0x00005b78, Max: 0x00020000, ABSOLUTE)

    Exec Addr    Load Addr    Size         Type   Attr      Idx    E Section Name        Object

    0x20000000   0x08006780   0x0000001c   Data   RW          450    .data.FS_Desc       lto-llvm-efda09.o
    0x2000001c   0x0800679c   0x00000004   Data   RW          479    .data.SystemCoreClock  lto-llvm-efda09.o
    0x20000020   0x080067a0   0x00000038   Data   RW          460    .data.USBD_CDC      lto-llvm-efda09.o
    0x20000058   0x080067d8   0x00000043   Data   RW          462    .data.USBD_CDC_CfgDesc  lto-llvm-efda09.o
    0x2000009b   0x0800681b   0x00000001   PAD
    0x2000009c   0x0800681c   0x0000000a   Data   RW          461    .data.USBD_CDC_DeviceQualifierDesc  lto-llvm-efda09.o
    0x200000a6   0x08006826   0x00000002   PAD
    0x200000a8   0x08006828   0x00000012   Data   RW          451    .data.USBD_FS_DeviceDesc  lto-llvm-efda09.o
    0x200000ba   0x0800683a   0x00000002   PAD
    0x200000bc   0x0800683c   0x00000014   Data   RW          455    .data.USBD_Interface_fops_FS  lto-llvm-efda09.o
    0x200000d0   0x08006850   0x00000004   Data   RW          452    .data.USBD_LangIDDesc  lto-llvm-efda09.o
    0x200000d4   0x08006854   0x0000001a   Data   RW          453    .data.USBD_StringSerial  lto-llvm-efda09.o
    0x200000ee   0x0800686e   0x00000002   PAD
    0x200000f0   0x08006870   0x00000004   Data   RW          463    .data.uwTickPrio    lto-llvm-efda09.o
    0x200000f4   0x08006874   0x00000004   Data   RW          478    .data.uxCriticalNesting  lto-llvm-efda09.o
    0x200000f8   0x08006878   0x00000008   PAD
    0x20000100        -       0x00000060   Zero   RW           91    .bss                c_w.l(libspace.o)
    0x20000160        -       0x00000001   Zero   RW          475    .bss.EvrFreeRTOSSetup.init  lto-llvm-efda09.o
    0x20000161   0x08006878   0x00000003   PAD
    0x20000164        -       0x00000004   Zero   RW          469    .bss.KernelState    lto-llvm-efda09.o
    0x20000168        -       0x00000001   Zero   RW          459    .bss.USBD_SetConfig.cfgidx  lto-llvm-efda09.o
    0x20000169   0x08006878   0x00000003   PAD
    0x2000016c        -       0x00000200   Zero   RW          454    .bss.USBD_StrDesc   lto-llvm-efda09.o
    0x2000036c        -       0x00000220   Zero   RW          449    .bss.USBD_static_malloc.mem  lto-llvm-efda09.o
    0x2000058c        -       0x00000800   Zero   RW          457    .bss.UserRxBufferFS  lto-llvm-efda09.o
    0x20000d8c        -       0x00000800   Zero   RW          458    .bss.UserTxBufferFS  lto-llvm-efda09.o
    0x2000158c   0x08006878   0x00000034   PAD
    0x200015c0        -       0x00000200   Zero   RW          438    .bss._ZZ8app_mainE6mem_cb  lto-llvm-efda09.o
    0x200017c0        -       0x00000400   Zero   RW          437    .bss._ZZ8app_mainE9mem_stack  lto-llvm-efda09.o
    0x20001bc0        -       0x00000190   Zero   RW          468    .bss.clib_mutex_cb  lto-llvm-efda09.o
    0x20001d50        -       0x00000014   Zero   RW          467    .bss.clib_mutex_id  lto-llvm-efda09.o
    0x20001d64        -       0x000002dc   Zero   RW          456    .bss.hUsbDeviceFS   lto-llvm-efda09.o
    0x20002040        -       0x000004e4   Zero   RW          448    .bss.hpcd_USB_OTG_FS  lto-llvm-efda09.o
    0x20002524        -       0x00000048   Zero   RW          447    .bss.htim1          lto-llvm-efda09.o
    0x2000256c   0x08006878   0x00000014   PAD
    0x20002580        -       0x000004a4   Zero   RW          471    .bss.noinit         lto-llvm-efda09.o
    0x20002a24        -       0x0000008c   Zero   RW          474    .bss.noinit.fault   lto-llvm-efda09.o
    0x20002ab0        -       0x00000050   Zero   RW          521    .bss.prvCheckForValidListAndQueue.ucStaticTimerQueueStorage  lto-llvm-efda09.o
    0x20002b00        -       0x00000050   Zero   RW          520    .bss.prvCheckForValidListAndQueue.xStaticTimerQueue  lto-llvm-efda09.o
    0x20002b50        -       0x00000004   Zero   RW          517    .bss.prvSampleTimeNow.xLastTime  lto-llvm-efda09.o
    0x20002b54        -       0x00000004   Zero   RW          487    .bss.pxCurrentTCB   lto-llvm-efda09.o
    0x20002b58        -       0x00000004   Zero   RW          515    .bss.pxCurrentTimerList  lto-llvm-efda09.o
    0x20002b5c        -       0x00000004   Zero   RW          495    .bss.pxDelayedTaskList  lto-llvm-efda09.o
    0x20002b60        -       0x00000004   Zero   RW          480    .bss.pxEnd          lto-llvm-efda09.o
    0x20002b64        -       0x00000004   Zero   RW          496    .bss.pxOverflowDelayedTaskList  lto-llvm-efda09.o
    0x20002b68        -       0x00000004   Zero   RW          516    .bss.pxOverflowTimerList  lto-llvm-efda09.o
    0x20002b6c        -       0x00000460   Zero   RW          499    .bss.pxReadyTasksLists  lto-llvm-efda09.o
    0x20002fcc        -       0x00000004   Zero   RW          436    .bss.semMultiplex   lto-llvm-efda09.o
    0x20002fd0        -       0x00000004   Zero   RW          445    .bss.tid_app        lto-llvm-efda09.o
    0x20002fd4        -       0x00002000   Zero   RW          483    .bss.ucHeap         lto-llvm-efda09.o
    0x20004fd4        -       0x00000001   Zero   RW          476    .bss.ucMaxSysCallPriority  lto-llvm-efda09.o
    0x20004fd5   0x08006878   0x00000003   PAD
    0x20004fd8        -       0x00000004   Zero   RW          477    .bss.ulMaxPRIGROUPValue  lto-llvm-efda09.o
    0x20004fdc        -       0x00000004   Zero   RW          464    .bss.uwTick         lto-llvm-efda09.o
    0x20004fe0        -       0x00000004   Zero   RW          492    .bss.uxCurrentNumberOfTasks  lto-llvm-efda09.o
    0x20004fe4        -       0x00000004   Zero   RW          491    .bss.uxDeletedTasksWaitingCleanUp  lto-llvm-efda09.o
    0x20004fe8        -       0x00000004   Zero   RW          493    .bss.uxSchedulerSuspended  lto-llvm-efda09.o
    0x20004fec        -       0x00000004   Zero   RW          488    .bss.uxTaskNumber   lto-llvm-efda09.o
    0x20004ff0        -       0x00000004   Zero   RW          500    .bss.uxTopReadyPriority  lto-llvm-efda09.o
    0x20004ff4        -       0x00000200   Zero   RW          508    .bss.vApplicationGetIdleTaskMemory.uxIdleTaskStack  lto-llvm-efda09.o
    0x200051f4        -       0x0000005c   Zero   RW          507    .bss.vApplicationGetIdleTaskMemory.xIdleTaskTCB  lto-llvm-efda09.o
    0x20005250        -       0x00000200   Zero   RW          510    .bss.vApplicationGetTimerTaskMemory.uxTimerTaskStack  lto-llvm-efda09.o
    0x20005450        -       0x0000005c   Zero   RW          509    .bss.vApplicationGetTimerTaskMemory.xTimerTaskTCB  lto-llvm-efda09.o
    0x200054ac        -       0x00000014   Zero   RW          518    .bss.xActiveTimerList1  lto-llvm-efda09.o
    0x200054c0        -       0x00000014   Zero   RW          519    .bss.xActiveTimerList2  lto-llvm-efda09.o
    0x200054d4        -       0x00000014   Zero   RW          511    .bss.xDelayedTaskList1  lto-llvm-efda09.o
    0x200054e8        -       0x00000014   Zero   RW          512    .bss.xDelayedTaskList2  lto-llvm-efda09.o
    0x200054fc        -       0x00000004   Zero   RW          481    .bss.xFreeBytesRemaining  lto-llvm-efda09.o
    0x20005500        -       0x00000004   Zero   RW          503    .bss.xIdleTaskHandles.0  lto-llvm-efda09.o
    0x20005504        -       0x00000004   Zero   RW          484    .bss.xMinimumEverFreeBytesRemaining  lto-llvm-efda09.o
    0x20005508        -       0x00000004   Zero   RW          502    .bss.xNextTaskUnblockTime  lto-llvm-efda09.o
    0x2000550c        -       0x00000004   Zero   RW          506    .bss.xNumOfOverflows  lto-llvm-efda09.o
    0x20005510        -       0x00000004   Zero   RW          485    .bss.xNumberOfSuccessfulAllocations  lto-llvm-efda09.o
    0x20005514        -       0x00000004   Zero   RW          486    .bss.xNumberOfSuccessfulFrees  lto-llvm-efda09.o
    0x20005518        -       0x00000004   Zero   RW          505    .bss.xPendedTicks   lto-llvm-efda09.o
    0x2000551c        -       0x00000014   Zero   RW          497    .bss.xPendingReadyList  lto-llvm-efda09.o
    0x20005530        -       0x00000004   Zero   RW          489    .bss.xSchedulerRunning  lto-llvm-efda09.o
    0x20005534        -       0x00000008   Zero   RW          482    .bss.xStart         lto-llvm-efda09.o
    0x2000553c        -       0x00000014   Zero   RW          498    .bss.xSuspendedTaskList  lto-llvm-efda09.o
    0x20005550        -       0x00000014   Zero   RW          490    .bss.xTasksWaitingTermination  lto-llvm-efda09.o
    0x20005564        -       0x00000004   Zero   RW          494    .bss.xTickCount     lto-llvm-efda09.o
    0x20005568        -       0x00000004   Zero   RW          513    .bss.xTimerQueue    lto-llvm-efda09.o
    0x2000556c        -       0x00000004   Zero   RW          514    .bss.xTimerTaskHandle  lto-llvm-efda09.o
    0x20005570        -       0x00000004   Zero   RW          501    .bss.xYieldPendings  lto-llvm-efda09.o
    0x20005574   0x08006878   0x00000004   PAD
    0x20005578        -       0x00000200   Zero   RW            7    HEAP                startup_stm32f407xx.o
    0x20005778        -       0x00000400   Zero   RW            6    STACK               startup_stm32f407xx.o


==============================================================================

Image component sizes


      Code (inc. data)   RO Data    RW Data    ZI Data      Debug   Object Name

     24742        318        197        241      21443     193821   lto-llvm-efda09.o
        64         26        392          0       1536        912   startup_stm32f407xx.o

    ----------------------------------------------------------------------
     24868        344        624        248      23072     194733   Object Totals
         0          0         32          0          0          0   (incl. Generated)
        62          0          3          7         93          0   (incl. Padding)

    ----------------------------------------------------------------------

      Code (inc. data)   RO Data    RW Data    ZI Data      Debug   Library Member Name

         8          0          0          0          0         68   __main.o
         0          0          0          0          0          0   __rtentry.o
        20          0          0          0          0          0   __rtentry2.o
         6          0          0          0          0          0   __rtentry4.o
        94          8          0          0          0          0   __scatter.o
        26          0          0          0          0          0   __scatter_copy.o
        28          0          0          0          0          0   __scatter_zi.o
        16          0          0          0          0         68   aeabi_memset4.o
        18          0          0          0          0         80   exit.o
         6          0          0          0          0        152   heapauxi.o
         0          0          0          0          0          0   indicate_semi.o
         2          0          0          0          0          0   libinit.o
         6          0          0          0          0          0   libinit2.o
         2          0          0          0          0          0   libshutdown.o
         2          0          0          0          0          0   libshutdown2.o
         8          4          0          0         96         68   libspace.o
       240          0          0          0          0        100   lludivv7m.o
        68          0          0          0          0         68   rt_memclr.o
        78          0          0          0          0         80   rt_memclr_w.o
       138          0          0          0          0         68   rt_memcpy_v6.o
       100          0          0          0          0         80   rt_memcpy_w.o
         2          0          0          0          0          0   rtexit.o
        10          0          0          0          0          0   rtexit2.o
        12          4          0          0          0         68   sys_exit.o
        74          0          0          0          0         80   sys_stackheap_outer.o
         2          0          0          0          0         68   use_no_semi.o
        26          0          0          0          0        116   fpinit.o

    ----------------------------------------------------------------------
      1000         16          0          0         96       1164   Library Totals
         8          0          0          0          0          0   (incl. Padding)

    ----------------------------------------------------------------------

      Code (inc. data)   RO Data    RW Data    ZI Data      Debug   Library Name

       966         16          0          0         96       1048   c_w.l
        26          0          0          0          0        116   fz_wm.l

    ----------------------------------------------------------------------
      1000         16          0          0         96       1164   Library Totals

    ----------------------------------------------------------------------

==============================================================================


      Code (inc. data)   RO Data    RW Data    ZI Data      Debug   

     25868        360        624        248      23168     195497   Grand Totals
     25868        360        624        248      23168     195497   ELF Image Totals
     25868        360        624        248          0          0   ROM Totals

==============================================================================

    Total RO  Size (Code + RO Data)                26492 (  25.87kB)
    Total RW  Size (RW Data + ZI Data)             23416 (  22.87kB)
    Total ROM Size (Code + RO Data + RW Data)      26740 (  26.11kB)

==============================================================================

