Component: Arm Compiler for Embedded 6.23 Tool: armlink [5f102400]

==============================================================================

Section Cross References

    startup_stm32f407xx.o(STACK) refers (Special) to heapauxi.o(.text) for __use_two_region_memory
    startup_stm32f407xx.o(HEAP) refers (Special) to heapauxi.o(.text) for __use_two_region_memory
    startup_stm32f407xx.o(RESET) refers (Special) to heapauxi.o(.text) for __use_two_region_memory
    startup_stm32f407xx.o(RESET) refers to startup_stm32f407xx.o(STACK) for __initial_sp
    startup_stm32f407xx.o(RESET) refers to startup_stm32f407xx.o(.text) for Reset_Handler
    startup_stm32f407xx.o(RESET) refers to lto-llvm-4187c4.o(.text.NMI_Handler) for NMI_Handler
    startup_stm32f407xx.o(RESET) refers to lto-llvm-4187c4.o(.text.HardFault_Handler) for HardFault_Handler
    startup_stm32f407xx.o(RESET) refers to lto-llvm-4187c4.o(.text.MemManage_Handler) for MemManage_Handler
    startup_stm32f407xx.o(RESET) refers to lto-llvm-4187c4.o(.text.BusFault_Handler) for BusFault_Handler
    startup_stm32f407xx.o(RESET) refers to lto-llvm-4187c4.o(.text.UsageFault_Handler) for UsageFault_Handler
    startup_stm32f407xx.o(RESET) refers to lto-llvm-4187c4.o(.text.SVC_Handler) for SVC_Handler
    startup_stm32f407xx.o(RESET) refers to lto-llvm-4187c4.o(.text.DebugMon_Handler) for DebugMon_Handler
    startup_stm32f407xx.o(RESET) refers to lto-llvm-4187c4.o(.text.PendSV_Handler) for PendSV_Handler
    startup_stm32f407xx.o(RESET) refers to lto-llvm-4187c4.o(.text.SysTick_Handler) for SysTick_Handler
    startup_stm32f407xx.o(RESET) refers to lto-llvm-4187c4.o(.text.EXTI0_IRQHandler) for EXTI0_IRQHandler
    startup_stm32f407xx.o(RESET) refers to lto-llvm-4187c4.o(.text.TIM1_UP_TIM10_IRQHandler) for TIM1_UP_TIM10_IRQHandler
    startup_stm32f407xx.o(RESET) refers to lto-llvm-4187c4.o(.text.OTG_FS_IRQHandler) for OTG_FS_IRQHandler
    startup_stm32f407xx.o(.text) refers (Special) to heapauxi.o(.text) for __use_two_region_memory
    startup_stm32f407xx.o(.text) refers to lto-llvm-4187c4.o(.text.SystemInit) for SystemInit
    startup_stm32f407xx.o(.text) refers to __main.o(!!!main) for __main
    startup_stm32f407xx.o(.text) refers to startup_stm32f407xx.o(HEAP) for Heap_Mem
    startup_stm32f407xx.o(.text) refers to startup_stm32f407xx.o(STACK) for Stack_Mem
    __main.o(!!!main) refers to __rtentry.o(.ARM.Collect$$rtentry$$00000000) for __rt_entry
    __rtentry.o(.ARM.Collect$$rtentry$$00000000) refers (Special) to __rtentry2.o(.ARM.Collect$$rtentry$$0000000A) for __rt_entry_li
    __rtentry.o(.ARM.Collect$$rtentry$$00000000) refers (Special) to __rtentry2.o(.ARM.Collect$$rtentry$$0000000D) for __rt_entry_main
    __rtentry.o(.ARM.Collect$$rtentry$$00000000) refers (Special) to __rtentry2.o(.ARM.Collect$$rtentry$$0000000C) for __rt_entry_postli_1
    __rtentry.o(.ARM.Collect$$rtentry$$00000000) refers (Special) to __rtentry2.o(.ARM.Collect$$rtentry$$00000008) for __rt_entry_postsh_1
    __rtentry.o(.ARM.Collect$$rtentry$$00000000) refers (Special) to __rtentry2.o(.ARM.Collect$$rtentry$$00000002) for __rt_entry_presh_1
    __rtentry.o(.ARM.Collect$$rtentry$$00000000) refers (Special) to __rtentry4.o(.ARM.Collect$$rtentry$$00000004) for __rt_entry_sh
    __rtentry2.o(.ARM.Collect$$rtentry$$00000008) refers to lto-llvm-4187c4.o(.text._platform_post_stackheap_init) for _platform_post_stackheap_init
    __rtentry2.o(.ARM.Collect$$rtentry$$0000000A) refers to libinit.o(.ARM.Collect$$libinit$$00000000) for __rt_lib_init
    __rtentry2.o(.ARM.Collect$$rtentry$$0000000B) refers to boardinit3.o(.text) for _platform_post_lib_init
    __rtentry2.o(.ARM.Collect$$rtentry$$0000000D) refers to lto-llvm-4187c4.o(.text.main) for main
    __rtentry2.o(.ARM.Collect$$rtentry$$0000000D) refers to exit.o(.text) for exit
    __rtentry2.o(.ARM.exidx) refers to __rtentry2.o(.ARM.Collect$$rtentry$$00000001) for .ARM.Collect$$rtentry$$00000001
    __rtentry2.o(.ARM.exidx) refers to __rtentry2.o(.ARM.Collect$$rtentry$$00000008) for .ARM.Collect$$rtentry$$00000008
    __rtentry2.o(.ARM.exidx) refers to __rtentry2.o(.ARM.Collect$$rtentry$$0000000A) for .ARM.Collect$$rtentry$$0000000A
    __rtentry2.o(.ARM.exidx) refers to __rtentry2.o(.ARM.Collect$$rtentry$$0000000B) for .ARM.Collect$$rtentry$$0000000B
    __rtentry2.o(.ARM.exidx) refers to __rtentry2.o(.ARM.Collect$$rtentry$$0000000D) for .ARM.Collect$$rtentry$$0000000D
    __rtentry4.o(.ARM.Collect$$rtentry$$00000004) refers to sys_stackheap_outer.o(.text) for __user_setup_stackheap
    __rtentry4.o(.ARM.exidx) refers to __rtentry4.o(.ARM.Collect$$rtentry$$00000004) for .ARM.Collect$$rtentry$$00000004
    sys_stackheap_outer.o(.text) refers to libspace.o(.text) for __user_perproc_libspace
    sys_stackheap_outer.o(.text) refers to startup_stm32f407xx.o(.text) for __user_initial_stackheap
    exit.o(.text) refers to rtexit.o(.ARM.Collect$$rtexit$$00000000) for __rt_exit
    libinit.o(.ARM.Collect$$libinit$$00000000) refers (Special) to libinit2.o(.ARM.Collect$$libinit$$00000030) for __rt_lib_init_alloca_1
    libinit.o(.ARM.Collect$$libinit$$00000000) refers (Special) to libinit2.o(.ARM.Collect$$libinit$$0000002E) for __rt_lib_init_argv_1
    libinit.o(.ARM.Collect$$libinit$$00000000) refers (Special) to libinit2.o(.ARM.Collect$$libinit$$0000001D) for __rt_lib_init_atexit_1
    libinit.o(.ARM.Collect$$libinit$$00000000) refers (Special) to libinit2.o(.ARM.Collect$$libinit$$00000023) for __rt_lib_init_clock_1
    libinit.o(.ARM.Collect$$libinit$$00000000) refers (Special) to libinit2.o(.ARM.Collect$$libinit$$00000034) for __rt_lib_init_cpp_1
    libinit.o(.ARM.Collect$$libinit$$00000000) refers (Special) to libinit2.o(.ARM.Collect$$libinit$$00000032) for __rt_lib_init_exceptions_1
    libinit.o(.ARM.Collect$$libinit$$00000000) refers (Special) to libinit2.o(.ARM.Collect$$libinit$$00000001) for __rt_lib_init_fp_1
    libinit.o(.ARM.Collect$$libinit$$00000000) refers (Special) to libinit2.o(.ARM.Collect$$libinit$$00000021) for __rt_lib_init_fp_trap_1
    libinit.o(.ARM.Collect$$libinit$$00000000) refers (Special) to libinit2.o(.ARM.Collect$$libinit$$00000025) for __rt_lib_init_getenv_1
    libinit.o(.ARM.Collect$$libinit$$00000000) refers (Special) to libinit2.o(.ARM.Collect$$libinit$$0000000C) for __rt_lib_init_heap_1
    libinit.o(.ARM.Collect$$libinit$$00000000) refers (Special) to libinit2.o(.ARM.Collect$$libinit$$00000013) for __rt_lib_init_lc_collate_1
    libinit.o(.ARM.Collect$$libinit$$00000000) refers (Special) to libinit2.o(.ARM.Collect$$libinit$$00000015) for __rt_lib_init_lc_ctype_1
    libinit.o(.ARM.Collect$$libinit$$00000000) refers (Special) to libinit2.o(.ARM.Collect$$libinit$$00000017) for __rt_lib_init_lc_monetary_1
    libinit.o(.ARM.Collect$$libinit$$00000000) refers (Special) to libinit2.o(.ARM.Collect$$libinit$$00000019) for __rt_lib_init_lc_numeric_1
    libinit.o(.ARM.Collect$$libinit$$00000000) refers (Special) to libinit2.o(.ARM.Collect$$libinit$$0000001B) for __rt_lib_init_lc_time_1
    libinit.o(.ARM.Collect$$libinit$$00000000) refers (Special) to libinit2.o(.ARM.Collect$$libinit$$00000006) for __rt_lib_init_preinit_1
    libinit.o(.ARM.Collect$$libinit$$00000000) refers (Special) to libinit2.o(.ARM.Collect$$libinit$$00000010) for __rt_lib_init_rand_1
    libinit.o(.ARM.Collect$$libinit$$00000000) refers (Special) to libinit2.o(.ARM.Collect$$libinit$$00000004) for __rt_lib_init_relocate_pie_1
    libinit.o(.ARM.Collect$$libinit$$00000000) refers (Special) to libinit2.o(.ARM.Collect$$libinit$$00000035) for __rt_lib_init_return
    libinit.o(.ARM.Collect$$libinit$$00000000) refers (Special) to libinit2.o(.ARM.Collect$$libinit$$0000001F) for __rt_lib_init_signal_1
    libinit.o(.ARM.Collect$$libinit$$00000000) refers (Special) to libinit2.o(.ARM.Collect$$libinit$$00000027) for __rt_lib_init_stdio_1
    libinit.o(.ARM.Collect$$libinit$$00000000) refers (Special) to libinit2.o(.ARM.Collect$$libinit$$0000000E) for __rt_lib_init_user_alloc_1
    libspace.o(.text) refers to libspace.o(.bss) for __libspace_start
    rtexit.o(.ARM.Collect$$rtexit$$00000000) refers (Special) to rtexit2.o(.ARM.Collect$$rtexit$$00000004) for __rt_exit_exit
    rtexit.o(.ARM.Collect$$rtexit$$00000000) refers (Special) to rtexit2.o(.ARM.Collect$$rtexit$$00000003) for __rt_exit_ls
    rtexit.o(.ARM.Collect$$rtexit$$00000000) refers (Special) to rtexit2.o(.ARM.Collect$$rtexit$$00000002) for __rt_exit_prels_1
    rtexit.o(.ARM.exidx) refers (Special) to rtexit2.o(.ARM.Collect$$rtexit$$00000004) for __rt_exit_exit
    rtexit.o(.ARM.exidx) refers (Special) to rtexit2.o(.ARM.Collect$$rtexit$$00000003) for __rt_exit_ls
    rtexit.o(.ARM.exidx) refers (Special) to rtexit2.o(.ARM.Collect$$rtexit$$00000002) for __rt_exit_prels_1
    rtexit.o(.ARM.exidx) refers to rtexit.o(.ARM.Collect$$rtexit$$00000000) for .ARM.Collect$$rtexit$$00000000
    libinit2.o(.ARM.Collect$$libinit$$00000001) refers to lto-llvm-4187c4.o(.text.$Sub$$_fp_init) for _fp_init
    libinit2.o(.ARM.Collect$$libinit$$00000012) refers to libinit2.o(.ARM.Collect$$libinit$$00000011) for .ARM.Collect$$libinit$$00000011
    libinit2.o(.ARM.Collect$$libinit$$00000014) refers to libinit2.o(.ARM.Collect$$libinit$$00000011) for .ARM.Collect$$libinit$$00000011
    libinit2.o(.ARM.Collect$$libinit$$00000016) refers to libinit2.o(.ARM.Collect$$libinit$$00000011) for .ARM.Collect$$libinit$$00000011
    libinit2.o(.ARM.Collect$$libinit$$00000018) refers to libinit2.o(.ARM.Collect$$libinit$$00000011) for .ARM.Collect$$libinit$$00000011
    libinit2.o(.ARM.Collect$$libinit$$0000001A) refers to libinit2.o(.ARM.Collect$$libinit$$00000011) for .ARM.Collect$$libinit$$00000011
    libinit2.o(.ARM.Collect$$libinit$$00000028) refers to argv_veneer.o(.emb_text) for __ARM_argv_veneer
    libinit2.o(.ARM.Collect$$libinit$$00000029) refers to argv_veneer.o(.emb_text) for __ARM_argv_veneer
    rtexit2.o(.ARM.Collect$$rtexit$$00000003) refers to libshutdown.o(.ARM.Collect$$libshutdown$$00000000) for __rt_lib_shutdown
    rtexit2.o(.ARM.Collect$$rtexit$$00000004) refers to sys_exit.o(.text) for _sys_exit
    rtexit2.o(.ARM.exidx) refers to rtexit2.o(.ARM.Collect$$rtexit$$00000001) for .ARM.Collect$$rtexit$$00000001
    rtexit2.o(.ARM.exidx) refers to rtexit2.o(.ARM.Collect$$rtexit$$00000003) for .ARM.Collect$$rtexit$$00000003
    rtexit2.o(.ARM.exidx) refers to rtexit2.o(.ARM.Collect$$rtexit$$00000004) for .ARM.Collect$$rtexit$$00000004
    argv_veneer.o(.emb_text) refers to no_argv.o(.text) for __ARM_get_argv
    sys_exit.o(.text) refers (Special) to use_no_semi.o(.text) for __I$use$semihosting
    sys_exit.o(.text) refers (Special) to indicate_semi.o(.text) for __semihosting_library_function
    sys_exit_hlt.o(.text) refers (Special) to use_no_semi.o(.text) for __I$use$semihosting
    sys_exit_hlt.o(.text) refers (Special) to indicate_semi.o(.text) for __semihosting_library_function
    _get_argv_nomalloc.o(.text) refers (Special) to hrguard.o(.text) for __heap_region$guard
    _get_argv_nomalloc.o(.text) refers to defsig_rtmem_outer.o(.text) for __rt_SIGRTMEM
    _get_argv_nomalloc.o(.text) refers to sys_command.o(.text) for _sys_command_string
    libshutdown.o(.ARM.Collect$$libshutdown$$00000000) refers (Special) to libshutdown2.o(.ARM.Collect$$libshutdown$$00000002) for __rt_lib_shutdown_cpp_1
    libshutdown.o(.ARM.Collect$$libshutdown$$00000000) refers (Special) to libshutdown2.o(.ARM.Collect$$libshutdown$$00000007) for __rt_lib_shutdown_fp_trap_1
    libshutdown.o(.ARM.Collect$$libshutdown$$00000000) refers (Special) to libshutdown2.o(.ARM.Collect$$libshutdown$$0000000F) for __rt_lib_shutdown_heap_1
    libshutdown.o(.ARM.Collect$$libshutdown$$00000000) refers (Special) to libshutdown2.o(.ARM.Collect$$libshutdown$$00000010) for __rt_lib_shutdown_return
    libshutdown.o(.ARM.Collect$$libshutdown$$00000000) refers (Special) to libshutdown2.o(.ARM.Collect$$libshutdown$$0000000A) for __rt_lib_shutdown_signal_1
    libshutdown.o(.ARM.Collect$$libshutdown$$00000000) refers (Special) to libshutdown2.o(.ARM.Collect$$libshutdown$$00000004) for __rt_lib_shutdown_stdio_1
    libshutdown.o(.ARM.Collect$$libshutdown$$00000000) refers (Special) to libshutdown2.o(.ARM.Collect$$libshutdown$$0000000C) for __rt_lib_shutdown_user_alloc_1
    sys_command.o(.text) refers (Special) to use_no_semi.o(.text) for __I$use$semihosting
    sys_command.o(.text) refers (Special) to indicate_semi.o(.text) for __semihosting_library_function
    sys_command_hlt.o(.text) refers (Special) to use_no_semi.o(.text) for __I$use$semihosting
    sys_command_hlt.o(.text) refers (Special) to indicate_semi.o(.text) for __semihosting_library_function
    defsig_rtmem_outer.o(.text) refers to defsig_rtmem_inner.o(.text) for __rt_SIGRTMEM_inner
    defsig_rtmem_outer.o(.text) refers to defsig_exit.o(.text) for __sig_exit
    defsig_rtmem_formal.o(.text) refers to rt_raise.o(.text) for __rt_raise
    rt_raise.o(.text) refers to __raise.o(.text) for __raise
    rt_raise.o(.text) refers to sys_exit.o(.text) for _sys_exit
    defsig_exit.o(.text) refers to sys_exit.o(.text) for _sys_exit
    defsig_rtmem_inner.o(.text) refers to defsig_general.o(.text) for __default_signal_display
    __raise.o(.text) refers to defsig.o(CL$$defsig) for __default_signal_handler
    defsig_general.o(.text) refers to sys_wrch.o(.text) for _ttywrch
    sys_wrch.o(.text) refers (Special) to use_no_semi.o(.text) for __I$use$semihosting
    sys_wrch.o(.text) refers (Special) to indicate_semi.o(.text) for __semihosting_library_function
    sys_wrch_hlt.o(.text) refers (Special) to use_no_semi.o(.text) for __I$use$semihosting
    sys_wrch_hlt.o(.text) refers (Special) to indicate_semi.o(.text) for __semihosting_library_function
    defsig.o(CL$$defsig) refers to defsig_fpe_inner.o(.text) for __rt_SIGFPE_inner
    defsig.o(CL$$defsig) refers to defsig_rtmem_inner.o(.text) for __rt_SIGRTMEM_inner
    defsig_abrt_inner.o(.text) refers to defsig_general.o(.text) for __default_signal_display
    defsig_fpe_inner.o(.text) refers to defsig_general.o(.text) for __default_signal_display
    defsig_rtred_inner.o(.text) refers to defsig_general.o(.text) for __default_signal_display
    defsig_stak_inner.o(.text) refers to defsig_general.o(.text) for __default_signal_display
    defsig_pvfn_inner.o(.text) refers to defsig_general.o(.text) for __default_signal_display
    defsig_cppl_inner.o(.text) refers to defsig_general.o(.text) for __default_signal_display
    defsig_segv_inner.o(.text) refers to defsig_general.o(.text) for __default_signal_display
    defsig_other.o(.text) refers to defsig_general.o(.text) for __default_signal_display
    lto-llvm-4187c4.o(.text.led_blue) refers to lto-llvm-4187c4.o(.bss.led_blue.pin_state) for led_blue.pin_state
    lto-llvm-4187c4.o(.text.led_blue) refers to lto-llvm-4187c4.o(.bss.mid1) for mid1
    lto-llvm-4187c4.o(.text.led_blue) refers to lto-llvm-4187c4.o(.text.osMessageQueuePut) for osMessageQueuePut
    lto-llvm-4187c4.o(.text.led_blue) refers to lto-llvm-4187c4.o(.text.osDelay) for osDelay
    lto-llvm-4187c4.o(.ARM.exidx.text.led_blue) refers to lto-llvm-4187c4.o(.text.led_blue) for [Anonymous Symbol]
    lto-llvm-4187c4.o(.text.led_red) refers to lto-llvm-4187c4.o(.text.osDelay) for osDelay
    lto-llvm-4187c4.o(.text.led_red) refers to lto-llvm-4187c4.o(.bss.led_red.pin_state) for led_red.pin_state
    lto-llvm-4187c4.o(.text.led_red) refers to lto-llvm-4187c4.o(.bss.mid1) for mid1
    lto-llvm-4187c4.o(.text.led_red) refers to lto-llvm-4187c4.o(.text.osMessageQueuePut) for osMessageQueuePut
    lto-llvm-4187c4.o(.ARM.exidx.text.led_red) refers to lto-llvm-4187c4.o(.text.led_red) for [Anonymous Symbol]
    lto-llvm-4187c4.o(.text.led_orange) refers to lto-llvm-4187c4.o(.text.osDelay) for osDelay
    lto-llvm-4187c4.o(.text.led_orange) refers to lto-llvm-4187c4.o(.bss.led_orange.pin_state) for led_orange.pin_state
    lto-llvm-4187c4.o(.text.led_orange) refers to lto-llvm-4187c4.o(.bss.mid1) for mid1
    lto-llvm-4187c4.o(.text.led_orange) refers to lto-llvm-4187c4.o(.bss.tid4) for tid4
    lto-llvm-4187c4.o(.text.led_orange) refers to lto-llvm-4187c4.o(.text.osMessageQueuePut) for osMessageQueuePut
    lto-llvm-4187c4.o(.ARM.exidx.text.led_orange) refers to lto-llvm-4187c4.o(.text.led_orange) for [Anonymous Symbol]
    lto-llvm-4187c4.o(.text.led_green) refers to lto-llvm-4187c4.o(.text.osDelay) for osDelay
    lto-llvm-4187c4.o(.text.led_green) refers to lto-llvm-4187c4.o(.bss.led_green.pin_state) for led_green.pin_state
    lto-llvm-4187c4.o(.text.led_green) refers to lto-llvm-4187c4.o(.bss.mid1) for mid1
    lto-llvm-4187c4.o(.text.led_green) refers to lto-llvm-4187c4.o(.text.osMessageQueuePut) for osMessageQueuePut
    lto-llvm-4187c4.o(.text.led_green) refers to lto-llvm-4187c4.o(.bss.evt_id) for evt_id
    lto-llvm-4187c4.o(.text.led_green) refers to lto-llvm-4187c4.o(.text.osEventFlagsSet) for osEventFlagsSet
    lto-llvm-4187c4.o(.text.led_green) refers to lto-llvm-4187c4.o(.text.osThreadExit) for osThreadExit
    lto-llvm-4187c4.o(.ARM.exidx.text.led_green) refers to lto-llvm-4187c4.o(.text.led_green) for [Anonymous Symbol]
    lto-llvm-4187c4.o(.text.usb_send) refers to lto-llvm-4187c4.o(.text.xTaskGetSchedulerState) for xTaskGetSchedulerState
    lto-llvm-4187c4.o(.text.usb_send) refers to lto-llvm-4187c4.o(.text.EventRecord2) for EventRecord2
    lto-llvm-4187c4.o(.text.usb_send) refers to lto-llvm-4187c4.o(.text.pvPortMalloc) for pvPortMalloc
    lto-llvm-4187c4.o(.text.usb_send) refers to lto-llvm-4187c4.o(.bss.evt_id) for evt_id
    lto-llvm-4187c4.o(.text.usb_send) refers to lto-llvm-4187c4.o(.bss.mid1) for mid1
    lto-llvm-4187c4.o(.text.usb_send) refers to lto-llvm-4187c4.o(.bss.hUsbDeviceFS) for hUsbDeviceFS
    lto-llvm-4187c4.o(.text.usb_send) refers to lto-llvm-4187c4.o(.text.EventRecord4) for EventRecord4
    lto-llvm-4187c4.o(.text.usb_send) refers to lto-llvm-4187c4.o(.text.vTaskSuspendAll) for vTaskSuspendAll
    lto-llvm-4187c4.o(.text.usb_send) refers to lto-llvm-4187c4.o(.bss.uxSchedulerSuspended) for uxSchedulerSuspended
    lto-llvm-4187c4.o(.text.usb_send) refers to lto-llvm-4187c4.o(.bss.pxCurrentTCB) for pxCurrentTCB
    lto-llvm-4187c4.o(.text.usb_send) refers to lto-llvm-4187c4.o(.text.prvAddCurrentTaskToDelayedList) for prvAddCurrentTaskToDelayedList
    lto-llvm-4187c4.o(.text.usb_send) refers to lto-llvm-4187c4.o(.text.xTaskResumeAll) for xTaskResumeAll
    lto-llvm-4187c4.o(.text.usb_send) refers to lto-llvm-4187c4.o(.data.uxCriticalNesting) for uxCriticalNesting
    lto-llvm-4187c4.o(.text.usb_send) refers to strlen.o(.text) for strlen
    lto-llvm-4187c4.o(.text.usb_send) refers to lto-llvm-4187c4.o(.text.osDelay) for osDelay
    lto-llvm-4187c4.o(.text.usb_send) refers to lto-llvm-4187c4.o(.text.USBD_LL_Transmit) for USBD_LL_Transmit
    lto-llvm-4187c4.o(.text.usb_send) refers to lto-llvm-4187c4.o(.text.xQueueReceive) for xQueueReceive
    lto-llvm-4187c4.o(.text.usb_send) refers to lto-llvm-4187c4.o(.bss.xTickCount) for xTickCount
    lto-llvm-4187c4.o(.text.usb_send) refers to lto-llvm-4187c4.o(.text.xTaskGenericNotify) for xTaskGenericNotify
    lto-llvm-4187c4.o(.ARM.exidx.text.usb_send) refers to lto-llvm-4187c4.o(.text.usb_send) for [Anonymous Symbol]
    lto-llvm-4187c4.o(.text.ARM_GPIO_SignalEvent) refers to lto-llvm-4187c4.o(.bss.tid5) for tid5
    lto-llvm-4187c4.o(.text.ARM_GPIO_SignalEvent) refers to lto-llvm-4187c4.o(.text.xTaskGenericNotifyFromISR) for xTaskGenericNotifyFromISR
    lto-llvm-4187c4.o(.text.ARM_GPIO_SignalEvent) refers to lto-llvm-4187c4.o(.text.xTaskGetSchedulerState) for xTaskGetSchedulerState
    lto-llvm-4187c4.o(.text.ARM_GPIO_SignalEvent) refers to lto-llvm-4187c4.o(.text.xTaskGenericNotify) for xTaskGenericNotify
    lto-llvm-4187c4.o(.ARM.exidx.text.ARM_GPIO_SignalEvent) refers to lto-llvm-4187c4.o(.text.ARM_GPIO_SignalEvent) for [Anonymous Symbol]
    lto-llvm-4187c4.o(.text.main) refers to lto-llvm-4187c4.o(.text.EventRecorderInitialize) for EventRecorderInitialize
    lto-llvm-4187c4.o(.text.main) refers to lto-llvm-4187c4.o(.text.HAL_InitTick) for HAL_InitTick
    lto-llvm-4187c4.o(.text.main) refers to lto-llvm-4187c4.o(.bss.uwTick) for uwTick
    lto-llvm-4187c4.o(.text.main) refers to lludivv7m.o(.text) for __aeabi_uldivmod
    lto-llvm-4187c4.o(.text.main) refers to lto-llvm-4187c4.o(.data.SystemCoreClock) for SystemCoreClock
    lto-llvm-4187c4.o(.text.main) refers to lto-llvm-4187c4.o(.data.uwTickPrio) for uwTickPrio
    lto-llvm-4187c4.o(.text.main) refers to lto-llvm-4187c4.o(.text.HAL_GPIO_Init) for HAL_GPIO_Init
    lto-llvm-4187c4.o(.text.main) refers to lto-llvm-4187c4.o(.bss.hUsbDeviceFS) for hUsbDeviceFS
    lto-llvm-4187c4.o(.text.main) refers to lto-llvm-4187c4.o(.data.FS_Desc) for FS_Desc
    lto-llvm-4187c4.o(.text.main) refers to lto-llvm-4187c4.o(.bss.hpcd_USB_OTG_FS) for hpcd_USB_OTG_FS
    lto-llvm-4187c4.o(.text.main) refers to lto-llvm-4187c4.o(.text.USB_CoreReset) for USB_CoreReset
    lto-llvm-4187c4.o(.text.main) refers to lto-llvm-4187c4.o(.text.USB_FlushTxFifo) for USB_FlushTxFifo
    lto-llvm-4187c4.o(.text.main) refers to lto-llvm-4187c4.o(.data.USBD_CDC) for USBD_CDC
    lto-llvm-4187c4.o(.text.main) refers to lto-llvm-4187c4.o(.data.USBD_Interface_fops_FS) for USBD_Interface_fops_FS
    lto-llvm-4187c4.o(.text.main) refers to lto-llvm-4187c4.o(.bss.gpio0_rw_info) for gpio0_rw_info
    lto-llvm-4187c4.o(.text.main) refers to lto-llvm-4187c4.o(.text.HAL_GPIO_DeInit) for HAL_GPIO_DeInit
    lto-llvm-4187c4.o(.text.main) refers to lto-llvm-4187c4.o(.text.ARM_GPIO_SignalEvent) for ARM_GPIO_SignalEvent
    lto-llvm-4187c4.o(.text.main) refers to lto-llvm-4187c4.o(.rodata..L__const.main.usb_rx_thread_config) for .L__const.main.usb_rx_thread_config
    lto-llvm-4187c4.o(.text.main) refers to lto-llvm-4187c4.o(.rodata..L__const.main.led_blue_thread_config) for .L__const.main.led_blue_thread_config
    lto-llvm-4187c4.o(.text.main) refers to lto-llvm-4187c4.o(.bss.mid1) for mid1
    lto-llvm-4187c4.o(.text.main) refers to lto-llvm-4187c4.o(.text.xTaskGetSchedulerState) for xTaskGetSchedulerState
    lto-llvm-4187c4.o(.text.main) refers to lto-llvm-4187c4.o(.bss.KernelState) for KernelState
    lto-llvm-4187c4.o(.text.main) refers to lto-llvm-4187c4.o(.text.EvrFreeRTOSSetup) for EvrFreeRTOSSetup
    lto-llvm-4187c4.o(.text.main) refers to lto-llvm-4187c4.o(.text.xQueueGenericCreate) for xQueueGenericCreate
    lto-llvm-4187c4.o(.text.main) refers to lto-llvm-4187c4.o(.text.led_blue) for led_blue
    lto-llvm-4187c4.o(.text.main) refers to lto-llvm-4187c4.o(.text.osThreadNew) for osThreadNew
    lto-llvm-4187c4.o(.text.main) refers to lto-llvm-4187c4.o(.bss.tid1) for tid1
    lto-llvm-4187c4.o(.text.main) refers to lto-llvm-4187c4.o(.text.led_red) for led_red
    lto-llvm-4187c4.o(.text.main) refers to lto-llvm-4187c4.o(.bss.tid2) for tid2
    lto-llvm-4187c4.o(.text.main) refers to lto-llvm-4187c4.o(.text.led_orange) for led_orange
    lto-llvm-4187c4.o(.text.main) refers to lto-llvm-4187c4.o(.bss.tid3) for tid3
    lto-llvm-4187c4.o(.text.main) refers to lto-llvm-4187c4.o(.text.led_green) for led_green
    lto-llvm-4187c4.o(.text.main) refers to lto-llvm-4187c4.o(.bss.tid4) for tid4
    lto-llvm-4187c4.o(.text.main) refers to lto-llvm-4187c4.o(.text.usb_send) for usb_send
    lto-llvm-4187c4.o(.text.main) refers to lto-llvm-4187c4.o(.bss.tid5) for tid5
    lto-llvm-4187c4.o(.text.main) refers to lto-llvm-4187c4.o(.text.EventRecord2) for EventRecord2
    lto-llvm-4187c4.o(.text.main) refers to lto-llvm-4187c4.o(.bss.vApplicationGetIdleTaskMemory.xIdleTaskTCB) for vApplicationGetIdleTaskMemory.xIdleTaskTCB
    lto-llvm-4187c4.o(.text.main) refers to lto-llvm-4187c4.o(.bss.vApplicationGetIdleTaskMemory.uxIdleTaskStack) for vApplicationGetIdleTaskMemory.uxIdleTaskStack
    lto-llvm-4187c4.o(.text.main) refers to lto-llvm-4187c4.o(.text.prvIdleTask) for prvIdleTask
    lto-llvm-4187c4.o(.text.main) refers to lto-llvm-4187c4.o(.text.xTaskCreateStatic) for xTaskCreateStatic
    lto-llvm-4187c4.o(.text.main) refers to lto-llvm-4187c4.o(.bss.xIdleTaskHandles.0) for xIdleTaskHandles.0
    lto-llvm-4187c4.o(.text.main) refers to lto-llvm-4187c4.o(.data.uxCriticalNesting) for uxCriticalNesting
    lto-llvm-4187c4.o(.text.main) refers to lto-llvm-4187c4.o(.bss.xTimerQueue) for xTimerQueue
    lto-llvm-4187c4.o(.text.main) refers to lto-llvm-4187c4.o(.bss.xActiveTimerList1) for xActiveTimerList1
    lto-llvm-4187c4.o(.text.main) refers to lto-llvm-4187c4.o(.bss.xActiveTimerList2) for xActiveTimerList2
    lto-llvm-4187c4.o(.text.main) refers to lto-llvm-4187c4.o(.bss.pxCurrentTimerList) for pxCurrentTimerList
    lto-llvm-4187c4.o(.text.main) refers to lto-llvm-4187c4.o(.bss.pxOverflowTimerList) for pxOverflowTimerList
    lto-llvm-4187c4.o(.text.main) refers to lto-llvm-4187c4.o(.bss.prvCheckForValidListAndQueue.ucStaticTimerQueueStorage) for prvCheckForValidListAndQueue.ucStaticTimerQueueStorage
    lto-llvm-4187c4.o(.text.main) refers to lto-llvm-4187c4.o(.bss.prvCheckForValidListAndQueue.xStaticTimerQueue) for prvCheckForValidListAndQueue.xStaticTimerQueue
    lto-llvm-4187c4.o(.text.main) refers to lto-llvm-4187c4.o(.text.xQueueGenericCreateStatic) for xQueueGenericCreateStatic
    lto-llvm-4187c4.o(.text.main) refers to lto-llvm-4187c4.o(.bss.vApplicationGetTimerTaskMemory.xTimerTaskTCB) for vApplicationGetTimerTaskMemory.xTimerTaskTCB
    lto-llvm-4187c4.o(.text.main) refers to lto-llvm-4187c4.o(.bss.vApplicationGetTimerTaskMemory.uxTimerTaskStack) for vApplicationGetTimerTaskMemory.uxTimerTaskStack
    lto-llvm-4187c4.o(.text.main) refers to lto-llvm-4187c4.o(.text.prvTimerTask) for prvTimerTask
    lto-llvm-4187c4.o(.text.main) refers to lto-llvm-4187c4.o(.bss.xTimerTaskHandle) for xTimerTaskHandle
    lto-llvm-4187c4.o(.text.main) refers to lto-llvm-4187c4.o(.bss.xNextTaskUnblockTime) for xNextTaskUnblockTime
    lto-llvm-4187c4.o(.text.main) refers to lto-llvm-4187c4.o(.bss.xSchedulerRunning) for xSchedulerRunning
    lto-llvm-4187c4.o(.text.main) refers to lto-llvm-4187c4.o(.bss.xTickCount) for xTickCount
    lto-llvm-4187c4.o(.text.main) refers to lto-llvm-4187c4.o(.bss.pxCurrentTCB) for pxCurrentTCB
    lto-llvm-4187c4.o(.text.main) refers to lto-llvm-4187c4.o(.bss.uxTopReadyPriority) for uxTopReadyPriority
    lto-llvm-4187c4.o(.text.main) refers to lto-llvm-4187c4.o(.text.SVC_Handler) for SVC_Handler
    lto-llvm-4187c4.o(.text.main) refers to lto-llvm-4187c4.o(.text.PendSV_Handler) for PendSV_Handler
    lto-llvm-4187c4.o(.text.main) refers to lto-llvm-4187c4.o(.bss.ucMaxSysCallPriority) for ucMaxSysCallPriority
    lto-llvm-4187c4.o(.text.main) refers to lto-llvm-4187c4.o(.bss.ulMaxPRIGROUPValue) for ulMaxPRIGROUPValue
    lto-llvm-4187c4.o(.text.main) refers to lto-llvm-4187c4.o(.text.vPortEnableVFP) for vPortEnableVFP
    lto-llvm-4187c4.o(.text.main) refers to lto-llvm-4187c4.o(.text.prvPortStartFirstTask) for prvPortStartFirstTask
    lto-llvm-4187c4.o(.text.main) refers to lto-llvm-4187c4.o(.text.vTaskSwitchContext) for vTaskSwitchContext
    lto-llvm-4187c4.o(.text.main) refers to lto-llvm-4187c4.o(.rodata.uxTopUsedPriority) for uxTopUsedPriority
    lto-llvm-4187c4.o(.text.main) refers to lto-llvm-4187c4.o(.rodata.str1.1) for [Anonymous Symbol]
    lto-llvm-4187c4.o(.ARM.exidx.text.main) refers to lto-llvm-4187c4.o(.text.main) for [Anonymous Symbol]
    lto-llvm-4187c4.o(.ARM.exidx.text.NMI_Handler) refers to lto-llvm-4187c4.o(.text.NMI_Handler) for [Anonymous Symbol]
    lto-llvm-4187c4.o(.ARM.exidx.text.HardFault_Handler) refers to lto-llvm-4187c4.o(.text.HardFault_Handler) for [Anonymous Symbol]
    lto-llvm-4187c4.o(.ARM.exidx.text.MemManage_Handler) refers to lto-llvm-4187c4.o(.text.MemManage_Handler) for [Anonymous Symbol]
    lto-llvm-4187c4.o(.ARM.exidx.text.BusFault_Handler) refers to lto-llvm-4187c4.o(.text.BusFault_Handler) for [Anonymous Symbol]
    lto-llvm-4187c4.o(.ARM.exidx.text.UsageFault_Handler) refers to lto-llvm-4187c4.o(.text.UsageFault_Handler) for [Anonymous Symbol]
    lto-llvm-4187c4.o(.ARM.exidx.text.DebugMon_Handler) refers to lto-llvm-4187c4.o(.text.DebugMon_Handler) for [Anonymous Symbol]
    lto-llvm-4187c4.o(.text.EXTI0_IRQHandler) refers to lto-llvm-4187c4.o(.bss.gpio0_rw_info) for gpio0_rw_info
    lto-llvm-4187c4.o(.ARM.exidx.text.EXTI0_IRQHandler) refers to lto-llvm-4187c4.o(.text.EXTI0_IRQHandler) for [Anonymous Symbol]
    lto-llvm-4187c4.o(.text.TIM1_UP_TIM10_IRQHandler) refers to lto-llvm-4187c4.o(.bss.htim1) for htim1
    lto-llvm-4187c4.o(.text.TIM1_UP_TIM10_IRQHandler) refers to lto-llvm-4187c4.o(.bss.uwTick) for uwTick
    lto-llvm-4187c4.o(.ARM.exidx.text.TIM1_UP_TIM10_IRQHandler) refers to lto-llvm-4187c4.o(.text.TIM1_UP_TIM10_IRQHandler) for [Anonymous Symbol]
    lto-llvm-4187c4.o(.text.OTG_FS_IRQHandler) refers to lto-llvm-4187c4.o(.bss.hpcd_USB_OTG_FS) for hpcd_USB_OTG_FS
    lto-llvm-4187c4.o(.text.OTG_FS_IRQHandler) refers to lto-llvm-4187c4.o(.text.HAL_PCD_DataOutStageCallback) for HAL_PCD_DataOutStageCallback
    lto-llvm-4187c4.o(.text.OTG_FS_IRQHandler) refers to lto-llvm-4187c4.o(.text.HAL_PCD_SetupStageCallback) for HAL_PCD_SetupStageCallback
    lto-llvm-4187c4.o(.text.OTG_FS_IRQHandler) refers to lto-llvm-4187c4.o(.text.USB_EP0_OutStart) for USB_EP0_OutStart
    lto-llvm-4187c4.o(.text.OTG_FS_IRQHandler) refers to lto-llvm-4187c4.o(.text.USBD_LL_Transmit) for USBD_LL_Transmit
    lto-llvm-4187c4.o(.text.OTG_FS_IRQHandler) refers to lto-llvm-4187c4.o(.text.USBD_LL_StallEP) for USBD_LL_StallEP
    lto-llvm-4187c4.o(.text.OTG_FS_IRQHandler) refers to lto-llvm-4187c4.o(.text.USBD_LL_PrepareReceive) for USBD_LL_PrepareReceive
    lto-llvm-4187c4.o(.text.OTG_FS_IRQHandler) refers to lto-llvm-4187c4.o(.text.USB_FlushTxFifo) for USB_FlushTxFifo
    lto-llvm-4187c4.o(.text.OTG_FS_IRQHandler) refers to lto-llvm-4187c4.o(.data.SystemCoreClock) for SystemCoreClock
    lto-llvm-4187c4.o(.text.OTG_FS_IRQHandler) refers to lto-llvm-4187c4.o(.text.USBD_LL_OpenEP) for USBD_LL_OpenEP
    lto-llvm-4187c4.o(.text.OTG_FS_IRQHandler) refers to lto-llvm-4187c4.o(.text.USB_EPStopXfer) for USB_EPStopXfer
    lto-llvm-4187c4.o(.ARM.exidx.text.OTG_FS_IRQHandler) refers to lto-llvm-4187c4.o(.text.OTG_FS_IRQHandler) for [Anonymous Symbol]
    lto-llvm-4187c4.o(.ARM.exidx.text.SystemInit) refers to lto-llvm-4187c4.o(.text.SystemInit) for [Anonymous Symbol]
    lto-llvm-4187c4.o(.text.HAL_InitTick) refers to lto-llvm-4187c4.o(.data.SystemCoreClock) for SystemCoreClock
    lto-llvm-4187c4.o(.text.HAL_InitTick) refers to lto-llvm-4187c4.o(.bss.htim1) for htim1
    lto-llvm-4187c4.o(.text.HAL_InitTick) refers to lto-llvm-4187c4.o(.data.uwTickPrio) for uwTickPrio
    lto-llvm-4187c4.o(.ARM.exidx.text.HAL_InitTick) refers to lto-llvm-4187c4.o(.text.HAL_InitTick) for [Anonymous Symbol]
    lto-llvm-4187c4.o(.text.HAL_PCD_SetupStageCallback) refers to lto-llvm-4187c4.o(.bss.hpcd_USB_OTG_FS) for hpcd_USB_OTG_FS
    lto-llvm-4187c4.o(.text.HAL_PCD_SetupStageCallback) refers to lto-llvm-4187c4.o(.text.USBD_LL_StallEP) for USBD_LL_StallEP
    lto-llvm-4187c4.o(.text.HAL_PCD_SetupStageCallback) refers to lto-llvm-4187c4.o(.bss.USBD_SetConfig.cfgidx) for USBD_SetConfig.cfgidx
    lto-llvm-4187c4.o(.text.HAL_PCD_SetupStageCallback) refers to lto-llvm-4187c4.o(.text.USBD_LL_SetUSBAddress) for USBD_LL_SetUSBAddress
    lto-llvm-4187c4.o(.text.HAL_PCD_SetupStageCallback) refers to lto-llvm-4187c4.o(.text.USBD_LL_Transmit) for USBD_LL_Transmit
    lto-llvm-4187c4.o(.text.HAL_PCD_SetupStageCallback) refers to lto-llvm-4187c4.o(.text.USBD_LL_ClearStallEP) for USBD_LL_ClearStallEP
    lto-llvm-4187c4.o(.ARM.exidx.text.HAL_PCD_SetupStageCallback) refers to lto-llvm-4187c4.o(.text.HAL_PCD_SetupStageCallback) for [Anonymous Symbol]
    lto-llvm-4187c4.o(.text.HAL_PCD_DataOutStageCallback) refers to lto-llvm-4187c4.o(.bss.hpcd_USB_OTG_FS) for hpcd_USB_OTG_FS
    lto-llvm-4187c4.o(.text.HAL_PCD_DataOutStageCallback) refers to lto-llvm-4187c4.o(.text.USBD_LL_PrepareReceive) for USBD_LL_PrepareReceive
    lto-llvm-4187c4.o(.text.HAL_PCD_DataOutStageCallback) refers to lto-llvm-4187c4.o(.text.USBD_LL_Transmit) for USBD_LL_Transmit
    lto-llvm-4187c4.o(.ARM.exidx.text.HAL_PCD_DataOutStageCallback) refers to lto-llvm-4187c4.o(.text.HAL_PCD_DataOutStageCallback) for [Anonymous Symbol]
    lto-llvm-4187c4.o(.ARM.exidx.text.USBD_LL_OpenEP) refers to lto-llvm-4187c4.o(.text.USBD_LL_OpenEP) for [Anonymous Symbol]
    lto-llvm-4187c4.o(.ARM.exidx.text.USBD_LL_CloseEP) refers to lto-llvm-4187c4.o(.text.USBD_LL_CloseEP) for [Anonymous Symbol]
    lto-llvm-4187c4.o(.text.USBD_LL_StallEP) refers to lto-llvm-4187c4.o(.text.USB_EP0_OutStart) for USB_EP0_OutStart
    lto-llvm-4187c4.o(.ARM.exidx.text.USBD_LL_StallEP) refers to lto-llvm-4187c4.o(.text.USBD_LL_StallEP) for [Anonymous Symbol]
    lto-llvm-4187c4.o(.ARM.exidx.text.USBD_LL_ClearStallEP) refers to lto-llvm-4187c4.o(.text.USBD_LL_ClearStallEP) for [Anonymous Symbol]
    lto-llvm-4187c4.o(.ARM.exidx.text.USBD_LL_SetUSBAddress) refers to lto-llvm-4187c4.o(.text.USBD_LL_SetUSBAddress) for [Anonymous Symbol]
    lto-llvm-4187c4.o(.text.USBD_LL_Transmit) refers to lto-llvm-4187c4.o(.text.USB_EPStartXfer) for USB_EPStartXfer
    lto-llvm-4187c4.o(.ARM.exidx.text.USBD_LL_Transmit) refers to lto-llvm-4187c4.o(.text.USBD_LL_Transmit) for [Anonymous Symbol]
    lto-llvm-4187c4.o(.text.USBD_LL_PrepareReceive) refers to lto-llvm-4187c4.o(.text.USB_EPStartXfer) for USB_EPStartXfer
    lto-llvm-4187c4.o(.ARM.exidx.text.USBD_LL_PrepareReceive) refers to lto-llvm-4187c4.o(.text.USBD_LL_PrepareReceive) for [Anonymous Symbol]
    lto-llvm-4187c4.o(.text.USBD_FS_DeviceDescriptor) refers to lto-llvm-4187c4.o(.data.USBD_FS_DeviceDesc) for USBD_FS_DeviceDesc
    lto-llvm-4187c4.o(.ARM.exidx.text.USBD_FS_DeviceDescriptor) refers to lto-llvm-4187c4.o(.text.USBD_FS_DeviceDescriptor) for [Anonymous Symbol]
    lto-llvm-4187c4.o(.text.USBD_FS_LangIDStrDescriptor) refers to lto-llvm-4187c4.o(.data.USBD_LangIDDesc) for USBD_LangIDDesc
    lto-llvm-4187c4.o(.ARM.exidx.text.USBD_FS_LangIDStrDescriptor) refers to lto-llvm-4187c4.o(.text.USBD_FS_LangIDStrDescriptor) for [Anonymous Symbol]
    lto-llvm-4187c4.o(.text.USBD_FS_ManufacturerStrDescriptor) refers to lto-llvm-4187c4.o(.text.USBD_GetString) for USBD_GetString
    lto-llvm-4187c4.o(.text.USBD_FS_ManufacturerStrDescriptor) refers to lto-llvm-4187c4.o(.bss.USBD_StrDesc) for USBD_StrDesc
    lto-llvm-4187c4.o(.ARM.exidx.text.USBD_FS_ManufacturerStrDescriptor) refers to lto-llvm-4187c4.o(.text.USBD_FS_ManufacturerStrDescriptor) for [Anonymous Symbol]
    lto-llvm-4187c4.o(.text.USBD_FS_ProductStrDescriptor) refers to lto-llvm-4187c4.o(.text.USBD_GetString) for USBD_GetString
    lto-llvm-4187c4.o(.text.USBD_FS_ProductStrDescriptor) refers to lto-llvm-4187c4.o(.bss.USBD_StrDesc) for USBD_StrDesc
    lto-llvm-4187c4.o(.ARM.exidx.text.USBD_FS_ProductStrDescriptor) refers to lto-llvm-4187c4.o(.text.USBD_FS_ProductStrDescriptor) for [Anonymous Symbol]
    lto-llvm-4187c4.o(.text.USBD_FS_SerialStrDescriptor) refers to lto-llvm-4187c4.o(.data.USBD_StringSerial) for USBD_StringSerial
    lto-llvm-4187c4.o(.ARM.exidx.text.USBD_FS_SerialStrDescriptor) refers to lto-llvm-4187c4.o(.text.USBD_FS_SerialStrDescriptor) for [Anonymous Symbol]
    lto-llvm-4187c4.o(.text.USBD_FS_ConfigStrDescriptor) refers to lto-llvm-4187c4.o(.text.USBD_GetString) for USBD_GetString
    lto-llvm-4187c4.o(.text.USBD_FS_ConfigStrDescriptor) refers to lto-llvm-4187c4.o(.bss.USBD_StrDesc) for USBD_StrDesc
    lto-llvm-4187c4.o(.ARM.exidx.text.USBD_FS_ConfigStrDescriptor) refers to lto-llvm-4187c4.o(.text.USBD_FS_ConfigStrDescriptor) for [Anonymous Symbol]
    lto-llvm-4187c4.o(.text.USBD_FS_InterfaceStrDescriptor) refers to lto-llvm-4187c4.o(.text.USBD_GetString) for USBD_GetString
    lto-llvm-4187c4.o(.text.USBD_FS_InterfaceStrDescriptor) refers to lto-llvm-4187c4.o(.bss.USBD_StrDesc) for USBD_StrDesc
    lto-llvm-4187c4.o(.ARM.exidx.text.USBD_FS_InterfaceStrDescriptor) refers to lto-llvm-4187c4.o(.text.USBD_FS_InterfaceStrDescriptor) for [Anonymous Symbol]
    lto-llvm-4187c4.o(.text.CDC_Init_FS) refers to lto-llvm-4187c4.o(.bss.hUsbDeviceFS) for hUsbDeviceFS
    lto-llvm-4187c4.o(.text.CDC_Init_FS) refers to lto-llvm-4187c4.o(.bss.UserTxBufferFS) for UserTxBufferFS
    lto-llvm-4187c4.o(.text.CDC_Init_FS) refers to lto-llvm-4187c4.o(.bss.UserRxBufferFS) for UserRxBufferFS
    lto-llvm-4187c4.o(.ARM.exidx.text.CDC_Init_FS) refers to lto-llvm-4187c4.o(.text.CDC_Init_FS) for [Anonymous Symbol]
    lto-llvm-4187c4.o(.ARM.exidx.text.CDC_DeInit_FS) refers to lto-llvm-4187c4.o(.text.CDC_DeInit_FS) for [Anonymous Symbol]
    lto-llvm-4187c4.o(.ARM.exidx.text.CDC_Control_FS) refers to lto-llvm-4187c4.o(.text.CDC_Control_FS) for [Anonymous Symbol]
    lto-llvm-4187c4.o(.text.CDC_Receive_FS) refers to lto-llvm-4187c4.o(.bss.hUsbDeviceFS) for hUsbDeviceFS
    lto-llvm-4187c4.o(.text.CDC_Receive_FS) refers to lto-llvm-4187c4.o(.text.USBD_LL_PrepareReceive) for USBD_LL_PrepareReceive
    lto-llvm-4187c4.o(.ARM.exidx.text.CDC_Receive_FS) refers to lto-llvm-4187c4.o(.text.CDC_Receive_FS) for [Anonymous Symbol]
    lto-llvm-4187c4.o(.ARM.exidx.text.CDC_TransmitCplt_FS) refers to lto-llvm-4187c4.o(.text.CDC_TransmitCplt_FS) for [Anonymous Symbol]
    lto-llvm-4187c4.o(.text.USBD_GetString) refers to lto-llvm-4187c4.o(.bss.USBD_StrDesc) for USBD_StrDesc
    lto-llvm-4187c4.o(.ARM.exidx.text.USBD_GetString) refers to lto-llvm-4187c4.o(.text.USBD_GetString) for [Anonymous Symbol]
    lto-llvm-4187c4.o(.text.USBD_CDC_Init) refers to lto-llvm-4187c4.o(.bss.USBD_static_malloc.mem) for USBD_static_malloc.mem
    lto-llvm-4187c4.o(.text.USBD_CDC_Init) refers to rt_memclr_w.o(.text) for __aeabi_memclr4
    lto-llvm-4187c4.o(.text.USBD_CDC_Init) refers to lto-llvm-4187c4.o(.text.USBD_LL_OpenEP) for USBD_LL_OpenEP
    lto-llvm-4187c4.o(.text.USBD_CDC_Init) refers to lto-llvm-4187c4.o(.text.USBD_LL_PrepareReceive) for USBD_LL_PrepareReceive
    lto-llvm-4187c4.o(.ARM.exidx.text.USBD_CDC_Init) refers to lto-llvm-4187c4.o(.text.USBD_CDC_Init) for [Anonymous Symbol]
    lto-llvm-4187c4.o(.text.USBD_CDC_DeInit) refers to lto-llvm-4187c4.o(.text.USBD_LL_CloseEP) for USBD_LL_CloseEP
    lto-llvm-4187c4.o(.ARM.exidx.text.USBD_CDC_DeInit) refers to lto-llvm-4187c4.o(.text.USBD_CDC_DeInit) for [Anonymous Symbol]
    lto-llvm-4187c4.o(.text.USBD_CDC_Setup) refers to lto-llvm-4187c4.o(.text.USBD_LL_PrepareReceive) for USBD_LL_PrepareReceive
    lto-llvm-4187c4.o(.text.USBD_CDC_Setup) refers to lto-llvm-4187c4.o(.text.USBD_LL_Transmit) for USBD_LL_Transmit
    lto-llvm-4187c4.o(.text.USBD_CDC_Setup) refers to lto-llvm-4187c4.o(.text.USBD_LL_StallEP) for USBD_LL_StallEP
    lto-llvm-4187c4.o(.ARM.exidx.text.USBD_CDC_Setup) refers to lto-llvm-4187c4.o(.text.USBD_CDC_Setup) for [Anonymous Symbol]
    lto-llvm-4187c4.o(.ARM.exidx.text.USBD_CDC_EP0_RxReady) refers to lto-llvm-4187c4.o(.text.USBD_CDC_EP0_RxReady) for [Anonymous Symbol]
    lto-llvm-4187c4.o(.text.USBD_CDC_DataIn) refers to lto-llvm-4187c4.o(.text.USBD_LL_Transmit) for USBD_LL_Transmit
    lto-llvm-4187c4.o(.ARM.exidx.text.USBD_CDC_DataIn) refers to lto-llvm-4187c4.o(.text.USBD_CDC_DataIn) for [Anonymous Symbol]
    lto-llvm-4187c4.o(.ARM.exidx.text.USBD_CDC_DataOut) refers to lto-llvm-4187c4.o(.text.USBD_CDC_DataOut) for [Anonymous Symbol]
    lto-llvm-4187c4.o(.text.USBD_CDC_GetHSCfgDesc) refers to lto-llvm-4187c4.o(.data.USBD_CDC_CfgDesc) for USBD_CDC_CfgDesc
    lto-llvm-4187c4.o(.ARM.exidx.text.USBD_CDC_GetHSCfgDesc) refers to lto-llvm-4187c4.o(.text.USBD_CDC_GetHSCfgDesc) for [Anonymous Symbol]
    lto-llvm-4187c4.o(.text.USBD_CDC_GetFSCfgDesc) refers to lto-llvm-4187c4.o(.data.USBD_CDC_CfgDesc) for USBD_CDC_CfgDesc
    lto-llvm-4187c4.o(.ARM.exidx.text.USBD_CDC_GetFSCfgDesc) refers to lto-llvm-4187c4.o(.text.USBD_CDC_GetFSCfgDesc) for [Anonymous Symbol]
    lto-llvm-4187c4.o(.text.USBD_CDC_GetOtherSpeedCfgDesc) refers to lto-llvm-4187c4.o(.data.USBD_CDC_CfgDesc) for USBD_CDC_CfgDesc
    lto-llvm-4187c4.o(.ARM.exidx.text.USBD_CDC_GetOtherSpeedCfgDesc) refers to lto-llvm-4187c4.o(.text.USBD_CDC_GetOtherSpeedCfgDesc) for [Anonymous Symbol]
    lto-llvm-4187c4.o(.text.USBD_CDC_GetDeviceQualifierDescriptor) refers to lto-llvm-4187c4.o(.data.USBD_CDC_DeviceQualifierDesc) for USBD_CDC_DeviceQualifierDesc
    lto-llvm-4187c4.o(.ARM.exidx.text.USBD_CDC_GetDeviceQualifierDescriptor) refers to lto-llvm-4187c4.o(.text.USBD_CDC_GetDeviceQualifierDescriptor) for [Anonymous Symbol]
    lto-llvm-4187c4.o(.ARM.exidx.text.HAL_GPIO_Init) refers to lto-llvm-4187c4.o(.text.HAL_GPIO_Init) for [Anonymous Symbol]
    lto-llvm-4187c4.o(.ARM.exidx.text.HAL_GPIO_DeInit) refers to lto-llvm-4187c4.o(.text.HAL_GPIO_DeInit) for [Anonymous Symbol]
    lto-llvm-4187c4.o(.ARM.exidx.text.USB_CoreReset) refers to lto-llvm-4187c4.o(.text.USB_CoreReset) for [Anonymous Symbol]
    lto-llvm-4187c4.o(.ARM.exidx.text.USB_FlushTxFifo) refers to lto-llvm-4187c4.o(.text.USB_FlushTxFifo) for [Anonymous Symbol]
    lto-llvm-4187c4.o(.ARM.exidx.text.USB_EPStartXfer) refers to lto-llvm-4187c4.o(.text.USB_EPStartXfer) for [Anonymous Symbol]
    lto-llvm-4187c4.o(.ARM.exidx.text.USB_EPStopXfer) refers to lto-llvm-4187c4.o(.text.USB_EPStopXfer) for [Anonymous Symbol]
    lto-llvm-4187c4.o(.ARM.exidx.text.USB_EP0_OutStart) refers to lto-llvm-4187c4.o(.text.USB_EP0_OutStart) for [Anonymous Symbol]
    lto-llvm-4187c4.o(.text._mutex_acquire) refers to lto-llvm-4187c4.o(.text.xTaskGetSchedulerState) for xTaskGetSchedulerState
    lto-llvm-4187c4.o(.text._mutex_acquire) refers to lto-llvm-4187c4.o(.data.uxCriticalNesting) for uxCriticalNesting
    lto-llvm-4187c4.o(.text._mutex_acquire) refers to lto-llvm-4187c4.o(.text.vTaskInternalSetTimeOutState) for vTaskInternalSetTimeOutState
    lto-llvm-4187c4.o(.text._mutex_acquire) refers to lto-llvm-4187c4.o(.text.vTaskSuspendAll) for vTaskSuspendAll
    lto-llvm-4187c4.o(.text._mutex_acquire) refers to lto-llvm-4187c4.o(.text.xTaskCheckForTimeOut) for xTaskCheckForTimeOut
    lto-llvm-4187c4.o(.text._mutex_acquire) refers to lto-llvm-4187c4.o(.text.prvUnlockQueue) for prvUnlockQueue
    lto-llvm-4187c4.o(.text._mutex_acquire) refers to lto-llvm-4187c4.o(.text.xTaskResumeAll) for xTaskResumeAll
    lto-llvm-4187c4.o(.text._mutex_acquire) refers to lto-llvm-4187c4.o(.text.EventRecord2) for EventRecord2
    lto-llvm-4187c4.o(.text._mutex_acquire) refers to lto-llvm-4187c4.o(.bss.pxCurrentTCB) for pxCurrentTCB
    lto-llvm-4187c4.o(.text._mutex_acquire) refers to lto-llvm-4187c4.o(.bss.pxReadyTasksLists) for pxReadyTasksLists
    lto-llvm-4187c4.o(.text._mutex_acquire) refers to lto-llvm-4187c4.o(.bss.uxTopReadyPriority) for uxTopReadyPriority
    lto-llvm-4187c4.o(.text._mutex_acquire) refers to lto-llvm-4187c4.o(.text.vTaskPlaceOnEventList) for vTaskPlaceOnEventList
    lto-llvm-4187c4.o(.text._mutex_acquire) refers to lto-llvm-4187c4.o(.text.xTaskRemoveFromEventList) for xTaskRemoveFromEventList
    lto-llvm-4187c4.o(.ARM.exidx.text._mutex_acquire) refers to lto-llvm-4187c4.o(.text._mutex_acquire) for [Anonymous Symbol]
    lto-llvm-4187c4.o(.text._mutex_free) refers to lto-llvm-4187c4.o(.text.EventRecord2) for EventRecord2
    lto-llvm-4187c4.o(.text._mutex_free) refers to lto-llvm-4187c4.o(.text.vPortFree) for vPortFree
    lto-llvm-4187c4.o(.text._mutex_free) refers to lto-llvm-4187c4.o(.bss.clib_mutex_id) for clib_mutex_id
    lto-llvm-4187c4.o(.ARM.exidx.text._mutex_free) refers to lto-llvm-4187c4.o(.text._mutex_free) for [Anonymous Symbol]
    lto-llvm-4187c4.o(.text._mutex_initialize) refers to lto-llvm-4187c4.o(.bss.clib_mutex_id) for clib_mutex_id
    lto-llvm-4187c4.o(.text._mutex_initialize) refers to lto-llvm-4187c4.o(.bss.clib_mutex_cb) for clib_mutex_cb
    lto-llvm-4187c4.o(.text._mutex_initialize) refers to lto-llvm-4187c4.o(.text.xQueueGenericCreateStatic) for xQueueGenericCreateStatic
    lto-llvm-4187c4.o(.text._mutex_initialize) refers to lto-llvm-4187c4.o(.text.prvInitialiseMutex) for prvInitialiseMutex
    lto-llvm-4187c4.o(.text._mutex_initialize) refers to lto-llvm-4187c4.o(.text.xTaskGetSchedulerState) for xTaskGetSchedulerState
    lto-llvm-4187c4.o(.text._mutex_initialize) refers to lto-llvm-4187c4.o(.text.xQueueGenericCreate) for xQueueGenericCreate
    lto-llvm-4187c4.o(.ARM.exidx.text._mutex_initialize) refers to lto-llvm-4187c4.o(.text._mutex_initialize) for [Anonymous Symbol]
    lto-llvm-4187c4.o(.text._mutex_release) refers to lto-llvm-4187c4.o(.text.xTaskGetSchedulerState) for xTaskGetSchedulerState
    lto-llvm-4187c4.o(.text._mutex_release) refers to lto-llvm-4187c4.o(.text.xQueueGenericSend) for xQueueGenericSend
    lto-llvm-4187c4.o(.ARM.exidx.text._mutex_release) refers to lto-llvm-4187c4.o(.text._mutex_release) for [Anonymous Symbol]
    lto-llvm-4187c4.o(.text._platform_post_stackheap_init) refers to lto-llvm-4187c4.o(.text.EvrFreeRTOSSetup) for EvrFreeRTOSSetup
    lto-llvm-4187c4.o(.ARM.exidx.text._platform_post_stackheap_init) refers to lto-llvm-4187c4.o(.text._platform_post_stackheap_init) for [Anonymous Symbol]
    lto-llvm-4187c4.o(.text.$Sub$$_fp_init) refers to fpinit.o(x$fpl$fpinit) for $Super$$_fp_init
    lto-llvm-4187c4.o(.ARM.exidx.text.$Sub$$_fp_init) refers to lto-llvm-4187c4.o(.text.$Sub$$_fp_init) for [Anonymous Symbol]
    lto-llvm-4187c4.o(.text.__user_perthread_libspace) refers to lto-llvm-4187c4.o(.text.xTaskGetSchedulerState) for xTaskGetSchedulerState
    lto-llvm-4187c4.o(.text.__user_perthread_libspace) refers to lto-llvm-4187c4.o(.bss.os_libspace) for os_libspace
    lto-llvm-4187c4.o(.text.__user_perthread_libspace) refers to lto-llvm-4187c4.o(.text.EventRecord2) for EventRecord2
    lto-llvm-4187c4.o(.text.__user_perthread_libspace) refers to lto-llvm-4187c4.o(.bss.pxCurrentTCB) for pxCurrentTCB
    lto-llvm-4187c4.o(.text.__user_perthread_libspace) refers to lto-llvm-4187c4.o(.bss.os_libspace_id) for os_libspace_id
    lto-llvm-4187c4.o(.ARM.exidx.text.__user_perthread_libspace) refers to lto-llvm-4187c4.o(.text.__user_perthread_libspace) for [Anonymous Symbol]
    lto-llvm-4187c4.o(.text.SysTick_Handler) refers to lto-llvm-4187c4.o(.text.xTaskGetSchedulerState) for xTaskGetSchedulerState
    lto-llvm-4187c4.o(.text.SysTick_Handler) refers to lto-llvm-4187c4.o(.text.xTaskIncrementTick) for xTaskIncrementTick
    lto-llvm-4187c4.o(.ARM.exidx.text.SysTick_Handler) refers to lto-llvm-4187c4.o(.text.SysTick_Handler) for [Anonymous Symbol]
    lto-llvm-4187c4.o(.text.osThreadNew) refers to lto-llvm-4187c4.o(.text.xTaskGetSchedulerState) for xTaskGetSchedulerState
    lto-llvm-4187c4.o(.text.osThreadNew) refers to lto-llvm-4187c4.o(.text.xTaskCreateStatic) for xTaskCreateStatic
    lto-llvm-4187c4.o(.text.osThreadNew) refers to lto-llvm-4187c4.o(.text.EventRecord4) for EventRecord4
    lto-llvm-4187c4.o(.text.osThreadNew) refers to lto-llvm-4187c4.o(.text.EventRecord2) for EventRecord2
    lto-llvm-4187c4.o(.text.osThreadNew) refers to lto-llvm-4187c4.o(.text.pvPortMalloc) for pvPortMalloc
    lto-llvm-4187c4.o(.text.osThreadNew) refers to rt_memclr.o(.text) for __aeabi_memclr
    lto-llvm-4187c4.o(.text.osThreadNew) refers to lto-llvm-4187c4.o(.text.prvInitialiseNewTask) for prvInitialiseNewTask
    lto-llvm-4187c4.o(.text.osThreadNew) refers to lto-llvm-4187c4.o(.text.prvAddNewTaskToReadyList) for prvAddNewTaskToReadyList
    lto-llvm-4187c4.o(.text.osThreadNew) refers to lto-llvm-4187c4.o(.text.vPortFree) for vPortFree
    lto-llvm-4187c4.o(.ARM.exidx.text.osThreadNew) refers to lto-llvm-4187c4.o(.text.osThreadNew) for [Anonymous Symbol]
    lto-llvm-4187c4.o(.text.osThreadExit) refers to lto-llvm-4187c4.o(.text.EventRecord2) for EventRecord2
    lto-llvm-4187c4.o(.text.osThreadExit) refers to lto-llvm-4187c4.o(.data.uxCriticalNesting) for uxCriticalNesting
    lto-llvm-4187c4.o(.text.osThreadExit) refers to lto-llvm-4187c4.o(.bss.pxCurrentTCB) for pxCurrentTCB
    lto-llvm-4187c4.o(.text.osThreadExit) refers to lto-llvm-4187c4.o(.bss.uxTaskNumber) for uxTaskNumber
    lto-llvm-4187c4.o(.text.osThreadExit) refers to lto-llvm-4187c4.o(.bss.xSchedulerRunning) for xSchedulerRunning
    lto-llvm-4187c4.o(.text.osThreadExit) refers to lto-llvm-4187c4.o(.bss.xTasksWaitingTermination) for xTasksWaitingTermination
    lto-llvm-4187c4.o(.text.osThreadExit) refers to lto-llvm-4187c4.o(.bss.uxDeletedTasksWaitingCleanUp) for uxDeletedTasksWaitingCleanUp
    lto-llvm-4187c4.o(.text.osThreadExit) refers to lto-llvm-4187c4.o(.bss.uxCurrentNumberOfTasks) for uxCurrentNumberOfTasks
    lto-llvm-4187c4.o(.text.osThreadExit) refers to lto-llvm-4187c4.o(.bss.pxDelayedTaskList) for pxDelayedTaskList
    lto-llvm-4187c4.o(.text.osThreadExit) refers to lto-llvm-4187c4.o(.bss.xNextTaskUnblockTime) for xNextTaskUnblockTime
    lto-llvm-4187c4.o(.text.osThreadExit) refers to lto-llvm-4187c4.o(.text.prvDeleteTCB) for prvDeleteTCB
    lto-llvm-4187c4.o(.text.osThreadExit) refers to lto-llvm-4187c4.o(.bss.uxSchedulerSuspended) for uxSchedulerSuspended
    lto-llvm-4187c4.o(.ARM.exidx.text.osThreadExit) refers to lto-llvm-4187c4.o(.text.osThreadExit) for [Anonymous Symbol]
    lto-llvm-4187c4.o(.text.osDelay) refers to lto-llvm-4187c4.o(.text.xTaskGetSchedulerState) for xTaskGetSchedulerState
    lto-llvm-4187c4.o(.text.osDelay) refers to lto-llvm-4187c4.o(.text.EventRecord2) for EventRecord2
    lto-llvm-4187c4.o(.text.osDelay) refers to lto-llvm-4187c4.o(.bss.uxSchedulerSuspended) for uxSchedulerSuspended
    lto-llvm-4187c4.o(.text.osDelay) refers to lto-llvm-4187c4.o(.text.prvAddCurrentTaskToDelayedList) for prvAddCurrentTaskToDelayedList
    lto-llvm-4187c4.o(.text.osDelay) refers to lto-llvm-4187c4.o(.text.xTaskResumeAll) for xTaskResumeAll
    lto-llvm-4187c4.o(.ARM.exidx.text.osDelay) refers to lto-llvm-4187c4.o(.text.osDelay) for [Anonymous Symbol]
    lto-llvm-4187c4.o(.text.osEventFlagsSet) refers to lto-llvm-4187c4.o(.text.EventRecord4) for EventRecord4
    lto-llvm-4187c4.o(.text.osEventFlagsSet) refers to lto-llvm-4187c4.o(.text.EventRecord2) for EventRecord2
    lto-llvm-4187c4.o(.text.osEventFlagsSet) refers to lto-llvm-4187c4.o(.text.vEventGroupSetBitsCallback) for vEventGroupSetBitsCallback
    lto-llvm-4187c4.o(.text.osEventFlagsSet) refers to lto-llvm-4187c4.o(.bss.xTimerQueue) for xTimerQueue
    lto-llvm-4187c4.o(.text.osEventFlagsSet) refers to lto-llvm-4187c4.o(.text.xQueueGenericSendFromISR) for xQueueGenericSendFromISR
    lto-llvm-4187c4.o(.text.osEventFlagsSet) refers to lto-llvm-4187c4.o(.text.xTaskGetSchedulerState) for xTaskGetSchedulerState
    lto-llvm-4187c4.o(.text.osEventFlagsSet) refers to lto-llvm-4187c4.o(.text.xEventGroupSetBits) for xEventGroupSetBits
    lto-llvm-4187c4.o(.ARM.exidx.text.osEventFlagsSet) refers to lto-llvm-4187c4.o(.text.osEventFlagsSet) for [Anonymous Symbol]
    lto-llvm-4187c4.o(.text.osMessageQueuePut) refers to lto-llvm-4187c4.o(.text.xQueueGenericSendFromISR) for xQueueGenericSendFromISR
    lto-llvm-4187c4.o(.text.osMessageQueuePut) refers to lto-llvm-4187c4.o(.text.xTaskGetSchedulerState) for xTaskGetSchedulerState
    lto-llvm-4187c4.o(.text.osMessageQueuePut) refers to lto-llvm-4187c4.o(.text.xQueueGenericSend) for xQueueGenericSend
    lto-llvm-4187c4.o(.ARM.exidx.text.osMessageQueuePut) refers to lto-llvm-4187c4.o(.text.osMessageQueuePut) for [Anonymous Symbol]
    lto-llvm-4187c4.o(.text.EventRecorderInitialize) refers to lto-llvm-4187c4.o(.bss.noinit) for EventStatus
    lto-llvm-4187c4.o(.text.EventRecorderInitialize) refers to rt_memclr_w.o(.text) for __aeabi_memclr4
    lto-llvm-4187c4.o(.text.EventRecorderInitialize) refers to lto-llvm-4187c4.o(.rodata.EventRecorderInfo) for EventRecorderInfo
    lto-llvm-4187c4.o(.text.EventRecorderInitialize) refers to lto-llvm-4187c4.o(.text.EventRecorderEnable) for EventRecorderEnable
    lto-llvm-4187c4.o(.text.EventRecorderInitialize) refers to lto-llvm-4187c4.o(.text.EventGetTS) for EventGetTS
    lto-llvm-4187c4.o(.text.EventRecorderInitialize) refers to lto-llvm-4187c4.o(.text.EventRecordItem) for EventRecordItem
    lto-llvm-4187c4.o(.ARM.exidx.text.EventRecorderInitialize) refers to lto-llvm-4187c4.o(.text.EventRecorderInitialize) for [Anonymous Symbol]
    lto-llvm-4187c4.o(.text.EventRecorderEnable) refers to lto-llvm-4187c4.o(.bss.noinit) for EventFilter
    lto-llvm-4187c4.o(.ARM.exidx.text.EventRecorderEnable) refers to lto-llvm-4187c4.o(.text.EventRecorderEnable) for [Anonymous Symbol]
    lto-llvm-4187c4.o(.text.EventGetTS) refers to lto-llvm-4187c4.o(.bss.noinit) for EventStatus
    lto-llvm-4187c4.o(.ARM.exidx.text.EventGetTS) refers to lto-llvm-4187c4.o(.text.EventGetTS) for [Anonymous Symbol]
    lto-llvm-4187c4.o(.text.EventRecordItem) refers to lto-llvm-4187c4.o(.bss.noinit) for EventStatus
    lto-llvm-4187c4.o(.ARM.exidx.text.EventRecordItem) refers to lto-llvm-4187c4.o(.text.EventRecordItem) for [Anonymous Symbol]
    lto-llvm-4187c4.o(.text.EventRecord2) refers to lto-llvm-4187c4.o(.bss.noinit) for EventStatus
    lto-llvm-4187c4.o(.text.EventRecord2) refers to lto-llvm-4187c4.o(.text.EventGetTS) for EventGetTS
    lto-llvm-4187c4.o(.text.EventRecord2) refers to lto-llvm-4187c4.o(.text.EventRecordItem) for EventRecordItem
    lto-llvm-4187c4.o(.ARM.exidx.text.EventRecord2) refers to lto-llvm-4187c4.o(.text.EventRecord2) for [Anonymous Symbol]
    lto-llvm-4187c4.o(.text.EventRecord4) refers to lto-llvm-4187c4.o(.bss.noinit) for EventStatus
    lto-llvm-4187c4.o(.text.EventRecord4) refers to lto-llvm-4187c4.o(.text.EventGetTS) for EventGetTS
    lto-llvm-4187c4.o(.text.EventRecord4) refers to lto-llvm-4187c4.o(.text.EventRecordItem) for EventRecordItem
    lto-llvm-4187c4.o(.ARM.exidx.text.EventRecord4) refers to lto-llvm-4187c4.o(.text.EventRecord4) for [Anonymous Symbol]
    lto-llvm-4187c4.o(.text.EvrFreeRTOSSetup) refers to lto-llvm-4187c4.o(.bss.EvrFreeRTOSSetup.init) for EvrFreeRTOSSetup.init
    lto-llvm-4187c4.o(.text.EvrFreeRTOSSetup) refers to lto-llvm-4187c4.o(.text.EventRecorderInitialize) for EventRecorderInitialize
    lto-llvm-4187c4.o(.text.EvrFreeRTOSSetup) refers to lto-llvm-4187c4.o(.text.EventRecorderEnable) for EventRecorderEnable
    lto-llvm-4187c4.o(.text.EvrFreeRTOSSetup) refers to lto-llvm-4187c4.o(.text.EventRecord2) for EventRecord2
    lto-llvm-4187c4.o(.ARM.exidx.text.EvrFreeRTOSSetup) refers to lto-llvm-4187c4.o(.text.EvrFreeRTOSSetup) for [Anonymous Symbol]
    lto-llvm-4187c4.o(.text.xEventGroupSetBits) refers to lto-llvm-4187c4.o(.text.EventRecord2) for EventRecord2
    lto-llvm-4187c4.o(.text.xEventGroupSetBits) refers to lto-llvm-4187c4.o(.text.vTaskSuspendAll) for vTaskSuspendAll
    lto-llvm-4187c4.o(.text.xEventGroupSetBits) refers to lto-llvm-4187c4.o(.bss.pxReadyTasksLists) for pxReadyTasksLists
    lto-llvm-4187c4.o(.text.xEventGroupSetBits) refers to lto-llvm-4187c4.o(.bss.uxSchedulerSuspended) for uxSchedulerSuspended
    lto-llvm-4187c4.o(.text.xEventGroupSetBits) refers to lto-llvm-4187c4.o(.bss.uxTopReadyPriority) for uxTopReadyPriority
    lto-llvm-4187c4.o(.text.xEventGroupSetBits) refers to lto-llvm-4187c4.o(.bss.pxCurrentTCB) for pxCurrentTCB
    lto-llvm-4187c4.o(.text.xEventGroupSetBits) refers to lto-llvm-4187c4.o(.bss.xYieldPendings) for xYieldPendings
    lto-llvm-4187c4.o(.text.xEventGroupSetBits) refers to lto-llvm-4187c4.o(.text.xTaskResumeAll) for xTaskResumeAll
    lto-llvm-4187c4.o(.ARM.exidx.text.xEventGroupSetBits) refers to lto-llvm-4187c4.o(.text.xEventGroupSetBits) for [Anonymous Symbol]
    lto-llvm-4187c4.o(.text.vEventGroupSetBitsCallback) refers to lto-llvm-4187c4.o(.text.EventRecord2) for EventRecord2
    lto-llvm-4187c4.o(.text.vEventGroupSetBitsCallback) refers to lto-llvm-4187c4.o(.text.xEventGroupSetBits) for xEventGroupSetBits
    lto-llvm-4187c4.o(.ARM.exidx.text.vEventGroupSetBitsCallback) refers to lto-llvm-4187c4.o(.text.vEventGroupSetBitsCallback) for [Anonymous Symbol]
    lto-llvm-4187c4.o(.text.prvTaskExitError) refers to lto-llvm-4187c4.o(.data.uxCriticalNesting) for uxCriticalNesting
    lto-llvm-4187c4.o(.ARM.exidx.text.prvTaskExitError) refers to lto-llvm-4187c4.o(.text.prvTaskExitError) for [Anonymous Symbol]
    lto-llvm-4187c4.o(.text.SVC_Handler) refers to lto-llvm-4187c4.o(.bss.pxCurrentTCB) for pxCurrentTCB
    lto-llvm-4187c4.o(.ARM.exidx.text.SVC_Handler) refers to lto-llvm-4187c4.o(.text.SVC_Handler) for [Anonymous Symbol]
    lto-llvm-4187c4.o(.text.PendSV_Handler) refers to lto-llvm-4187c4.o(.text.vTaskSwitchContext) for vTaskSwitchContext
    lto-llvm-4187c4.o(.text.PendSV_Handler) refers to lto-llvm-4187c4.o(.bss.pxCurrentTCB) for pxCurrentTCB
    lto-llvm-4187c4.o(.ARM.exidx.text.PendSV_Handler) refers to lto-llvm-4187c4.o(.text.PendSV_Handler) for [Anonymous Symbol]
    lto-llvm-4187c4.o(.ARM.exidx.text.vPortEnableVFP) refers to lto-llvm-4187c4.o(.text.vPortEnableVFP) for [Anonymous Symbol]
    lto-llvm-4187c4.o(.ARM.exidx.text.prvPortStartFirstTask) refers to lto-llvm-4187c4.o(.text.prvPortStartFirstTask) for [Anonymous Symbol]
    lto-llvm-4187c4.o(.text.pvPortMalloc) refers to lto-llvm-4187c4.o(.text.vTaskSuspendAll) for vTaskSuspendAll
    lto-llvm-4187c4.o(.text.pvPortMalloc) refers to lto-llvm-4187c4.o(.bss.pxEnd) for pxEnd
    lto-llvm-4187c4.o(.text.pvPortMalloc) refers to lto-llvm-4187c4.o(.bss.xFreeBytesRemaining) for xFreeBytesRemaining
    lto-llvm-4187c4.o(.text.pvPortMalloc) refers to lto-llvm-4187c4.o(.bss.ucHeap) for ucHeap
    lto-llvm-4187c4.o(.text.pvPortMalloc) refers to lto-llvm-4187c4.o(.bss.xStart) for xStart
    lto-llvm-4187c4.o(.text.pvPortMalloc) refers to lto-llvm-4187c4.o(.bss.xMinimumEverFreeBytesRemaining) for xMinimumEverFreeBytesRemaining
    lto-llvm-4187c4.o(.text.pvPortMalloc) refers to lto-llvm-4187c4.o(.bss.xNumberOfSuccessfulAllocations) for xNumberOfSuccessfulAllocations
    lto-llvm-4187c4.o(.text.pvPortMalloc) refers to lto-llvm-4187c4.o(.text.EventRecord2) for EventRecord2
    lto-llvm-4187c4.o(.text.pvPortMalloc) refers to lto-llvm-4187c4.o(.text.xTaskResumeAll) for xTaskResumeAll
    lto-llvm-4187c4.o(.ARM.exidx.text.pvPortMalloc) refers to lto-llvm-4187c4.o(.text.pvPortMalloc) for [Anonymous Symbol]
    lto-llvm-4187c4.o(.text.vPortFree) refers to lto-llvm-4187c4.o(.bss.ucHeap) for ucHeap
    lto-llvm-4187c4.o(.text.vPortFree) refers to lto-llvm-4187c4.o(.text.vTaskSuspendAll) for vTaskSuspendAll
    lto-llvm-4187c4.o(.text.vPortFree) refers to lto-llvm-4187c4.o(.bss.xFreeBytesRemaining) for xFreeBytesRemaining
    lto-llvm-4187c4.o(.text.vPortFree) refers to lto-llvm-4187c4.o(.text.EventRecord2) for EventRecord2
    lto-llvm-4187c4.o(.text.vPortFree) refers to lto-llvm-4187c4.o(.bss.xStart) for xStart
    lto-llvm-4187c4.o(.text.vPortFree) refers to lto-llvm-4187c4.o(.bss.pxEnd) for pxEnd
    lto-llvm-4187c4.o(.text.vPortFree) refers to lto-llvm-4187c4.o(.bss.xNumberOfSuccessfulFrees) for xNumberOfSuccessfulFrees
    lto-llvm-4187c4.o(.text.vPortFree) refers to lto-llvm-4187c4.o(.text.xTaskResumeAll) for xTaskResumeAll
    lto-llvm-4187c4.o(.ARM.exidx.text.vPortFree) refers to lto-llvm-4187c4.o(.text.vPortFree) for [Anonymous Symbol]
    lto-llvm-4187c4.o(.text.xQueueGenericReset) refers to lto-llvm-4187c4.o(.data.uxCriticalNesting) for uxCriticalNesting
    lto-llvm-4187c4.o(.ARM.exidx.text.xQueueGenericReset) refers to lto-llvm-4187c4.o(.text.xQueueGenericReset) for [Anonymous Symbol]
    lto-llvm-4187c4.o(.text.xQueueGenericCreateStatic) refers to lto-llvm-4187c4.o(.text.xQueueGenericReset) for xQueueGenericReset
    lto-llvm-4187c4.o(.text.xQueueGenericCreateStatic) refers to lto-llvm-4187c4.o(.text.EventRecord2) for EventRecord2
    lto-llvm-4187c4.o(.ARM.exidx.text.xQueueGenericCreateStatic) refers to lto-llvm-4187c4.o(.text.xQueueGenericCreateStatic) for [Anonymous Symbol]
    lto-llvm-4187c4.o(.text.xQueueGenericCreate) refers to lto-llvm-4187c4.o(.text.pvPortMalloc) for pvPortMalloc
    lto-llvm-4187c4.o(.text.xQueueGenericCreate) refers to lto-llvm-4187c4.o(.text.xQueueGenericReset) for xQueueGenericReset
    lto-llvm-4187c4.o(.text.xQueueGenericCreate) refers to lto-llvm-4187c4.o(.text.EventRecord2) for EventRecord2
    lto-llvm-4187c4.o(.ARM.exidx.text.xQueueGenericCreate) refers to lto-llvm-4187c4.o(.text.xQueueGenericCreate) for [Anonymous Symbol]
    lto-llvm-4187c4.o(.text.prvInitialiseMutex) refers to lto-llvm-4187c4.o(.text.EventRecord2) for EventRecord2
    lto-llvm-4187c4.o(.text.prvInitialiseMutex) refers to lto-llvm-4187c4.o(.text.xQueueGenericSend) for xQueueGenericSend
    lto-llvm-4187c4.o(.ARM.exidx.text.prvInitialiseMutex) refers to lto-llvm-4187c4.o(.text.prvInitialiseMutex) for [Anonymous Symbol]
    lto-llvm-4187c4.o(.text.xQueueGenericSend) refers to lto-llvm-4187c4.o(.text.xTaskGetSchedulerState) for xTaskGetSchedulerState
    lto-llvm-4187c4.o(.text.xQueueGenericSend) refers to lto-llvm-4187c4.o(.data.uxCriticalNesting) for uxCriticalNesting
    lto-llvm-4187c4.o(.text.xQueueGenericSend) refers to lto-llvm-4187c4.o(.text.vTaskInternalSetTimeOutState) for vTaskInternalSetTimeOutState
    lto-llvm-4187c4.o(.text.xQueueGenericSend) refers to lto-llvm-4187c4.o(.text.vTaskSuspendAll) for vTaskSuspendAll
    lto-llvm-4187c4.o(.text.xQueueGenericSend) refers to lto-llvm-4187c4.o(.text.xTaskCheckForTimeOut) for xTaskCheckForTimeOut
    lto-llvm-4187c4.o(.text.xQueueGenericSend) refers to lto-llvm-4187c4.o(.text.EventRecord2) for EventRecord2
    lto-llvm-4187c4.o(.text.xQueueGenericSend) refers to lto-llvm-4187c4.o(.text.vTaskPlaceOnEventList) for vTaskPlaceOnEventList
    lto-llvm-4187c4.o(.text.xQueueGenericSend) refers to lto-llvm-4187c4.o(.text.prvUnlockQueue) for prvUnlockQueue
    lto-llvm-4187c4.o(.text.xQueueGenericSend) refers to lto-llvm-4187c4.o(.text.xTaskResumeAll) for xTaskResumeAll
    lto-llvm-4187c4.o(.text.xQueueGenericSend) refers to lto-llvm-4187c4.o(.text.prvCopyDataToQueue) for prvCopyDataToQueue
    lto-llvm-4187c4.o(.text.xQueueGenericSend) refers to lto-llvm-4187c4.o(.text.xTaskRemoveFromEventList) for xTaskRemoveFromEventList
    lto-llvm-4187c4.o(.ARM.exidx.text.xQueueGenericSend) refers to lto-llvm-4187c4.o(.text.xQueueGenericSend) for [Anonymous Symbol]
    lto-llvm-4187c4.o(.text.prvCopyDataToQueue) refers to rt_memcpy_v6.o(.text) for __aeabi_memcpy
    lto-llvm-4187c4.o(.text.prvCopyDataToQueue) refers to lto-llvm-4187c4.o(.text.EventRecord2) for EventRecord2
    lto-llvm-4187c4.o(.text.prvCopyDataToQueue) refers to lto-llvm-4187c4.o(.bss.pxCurrentTCB) for pxCurrentTCB
    lto-llvm-4187c4.o(.text.prvCopyDataToQueue) refers to lto-llvm-4187c4.o(.bss.uxTopReadyPriority) for uxTopReadyPriority
    lto-llvm-4187c4.o(.text.prvCopyDataToQueue) refers to lto-llvm-4187c4.o(.bss.pxReadyTasksLists) for pxReadyTasksLists
    lto-llvm-4187c4.o(.ARM.exidx.text.prvCopyDataToQueue) refers to lto-llvm-4187c4.o(.text.prvCopyDataToQueue) for [Anonymous Symbol]
    lto-llvm-4187c4.o(.text.prvUnlockQueue) refers to lto-llvm-4187c4.o(.data.uxCriticalNesting) for uxCriticalNesting
    lto-llvm-4187c4.o(.text.prvUnlockQueue) refers to lto-llvm-4187c4.o(.bss.xYieldPendings) for xYieldPendings
    lto-llvm-4187c4.o(.text.prvUnlockQueue) refers to lto-llvm-4187c4.o(.text.xTaskRemoveFromEventList) for xTaskRemoveFromEventList
    lto-llvm-4187c4.o(.text.prvUnlockQueue) refers to lto-llvm-4187c4.o(.text.EventRecord2) for EventRecord2
    lto-llvm-4187c4.o(.ARM.exidx.text.prvUnlockQueue) refers to lto-llvm-4187c4.o(.text.prvUnlockQueue) for [Anonymous Symbol]
    lto-llvm-4187c4.o(.text.xQueueGenericSendFromISR) refers to lto-llvm-4187c4.o(.bss.ucMaxSysCallPriority) for ucMaxSysCallPriority
    lto-llvm-4187c4.o(.text.xQueueGenericSendFromISR) refers to lto-llvm-4187c4.o(.bss.ulMaxPRIGROUPValue) for ulMaxPRIGROUPValue
    lto-llvm-4187c4.o(.text.xQueueGenericSendFromISR) refers to lto-llvm-4187c4.o(.text.EventRecord2) for EventRecord2
    lto-llvm-4187c4.o(.text.xQueueGenericSendFromISR) refers to lto-llvm-4187c4.o(.text.prvCopyDataToQueue) for prvCopyDataToQueue
    lto-llvm-4187c4.o(.text.xQueueGenericSendFromISR) refers to lto-llvm-4187c4.o(.bss.uxCurrentNumberOfTasks) for uxCurrentNumberOfTasks
    lto-llvm-4187c4.o(.text.xQueueGenericSendFromISR) refers to lto-llvm-4187c4.o(.text.xTaskRemoveFromEventList) for xTaskRemoveFromEventList
    lto-llvm-4187c4.o(.ARM.exidx.text.xQueueGenericSendFromISR) refers to lto-llvm-4187c4.o(.text.xQueueGenericSendFromISR) for [Anonymous Symbol]
    lto-llvm-4187c4.o(.text.xQueueReceive) refers to lto-llvm-4187c4.o(.text.xTaskGetSchedulerState) for xTaskGetSchedulerState
    lto-llvm-4187c4.o(.text.xQueueReceive) refers to lto-llvm-4187c4.o(.data.uxCriticalNesting) for uxCriticalNesting
    lto-llvm-4187c4.o(.text.xQueueReceive) refers to lto-llvm-4187c4.o(.text.vTaskInternalSetTimeOutState) for vTaskInternalSetTimeOutState
    lto-llvm-4187c4.o(.text.xQueueReceive) refers to lto-llvm-4187c4.o(.text.vTaskSuspendAll) for vTaskSuspendAll
    lto-llvm-4187c4.o(.text.xQueueReceive) refers to lto-llvm-4187c4.o(.text.xTaskCheckForTimeOut) for xTaskCheckForTimeOut
    lto-llvm-4187c4.o(.text.xQueueReceive) refers to lto-llvm-4187c4.o(.text.prvUnlockQueue) for prvUnlockQueue
    lto-llvm-4187c4.o(.text.xQueueReceive) refers to lto-llvm-4187c4.o(.text.xTaskResumeAll) for xTaskResumeAll
    lto-llvm-4187c4.o(.text.xQueueReceive) refers to lto-llvm-4187c4.o(.text.EventRecord2) for EventRecord2
    lto-llvm-4187c4.o(.text.xQueueReceive) refers to lto-llvm-4187c4.o(.text.vTaskPlaceOnEventList) for vTaskPlaceOnEventList
    lto-llvm-4187c4.o(.text.xQueueReceive) refers to rt_memcpy_v6.o(.text) for __aeabi_memcpy
    lto-llvm-4187c4.o(.text.xQueueReceive) refers to lto-llvm-4187c4.o(.text.xTaskRemoveFromEventList) for xTaskRemoveFromEventList
    lto-llvm-4187c4.o(.ARM.exidx.text.xQueueReceive) refers to lto-llvm-4187c4.o(.text.xQueueReceive) for [Anonymous Symbol]
    lto-llvm-4187c4.o(.text.vTaskSwitchContext) refers to lto-llvm-4187c4.o(.text.EventRecord2) for EventRecord2
    lto-llvm-4187c4.o(.text.vTaskSwitchContext) refers to lto-llvm-4187c4.o(.bss.uxSchedulerSuspended) for uxSchedulerSuspended
    lto-llvm-4187c4.o(.text.vTaskSwitchContext) refers to lto-llvm-4187c4.o(.bss.xYieldPendings) for xYieldPendings
    lto-llvm-4187c4.o(.text.vTaskSwitchContext) refers to lto-llvm-4187c4.o(.bss.pxCurrentTCB) for pxCurrentTCB
    lto-llvm-4187c4.o(.text.vTaskSwitchContext) refers to lto-llvm-4187c4.o(.bss.uxTopReadyPriority) for uxTopReadyPriority
    lto-llvm-4187c4.o(.text.vTaskSwitchContext) refers to lto-llvm-4187c4.o(.bss.pxReadyTasksLists) for pxReadyTasksLists
    lto-llvm-4187c4.o(.ARM.exidx.text.vTaskSwitchContext) refers to lto-llvm-4187c4.o(.text.vTaskSwitchContext) for [Anonymous Symbol]
    lto-llvm-4187c4.o(.text.xTaskCreateStatic) refers to lto-llvm-4187c4.o(.text.EventRecord4) for EventRecord4
    lto-llvm-4187c4.o(.text.xTaskCreateStatic) refers to rt_memclr.o(.text) for __aeabi_memclr
    lto-llvm-4187c4.o(.text.xTaskCreateStatic) refers to lto-llvm-4187c4.o(.text.prvInitialiseNewTask) for prvInitialiseNewTask
    lto-llvm-4187c4.o(.text.xTaskCreateStatic) refers to lto-llvm-4187c4.o(.text.prvAddNewTaskToReadyList) for prvAddNewTaskToReadyList
    lto-llvm-4187c4.o(.text.xTaskCreateStatic) refers to lto-llvm-4187c4.o(.text.EventRecord2) for EventRecord2
    lto-llvm-4187c4.o(.ARM.exidx.text.xTaskCreateStatic) refers to lto-llvm-4187c4.o(.text.xTaskCreateStatic) for [Anonymous Symbol]
    lto-llvm-4187c4.o(.text.prvInitialiseNewTask) refers to aeabi_memset4.o(.text) for __aeabi_memset4
    lto-llvm-4187c4.o(.text.prvInitialiseNewTask) refers to lto-llvm-4187c4.o(.text.prvTaskExitError) for prvTaskExitError
    lto-llvm-4187c4.o(.ARM.exidx.text.prvInitialiseNewTask) refers to lto-llvm-4187c4.o(.text.prvInitialiseNewTask) for [Anonymous Symbol]
    lto-llvm-4187c4.o(.text.prvAddNewTaskToReadyList) refers to lto-llvm-4187c4.o(.data.uxCriticalNesting) for uxCriticalNesting
    lto-llvm-4187c4.o(.text.prvAddNewTaskToReadyList) refers to lto-llvm-4187c4.o(.bss.uxCurrentNumberOfTasks) for uxCurrentNumberOfTasks
    lto-llvm-4187c4.o(.text.prvAddNewTaskToReadyList) refers to lto-llvm-4187c4.o(.bss.pxCurrentTCB) for pxCurrentTCB
    lto-llvm-4187c4.o(.text.prvAddNewTaskToReadyList) refers to lto-llvm-4187c4.o(.bss.xSchedulerRunning) for xSchedulerRunning
    lto-llvm-4187c4.o(.text.prvAddNewTaskToReadyList) refers to lto-llvm-4187c4.o(.bss.pxReadyTasksLists) for pxReadyTasksLists
    lto-llvm-4187c4.o(.text.prvAddNewTaskToReadyList) refers to lto-llvm-4187c4.o(.bss.xDelayedTaskList1) for xDelayedTaskList1
    lto-llvm-4187c4.o(.text.prvAddNewTaskToReadyList) refers to lto-llvm-4187c4.o(.bss.xDelayedTaskList2) for xDelayedTaskList2
    lto-llvm-4187c4.o(.text.prvAddNewTaskToReadyList) refers to lto-llvm-4187c4.o(.bss.xPendingReadyList) for xPendingReadyList
    lto-llvm-4187c4.o(.text.prvAddNewTaskToReadyList) refers to lto-llvm-4187c4.o(.bss.xTasksWaitingTermination) for xTasksWaitingTermination
    lto-llvm-4187c4.o(.text.prvAddNewTaskToReadyList) refers to lto-llvm-4187c4.o(.bss.xSuspendedTaskList) for xSuspendedTaskList
    lto-llvm-4187c4.o(.text.prvAddNewTaskToReadyList) refers to lto-llvm-4187c4.o(.bss.pxDelayedTaskList) for pxDelayedTaskList
    lto-llvm-4187c4.o(.text.prvAddNewTaskToReadyList) refers to lto-llvm-4187c4.o(.bss.pxOverflowDelayedTaskList) for pxOverflowDelayedTaskList
    lto-llvm-4187c4.o(.text.prvAddNewTaskToReadyList) refers to lto-llvm-4187c4.o(.bss.uxTaskNumber) for uxTaskNumber
    lto-llvm-4187c4.o(.text.prvAddNewTaskToReadyList) refers to lto-llvm-4187c4.o(.text.EventRecord2) for EventRecord2
    lto-llvm-4187c4.o(.text.prvAddNewTaskToReadyList) refers to lto-llvm-4187c4.o(.bss.uxTopReadyPriority) for uxTopReadyPriority
    lto-llvm-4187c4.o(.ARM.exidx.text.prvAddNewTaskToReadyList) refers to lto-llvm-4187c4.o(.text.prvAddNewTaskToReadyList) for [Anonymous Symbol]
    lto-llvm-4187c4.o(.text.prvDeleteTCB) refers to lto-llvm-4187c4.o(.text.vPortFree) for vPortFree
    lto-llvm-4187c4.o(.ARM.exidx.text.prvDeleteTCB) refers to lto-llvm-4187c4.o(.text.prvDeleteTCB) for [Anonymous Symbol]
    lto-llvm-4187c4.o(.text.prvAddCurrentTaskToDelayedList) refers to lto-llvm-4187c4.o(.bss.xTickCount) for xTickCount
    lto-llvm-4187c4.o(.text.prvAddCurrentTaskToDelayedList) refers to lto-llvm-4187c4.o(.bss.pxDelayedTaskList) for pxDelayedTaskList
    lto-llvm-4187c4.o(.text.prvAddCurrentTaskToDelayedList) refers to lto-llvm-4187c4.o(.bss.pxOverflowDelayedTaskList) for pxOverflowDelayedTaskList
    lto-llvm-4187c4.o(.text.prvAddCurrentTaskToDelayedList) refers to lto-llvm-4187c4.o(.bss.pxCurrentTCB) for pxCurrentTCB
    lto-llvm-4187c4.o(.text.prvAddCurrentTaskToDelayedList) refers to lto-llvm-4187c4.o(.bss.xSuspendedTaskList) for xSuspendedTaskList
    lto-llvm-4187c4.o(.text.prvAddCurrentTaskToDelayedList) refers to lto-llvm-4187c4.o(.text.EventRecord2) for EventRecord2
    lto-llvm-4187c4.o(.text.prvAddCurrentTaskToDelayedList) refers to lto-llvm-4187c4.o(.bss.xNextTaskUnblockTime) for xNextTaskUnblockTime
    lto-llvm-4187c4.o(.ARM.exidx.text.prvAddCurrentTaskToDelayedList) refers to lto-llvm-4187c4.o(.text.prvAddCurrentTaskToDelayedList) for [Anonymous Symbol]
    lto-llvm-4187c4.o(.text.xTaskResumeAll) refers to lto-llvm-4187c4.o(.text.EventRecord2) for EventRecord2
    lto-llvm-4187c4.o(.text.xTaskResumeAll) refers to lto-llvm-4187c4.o(.data.uxCriticalNesting) for uxCriticalNesting
    lto-llvm-4187c4.o(.text.xTaskResumeAll) refers to lto-llvm-4187c4.o(.bss.uxSchedulerSuspended) for uxSchedulerSuspended
    lto-llvm-4187c4.o(.text.xTaskResumeAll) refers to lto-llvm-4187c4.o(.bss.uxCurrentNumberOfTasks) for uxCurrentNumberOfTasks
    lto-llvm-4187c4.o(.text.xTaskResumeAll) refers to lto-llvm-4187c4.o(.bss.xPendingReadyList) for xPendingReadyList
    lto-llvm-4187c4.o(.text.xTaskResumeAll) refers to lto-llvm-4187c4.o(.bss.xYieldPendings) for xYieldPendings
    lto-llvm-4187c4.o(.text.xTaskResumeAll) refers to lto-llvm-4187c4.o(.bss.uxTopReadyPriority) for uxTopReadyPriority
    lto-llvm-4187c4.o(.text.xTaskResumeAll) refers to lto-llvm-4187c4.o(.bss.pxReadyTasksLists) for pxReadyTasksLists
    lto-llvm-4187c4.o(.text.xTaskResumeAll) refers to lto-llvm-4187c4.o(.bss.pxCurrentTCB) for pxCurrentTCB
    lto-llvm-4187c4.o(.text.xTaskResumeAll) refers to lto-llvm-4187c4.o(.bss.pxDelayedTaskList) for pxDelayedTaskList
    lto-llvm-4187c4.o(.text.xTaskResumeAll) refers to lto-llvm-4187c4.o(.bss.xNextTaskUnblockTime) for xNextTaskUnblockTime
    lto-llvm-4187c4.o(.text.xTaskResumeAll) refers to lto-llvm-4187c4.o(.bss.xPendedTicks) for xPendedTicks
    lto-llvm-4187c4.o(.text.xTaskResumeAll) refers to lto-llvm-4187c4.o(.text.xTaskIncrementTick) for xTaskIncrementTick
    lto-llvm-4187c4.o(.ARM.exidx.text.xTaskResumeAll) refers to lto-llvm-4187c4.o(.text.xTaskResumeAll) for [Anonymous Symbol]
    lto-llvm-4187c4.o(.text.xTaskIncrementTick) refers to lto-llvm-4187c4.o(.text.EventRecord2) for EventRecord2
    lto-llvm-4187c4.o(.text.xTaskIncrementTick) refers to lto-llvm-4187c4.o(.bss.xTickCount) for xTickCount
    lto-llvm-4187c4.o(.text.xTaskIncrementTick) refers to lto-llvm-4187c4.o(.bss.uxSchedulerSuspended) for uxSchedulerSuspended
    lto-llvm-4187c4.o(.text.xTaskIncrementTick) refers to lto-llvm-4187c4.o(.bss.xPendedTicks) for xPendedTicks
    lto-llvm-4187c4.o(.text.xTaskIncrementTick) refers to lto-llvm-4187c4.o(.bss.xNextTaskUnblockTime) for xNextTaskUnblockTime
    lto-llvm-4187c4.o(.text.xTaskIncrementTick) refers to lto-llvm-4187c4.o(.bss.pxDelayedTaskList) for pxDelayedTaskList
    lto-llvm-4187c4.o(.text.xTaskIncrementTick) refers to lto-llvm-4187c4.o(.bss.pxOverflowDelayedTaskList) for pxOverflowDelayedTaskList
    lto-llvm-4187c4.o(.text.xTaskIncrementTick) refers to lto-llvm-4187c4.o(.bss.xNumOfOverflows) for xNumOfOverflows
    lto-llvm-4187c4.o(.text.xTaskIncrementTick) refers to lto-llvm-4187c4.o(.bss.pxCurrentTCB) for pxCurrentTCB
    lto-llvm-4187c4.o(.text.xTaskIncrementTick) refers to lto-llvm-4187c4.o(.bss.pxReadyTasksLists) for pxReadyTasksLists
    lto-llvm-4187c4.o(.text.xTaskIncrementTick) refers to lto-llvm-4187c4.o(.bss.uxTopReadyPriority) for uxTopReadyPriority
    lto-llvm-4187c4.o(.text.xTaskIncrementTick) refers to lto-llvm-4187c4.o(.bss.xYieldPendings) for xYieldPendings
    lto-llvm-4187c4.o(.ARM.exidx.text.xTaskIncrementTick) refers to lto-llvm-4187c4.o(.text.xTaskIncrementTick) for [Anonymous Symbol]
    lto-llvm-4187c4.o(.text.vTaskSuspendAll) refers to lto-llvm-4187c4.o(.text.EventRecord2) for EventRecord2
    lto-llvm-4187c4.o(.text.vTaskSuspendAll) refers to lto-llvm-4187c4.o(.bss.uxSchedulerSuspended) for uxSchedulerSuspended
    lto-llvm-4187c4.o(.ARM.exidx.text.vTaskSuspendAll) refers to lto-llvm-4187c4.o(.text.vTaskSuspendAll) for [Anonymous Symbol]
    lto-llvm-4187c4.o(.text.prvIdleTask) refers to lto-llvm-4187c4.o(.bss.uxDeletedTasksWaitingCleanUp) for uxDeletedTasksWaitingCleanUp
    lto-llvm-4187c4.o(.text.prvIdleTask) refers to lto-llvm-4187c4.o(.data.uxCriticalNesting) for uxCriticalNesting
    lto-llvm-4187c4.o(.text.prvIdleTask) refers to lto-llvm-4187c4.o(.bss.xTasksWaitingTermination) for xTasksWaitingTermination
    lto-llvm-4187c4.o(.text.prvIdleTask) refers to lto-llvm-4187c4.o(.bss.uxCurrentNumberOfTasks) for uxCurrentNumberOfTasks
    lto-llvm-4187c4.o(.text.prvIdleTask) refers to lto-llvm-4187c4.o(.text.prvDeleteTCB) for prvDeleteTCB
    lto-llvm-4187c4.o(.text.prvIdleTask) refers to lto-llvm-4187c4.o(.bss.pxReadyTasksLists) for pxReadyTasksLists
    lto-llvm-4187c4.o(.ARM.exidx.text.prvIdleTask) refers to lto-llvm-4187c4.o(.text.prvIdleTask) for [Anonymous Symbol]
    lto-llvm-4187c4.o(.text.vTaskPlaceOnEventList) refers to lto-llvm-4187c4.o(.text.EventRecord2) for EventRecord2
    lto-llvm-4187c4.o(.text.vTaskPlaceOnEventList) refers to lto-llvm-4187c4.o(.bss.pxCurrentTCB) for pxCurrentTCB
    lto-llvm-4187c4.o(.text.vTaskPlaceOnEventList) refers to lto-llvm-4187c4.o(.text.prvAddCurrentTaskToDelayedList) for prvAddCurrentTaskToDelayedList
    lto-llvm-4187c4.o(.ARM.exidx.text.vTaskPlaceOnEventList) refers to lto-llvm-4187c4.o(.text.vTaskPlaceOnEventList) for [Anonymous Symbol]
    lto-llvm-4187c4.o(.text.xTaskRemoveFromEventList) refers to lto-llvm-4187c4.o(.text.EventRecord2) for EventRecord2
    lto-llvm-4187c4.o(.text.xTaskRemoveFromEventList) refers to lto-llvm-4187c4.o(.bss.uxSchedulerSuspended) for uxSchedulerSuspended
    lto-llvm-4187c4.o(.text.xTaskRemoveFromEventList) refers to lto-llvm-4187c4.o(.bss.xPendingReadyList) for xPendingReadyList
    lto-llvm-4187c4.o(.text.xTaskRemoveFromEventList) refers to lto-llvm-4187c4.o(.bss.uxTopReadyPriority) for uxTopReadyPriority
    lto-llvm-4187c4.o(.text.xTaskRemoveFromEventList) refers to lto-llvm-4187c4.o(.bss.pxReadyTasksLists) for pxReadyTasksLists
    lto-llvm-4187c4.o(.text.xTaskRemoveFromEventList) refers to lto-llvm-4187c4.o(.bss.pxCurrentTCB) for pxCurrentTCB
    lto-llvm-4187c4.o(.text.xTaskRemoveFromEventList) refers to lto-llvm-4187c4.o(.bss.xYieldPendings) for xYieldPendings
    lto-llvm-4187c4.o(.ARM.exidx.text.xTaskRemoveFromEventList) refers to lto-llvm-4187c4.o(.text.xTaskRemoveFromEventList) for [Anonymous Symbol]
    lto-llvm-4187c4.o(.text.vTaskInternalSetTimeOutState) refers to lto-llvm-4187c4.o(.text.EventRecord2) for EventRecord2
    lto-llvm-4187c4.o(.text.vTaskInternalSetTimeOutState) refers to lto-llvm-4187c4.o(.bss.xNumOfOverflows) for xNumOfOverflows
    lto-llvm-4187c4.o(.text.vTaskInternalSetTimeOutState) refers to lto-llvm-4187c4.o(.bss.xTickCount) for xTickCount
    lto-llvm-4187c4.o(.ARM.exidx.text.vTaskInternalSetTimeOutState) refers to lto-llvm-4187c4.o(.text.vTaskInternalSetTimeOutState) for [Anonymous Symbol]
    lto-llvm-4187c4.o(.text.xTaskCheckForTimeOut) refers to lto-llvm-4187c4.o(.text.EventRecord2) for EventRecord2
    lto-llvm-4187c4.o(.text.xTaskCheckForTimeOut) refers to lto-llvm-4187c4.o(.data.uxCriticalNesting) for uxCriticalNesting
    lto-llvm-4187c4.o(.text.xTaskCheckForTimeOut) refers to lto-llvm-4187c4.o(.bss.xTickCount) for xTickCount
    lto-llvm-4187c4.o(.text.xTaskCheckForTimeOut) refers to lto-llvm-4187c4.o(.bss.pxCurrentTCB) for pxCurrentTCB
    lto-llvm-4187c4.o(.text.xTaskCheckForTimeOut) refers to lto-llvm-4187c4.o(.bss.xNumOfOverflows) for xNumOfOverflows
    lto-llvm-4187c4.o(.ARM.exidx.text.xTaskCheckForTimeOut) refers to lto-llvm-4187c4.o(.text.xTaskCheckForTimeOut) for [Anonymous Symbol]
    lto-llvm-4187c4.o(.text.xTaskGetSchedulerState) refers to lto-llvm-4187c4.o(.text.EventRecord2) for EventRecord2
    lto-llvm-4187c4.o(.text.xTaskGetSchedulerState) refers to lto-llvm-4187c4.o(.bss.xSchedulerRunning) for xSchedulerRunning
    lto-llvm-4187c4.o(.text.xTaskGetSchedulerState) refers to lto-llvm-4187c4.o(.bss.uxSchedulerSuspended) for uxSchedulerSuspended
    lto-llvm-4187c4.o(.ARM.exidx.text.xTaskGetSchedulerState) refers to lto-llvm-4187c4.o(.text.xTaskGetSchedulerState) for [Anonymous Symbol]
    lto-llvm-4187c4.o(.text.xTaskGenericNotify) refers to lto-llvm-4187c4.o(.text.EventRecord4) for EventRecord4
    lto-llvm-4187c4.o(.text.xTaskGenericNotify) refers to lto-llvm-4187c4.o(.text.EventRecord2) for EventRecord2
    lto-llvm-4187c4.o(.text.xTaskGenericNotify) refers to lto-llvm-4187c4.o(.data.uxCriticalNesting) for uxCriticalNesting
    lto-llvm-4187c4.o(.text.xTaskGenericNotify) refers to lto-llvm-4187c4.o(.bss.uxTopReadyPriority) for uxTopReadyPriority
    lto-llvm-4187c4.o(.text.xTaskGenericNotify) refers to lto-llvm-4187c4.o(.bss.pxReadyTasksLists) for pxReadyTasksLists
    lto-llvm-4187c4.o(.text.xTaskGenericNotify) refers to lto-llvm-4187c4.o(.bss.pxCurrentTCB) for pxCurrentTCB
    lto-llvm-4187c4.o(.ARM.exidx.text.xTaskGenericNotify) refers to lto-llvm-4187c4.o(.text.xTaskGenericNotify) for [Anonymous Symbol]
    lto-llvm-4187c4.o(.text.xTaskGenericNotifyFromISR) refers to lto-llvm-4187c4.o(.text.EventRecord4) for EventRecord4
    lto-llvm-4187c4.o(.text.xTaskGenericNotifyFromISR) refers to lto-llvm-4187c4.o(.bss.ucMaxSysCallPriority) for ucMaxSysCallPriority
    lto-llvm-4187c4.o(.text.xTaskGenericNotifyFromISR) refers to lto-llvm-4187c4.o(.bss.ulMaxPRIGROUPValue) for ulMaxPRIGROUPValue
    lto-llvm-4187c4.o(.text.xTaskGenericNotifyFromISR) refers to lto-llvm-4187c4.o(.bss.uxSchedulerSuspended) for uxSchedulerSuspended
    lto-llvm-4187c4.o(.text.xTaskGenericNotifyFromISR) refers to lto-llvm-4187c4.o(.bss.xPendingReadyList) for xPendingReadyList
    lto-llvm-4187c4.o(.text.xTaskGenericNotifyFromISR) refers to lto-llvm-4187c4.o(.text.EventRecord2) for EventRecord2
    lto-llvm-4187c4.o(.text.xTaskGenericNotifyFromISR) refers to lto-llvm-4187c4.o(.bss.uxTopReadyPriority) for uxTopReadyPriority
    lto-llvm-4187c4.o(.text.xTaskGenericNotifyFromISR) refers to lto-llvm-4187c4.o(.bss.pxReadyTasksLists) for pxReadyTasksLists
    lto-llvm-4187c4.o(.text.xTaskGenericNotifyFromISR) refers to lto-llvm-4187c4.o(.bss.pxCurrentTCB) for pxCurrentTCB
    lto-llvm-4187c4.o(.text.xTaskGenericNotifyFromISR) refers to lto-llvm-4187c4.o(.bss.xYieldPendings) for xYieldPendings
    lto-llvm-4187c4.o(.ARM.exidx.text.xTaskGenericNotifyFromISR) refers to lto-llvm-4187c4.o(.text.xTaskGenericNotifyFromISR) for [Anonymous Symbol]
    lto-llvm-4187c4.o(.text.prvTimerTask) refers to lto-llvm-4187c4.o(.bss.xTimerQueue) for xTimerQueue
    lto-llvm-4187c4.o(.text.prvTimerTask) refers to lto-llvm-4187c4.o(.bss.pxCurrentTimerList) for pxCurrentTimerList
    lto-llvm-4187c4.o(.text.prvTimerTask) refers to lto-llvm-4187c4.o(.text.vTaskSuspendAll) for vTaskSuspendAll
    lto-llvm-4187c4.o(.text.prvTimerTask) refers to lto-llvm-4187c4.o(.text.prvSampleTimeNow) for prvSampleTimeNow
    lto-llvm-4187c4.o(.text.prvTimerTask) refers to lto-llvm-4187c4.o(.text.xTaskResumeAll) for xTaskResumeAll
    lto-llvm-4187c4.o(.text.prvTimerTask) refers to lto-llvm-4187c4.o(.text.prvProcessExpiredTimer) for prvProcessExpiredTimer
    lto-llvm-4187c4.o(.text.prvTimerTask) refers to lto-llvm-4187c4.o(.data.uxCriticalNesting) for uxCriticalNesting
    lto-llvm-4187c4.o(.text.prvTimerTask) refers to lto-llvm-4187c4.o(.bss.pxOverflowTimerList) for pxOverflowTimerList
    lto-llvm-4187c4.o(.text.prvTimerTask) refers to lto-llvm-4187c4.o(.text.EventRecord4) for EventRecord4
    lto-llvm-4187c4.o(.text.prvTimerTask) refers to lto-llvm-4187c4.o(.bss.pxCurrentTCB) for pxCurrentTCB
    lto-llvm-4187c4.o(.text.prvTimerTask) refers to lto-llvm-4187c4.o(.bss.xTickCount) for xTickCount
    lto-llvm-4187c4.o(.text.prvTimerTask) refers to lto-llvm-4187c4.o(.text.EventRecord2) for EventRecord2
    lto-llvm-4187c4.o(.text.prvTimerTask) refers to lto-llvm-4187c4.o(.text.prvAddCurrentTaskToDelayedList) for prvAddCurrentTaskToDelayedList
    lto-llvm-4187c4.o(.text.prvTimerTask) refers to lto-llvm-4187c4.o(.text.prvUnlockQueue) for prvUnlockQueue
    lto-llvm-4187c4.o(.text.prvTimerTask) refers to lto-llvm-4187c4.o(.text.xQueueReceive) for xQueueReceive
    lto-llvm-4187c4.o(.text.prvTimerTask) refers to lto-llvm-4187c4.o(.text.prvInsertTimerInActiveList) for prvInsertTimerInActiveList
    lto-llvm-4187c4.o(.text.prvTimerTask) refers to lto-llvm-4187c4.o(.text.prvReloadTimer) for prvReloadTimer
    lto-llvm-4187c4.o(.text.prvTimerTask) refers to lto-llvm-4187c4.o(.text.vPortFree) for vPortFree
    lto-llvm-4187c4.o(.ARM.exidx.text.prvTimerTask) refers to lto-llvm-4187c4.o(.text.prvTimerTask) for [Anonymous Symbol]
    lto-llvm-4187c4.o(.text.prvSampleTimeNow) refers to lto-llvm-4187c4.o(.text.EventRecord2) for EventRecord2
    lto-llvm-4187c4.o(.text.prvSampleTimeNow) refers to lto-llvm-4187c4.o(.bss.xTickCount) for xTickCount
    lto-llvm-4187c4.o(.text.prvSampleTimeNow) refers to lto-llvm-4187c4.o(.bss.prvSampleTimeNow.xLastTime) for prvSampleTimeNow.xLastTime
    lto-llvm-4187c4.o(.text.prvSampleTimeNow) refers to lto-llvm-4187c4.o(.bss.pxCurrentTimerList) for pxCurrentTimerList
    lto-llvm-4187c4.o(.text.prvSampleTimeNow) refers to lto-llvm-4187c4.o(.text.prvProcessExpiredTimer) for prvProcessExpiredTimer
    lto-llvm-4187c4.o(.text.prvSampleTimeNow) refers to lto-llvm-4187c4.o(.bss.pxOverflowTimerList) for pxOverflowTimerList
    lto-llvm-4187c4.o(.ARM.exidx.text.prvSampleTimeNow) refers to lto-llvm-4187c4.o(.text.prvSampleTimeNow) for [Anonymous Symbol]
    lto-llvm-4187c4.o(.text.prvProcessExpiredTimer) refers to lto-llvm-4187c4.o(.bss.pxCurrentTimerList) for pxCurrentTimerList
    lto-llvm-4187c4.o(.text.prvProcessExpiredTimer) refers to lto-llvm-4187c4.o(.text.prvReloadTimer) for prvReloadTimer
    lto-llvm-4187c4.o(.text.prvProcessExpiredTimer) refers to lto-llvm-4187c4.o(.text.EventRecord2) for EventRecord2
    lto-llvm-4187c4.o(.ARM.exidx.text.prvProcessExpiredTimer) refers to lto-llvm-4187c4.o(.text.prvProcessExpiredTimer) for [Anonymous Symbol]
    lto-llvm-4187c4.o(.text.prvInsertTimerInActiveList) refers to lto-llvm-4187c4.o(.bss.pxCurrentTimerList) for pxCurrentTimerList
    lto-llvm-4187c4.o(.text.prvInsertTimerInActiveList) refers to lto-llvm-4187c4.o(.bss.pxOverflowTimerList) for pxOverflowTimerList
    lto-llvm-4187c4.o(.ARM.exidx.text.prvInsertTimerInActiveList) refers to lto-llvm-4187c4.o(.text.prvInsertTimerInActiveList) for [Anonymous Symbol]
    lto-llvm-4187c4.o(.text.prvReloadTimer) refers to lto-llvm-4187c4.o(.text.prvInsertTimerInActiveList) for prvInsertTimerInActiveList
    lto-llvm-4187c4.o(.text.prvReloadTimer) refers to lto-llvm-4187c4.o(.text.EventRecord2) for EventRecord2
    lto-llvm-4187c4.o(.ARM.exidx.text.prvReloadTimer) refers to lto-llvm-4187c4.o(.text.prvReloadTimer) for [Anonymous Symbol]
    lto-llvm-4187c4.o(.rodata..L__const.main.usb_rx_thread_config) refers to lto-llvm-4187c4.o(.rodata.str1.1) for [Anonymous Symbol]
    lto-llvm-4187c4.o(.rodata..L__const.main.led_blue_thread_config) refers to lto-llvm-4187c4.o(.rodata.str1.1) for [Anonymous Symbol]
    lto-llvm-4187c4.o(.data.FS_Desc) refers to lto-llvm-4187c4.o(.text.USBD_FS_DeviceDescriptor) for USBD_FS_DeviceDescriptor
    lto-llvm-4187c4.o(.data.FS_Desc) refers to lto-llvm-4187c4.o(.text.USBD_FS_LangIDStrDescriptor) for USBD_FS_LangIDStrDescriptor
    lto-llvm-4187c4.o(.data.FS_Desc) refers to lto-llvm-4187c4.o(.text.USBD_FS_ManufacturerStrDescriptor) for USBD_FS_ManufacturerStrDescriptor
    lto-llvm-4187c4.o(.data.FS_Desc) refers to lto-llvm-4187c4.o(.text.USBD_FS_ProductStrDescriptor) for USBD_FS_ProductStrDescriptor
    lto-llvm-4187c4.o(.data.FS_Desc) refers to lto-llvm-4187c4.o(.text.USBD_FS_SerialStrDescriptor) for USBD_FS_SerialStrDescriptor
    lto-llvm-4187c4.o(.data.FS_Desc) refers to lto-llvm-4187c4.o(.text.USBD_FS_ConfigStrDescriptor) for USBD_FS_ConfigStrDescriptor
    lto-llvm-4187c4.o(.data.FS_Desc) refers to lto-llvm-4187c4.o(.text.USBD_FS_InterfaceStrDescriptor) for USBD_FS_InterfaceStrDescriptor
    lto-llvm-4187c4.o(.data.USBD_Interface_fops_FS) refers to lto-llvm-4187c4.o(.text.CDC_Init_FS) for CDC_Init_FS
    lto-llvm-4187c4.o(.data.USBD_Interface_fops_FS) refers to lto-llvm-4187c4.o(.text.CDC_DeInit_FS) for CDC_DeInit_FS
    lto-llvm-4187c4.o(.data.USBD_Interface_fops_FS) refers to lto-llvm-4187c4.o(.text.CDC_Control_FS) for CDC_Control_FS
    lto-llvm-4187c4.o(.data.USBD_Interface_fops_FS) refers to lto-llvm-4187c4.o(.text.CDC_Receive_FS) for CDC_Receive_FS
    lto-llvm-4187c4.o(.data.USBD_Interface_fops_FS) refers to lto-llvm-4187c4.o(.text.CDC_TransmitCplt_FS) for CDC_TransmitCplt_FS
    lto-llvm-4187c4.o(.data.USBD_CDC) refers to lto-llvm-4187c4.o(.text.USBD_CDC_Init) for USBD_CDC_Init
    lto-llvm-4187c4.o(.data.USBD_CDC) refers to lto-llvm-4187c4.o(.text.USBD_CDC_DeInit) for USBD_CDC_DeInit
    lto-llvm-4187c4.o(.data.USBD_CDC) refers to lto-llvm-4187c4.o(.text.USBD_CDC_Setup) for USBD_CDC_Setup
    lto-llvm-4187c4.o(.data.USBD_CDC) refers to lto-llvm-4187c4.o(.text.USBD_CDC_EP0_RxReady) for USBD_CDC_EP0_RxReady
    lto-llvm-4187c4.o(.data.USBD_CDC) refers to lto-llvm-4187c4.o(.text.USBD_CDC_DataIn) for USBD_CDC_DataIn
    lto-llvm-4187c4.o(.data.USBD_CDC) refers to lto-llvm-4187c4.o(.text.USBD_CDC_DataOut) for USBD_CDC_DataOut
    lto-llvm-4187c4.o(.data.USBD_CDC) refers to lto-llvm-4187c4.o(.text.USBD_CDC_GetHSCfgDesc) for USBD_CDC_GetHSCfgDesc
    lto-llvm-4187c4.o(.data.USBD_CDC) refers to lto-llvm-4187c4.o(.text.USBD_CDC_GetFSCfgDesc) for USBD_CDC_GetFSCfgDesc
    lto-llvm-4187c4.o(.data.USBD_CDC) refers to lto-llvm-4187c4.o(.text.USBD_CDC_GetOtherSpeedCfgDesc) for USBD_CDC_GetOtherSpeedCfgDesc
    lto-llvm-4187c4.o(.data.USBD_CDC) refers to lto-llvm-4187c4.o(.text.USBD_CDC_GetDeviceQualifierDescriptor) for USBD_CDC_GetDeviceQualifierDescriptor
    lto-llvm-4187c4.o(.rodata.EventRecorderInfo) refers to lto-llvm-4187c4.o(.bss.noinit) for [Anonymous Symbol]
    rt_memcpy_v6.o(.text) refers to rt_memcpy_w.o(.text) for __aeabi_memcpy4
    aeabi_memset4.o(.text) refers to rt_memclr_w.o(.text) for _memset_w
    rt_memclr.o(.text) refers to rt_memclr_w.o(.text) for _memset_w
    aeabi_ldiv0_sigfpe.o(.text) refers to rt_div0.o(.text) for __rt_div0
    rt_div0.o(.text) refers to defsig_fpe_outer.o(.text) for __rt_SIGFPE
    defsig_fpe_outer.o(.text) refers to defsig_fpe_inner.o(.text) for __rt_SIGFPE_inner
    defsig_fpe_outer.o(.text) refers to defsig_exit.o(.text) for __sig_exit
    defsig_fpe_formal.o(.text) refers to rt_raise.o(.text) for __rt_raise


==============================================================================

Removing Unused input sections from the image.

    Removing lto-llvm-4187c4.o(.text), (0 bytes).
    Removing lto-llvm-4187c4.o(.ARM.exidx.text.led_blue), (8 bytes).
    Removing lto-llvm-4187c4.o(.ARM.exidx.text.led_red), (8 bytes).
    Removing lto-llvm-4187c4.o(.ARM.exidx.text.led_orange), (8 bytes).
    Removing lto-llvm-4187c4.o(.ARM.exidx.text.led_green), (8 bytes).
    Removing lto-llvm-4187c4.o(.ARM.exidx.text.usb_send), (8 bytes).
    Removing lto-llvm-4187c4.o(.ARM.exidx.text.ARM_GPIO_SignalEvent), (8 bytes).
    Removing lto-llvm-4187c4.o(.ARM.exidx.text.main), (8 bytes).
    Removing lto-llvm-4187c4.o(.ARM.exidx.text.NMI_Handler), (8 bytes).
    Removing lto-llvm-4187c4.o(.ARM.exidx.text.HardFault_Handler), (8 bytes).
    Removing lto-llvm-4187c4.o(.ARM.exidx.text.MemManage_Handler), (8 bytes).
    Removing lto-llvm-4187c4.o(.ARM.exidx.text.BusFault_Handler), (8 bytes).
    Removing lto-llvm-4187c4.o(.ARM.exidx.text.UsageFault_Handler), (8 bytes).
    Removing lto-llvm-4187c4.o(.ARM.exidx.text.DebugMon_Handler), (8 bytes).
    Removing lto-llvm-4187c4.o(.ARM.exidx.text.EXTI0_IRQHandler), (8 bytes).
    Removing lto-llvm-4187c4.o(.ARM.exidx.text.TIM1_UP_TIM10_IRQHandler), (8 bytes).
    Removing lto-llvm-4187c4.o(.ARM.exidx.text.OTG_FS_IRQHandler), (8 bytes).
    Removing lto-llvm-4187c4.o(.ARM.exidx.text.SystemInit), (8 bytes).
    Removing lto-llvm-4187c4.o(.ARM.exidx.text.HAL_InitTick), (8 bytes).
    Removing lto-llvm-4187c4.o(.ARM.exidx.text.HAL_PCD_SetupStageCallback), (8 bytes).
    Removing lto-llvm-4187c4.o(.ARM.exidx.text.HAL_PCD_DataOutStageCallback), (8 bytes).
    Removing lto-llvm-4187c4.o(.ARM.exidx.text.USBD_LL_OpenEP), (8 bytes).
    Removing lto-llvm-4187c4.o(.ARM.exidx.text.USBD_LL_CloseEP), (8 bytes).
    Removing lto-llvm-4187c4.o(.ARM.exidx.text.USBD_LL_StallEP), (8 bytes).
    Removing lto-llvm-4187c4.o(.ARM.exidx.text.USBD_LL_ClearStallEP), (8 bytes).
    Removing lto-llvm-4187c4.o(.ARM.exidx.text.USBD_LL_SetUSBAddress), (8 bytes).
    Removing lto-llvm-4187c4.o(.ARM.exidx.text.USBD_LL_Transmit), (8 bytes).
    Removing lto-llvm-4187c4.o(.ARM.exidx.text.USBD_LL_PrepareReceive), (8 bytes).
    Removing lto-llvm-4187c4.o(.ARM.exidx.text.USBD_FS_DeviceDescriptor), (8 bytes).
    Removing lto-llvm-4187c4.o(.ARM.exidx.text.USBD_FS_LangIDStrDescriptor), (8 bytes).
    Removing lto-llvm-4187c4.o(.ARM.exidx.text.USBD_FS_ManufacturerStrDescriptor), (8 bytes).
    Removing lto-llvm-4187c4.o(.ARM.exidx.text.USBD_FS_ProductStrDescriptor), (8 bytes).
    Removing lto-llvm-4187c4.o(.ARM.exidx.text.USBD_FS_SerialStrDescriptor), (8 bytes).
    Removing lto-llvm-4187c4.o(.ARM.exidx.text.USBD_FS_ConfigStrDescriptor), (8 bytes).
    Removing lto-llvm-4187c4.o(.ARM.exidx.text.USBD_FS_InterfaceStrDescriptor), (8 bytes).
    Removing lto-llvm-4187c4.o(.ARM.exidx.text.CDC_Init_FS), (8 bytes).
    Removing lto-llvm-4187c4.o(.ARM.exidx.text.CDC_DeInit_FS), (8 bytes).
    Removing lto-llvm-4187c4.o(.ARM.exidx.text.CDC_Control_FS), (8 bytes).
    Removing lto-llvm-4187c4.o(.ARM.exidx.text.CDC_Receive_FS), (8 bytes).
    Removing lto-llvm-4187c4.o(.ARM.exidx.text.CDC_TransmitCplt_FS), (8 bytes).
    Removing lto-llvm-4187c4.o(.ARM.exidx.text.USBD_GetString), (8 bytes).
    Removing lto-llvm-4187c4.o(.ARM.exidx.text.USBD_CDC_Init), (8 bytes).
    Removing lto-llvm-4187c4.o(.ARM.exidx.text.USBD_CDC_DeInit), (8 bytes).
    Removing lto-llvm-4187c4.o(.ARM.exidx.text.USBD_CDC_Setup), (8 bytes).
    Removing lto-llvm-4187c4.o(.ARM.exidx.text.USBD_CDC_EP0_RxReady), (8 bytes).
    Removing lto-llvm-4187c4.o(.ARM.exidx.text.USBD_CDC_DataIn), (8 bytes).
    Removing lto-llvm-4187c4.o(.ARM.exidx.text.USBD_CDC_DataOut), (8 bytes).
    Removing lto-llvm-4187c4.o(.ARM.exidx.text.USBD_CDC_GetHSCfgDesc), (8 bytes).
    Removing lto-llvm-4187c4.o(.ARM.exidx.text.USBD_CDC_GetFSCfgDesc), (8 bytes).
    Removing lto-llvm-4187c4.o(.ARM.exidx.text.USBD_CDC_GetOtherSpeedCfgDesc), (8 bytes).
    Removing lto-llvm-4187c4.o(.ARM.exidx.text.USBD_CDC_GetDeviceQualifierDescriptor), (8 bytes).
    Removing lto-llvm-4187c4.o(.ARM.exidx.text.HAL_GPIO_Init), (8 bytes).
    Removing lto-llvm-4187c4.o(.ARM.exidx.text.HAL_GPIO_DeInit), (8 bytes).
    Removing lto-llvm-4187c4.o(.ARM.exidx.text.USB_CoreReset), (8 bytes).
    Removing lto-llvm-4187c4.o(.ARM.exidx.text.USB_FlushTxFifo), (8 bytes).
    Removing lto-llvm-4187c4.o(.ARM.exidx.text.USB_EPStartXfer), (8 bytes).
    Removing lto-llvm-4187c4.o(.ARM.exidx.text.USB_EPStopXfer), (8 bytes).
    Removing lto-llvm-4187c4.o(.ARM.exidx.text.USB_EP0_OutStart), (8 bytes).
    Removing lto-llvm-4187c4.o(.ARM.exidx.text._mutex_acquire), (8 bytes).
    Removing lto-llvm-4187c4.o(.ARM.exidx.text._mutex_free), (8 bytes).
    Removing lto-llvm-4187c4.o(.ARM.exidx.text._mutex_initialize), (8 bytes).
    Removing lto-llvm-4187c4.o(.ARM.exidx.text._mutex_release), (8 bytes).
    Removing lto-llvm-4187c4.o(.ARM.exidx.text._platform_post_stackheap_init), (8 bytes).
    Removing lto-llvm-4187c4.o(.ARM.exidx.text.$Sub$$_fp_init), (8 bytes).
    Removing lto-llvm-4187c4.o(.text.__user_perthread_libspace), (112 bytes).
    Removing lto-llvm-4187c4.o(.ARM.exidx.text.__user_perthread_libspace), (8 bytes).
    Removing lto-llvm-4187c4.o(.ARM.exidx.text.SysTick_Handler), (8 bytes).
    Removing lto-llvm-4187c4.o(.ARM.exidx.text.osThreadNew), (8 bytes).
    Removing lto-llvm-4187c4.o(.ARM.exidx.text.osThreadExit), (8 bytes).
    Removing lto-llvm-4187c4.o(.ARM.exidx.text.osDelay), (8 bytes).
    Removing lto-llvm-4187c4.o(.ARM.exidx.text.osEventFlagsSet), (8 bytes).
    Removing lto-llvm-4187c4.o(.ARM.exidx.text.osMessageQueuePut), (8 bytes).
    Removing lto-llvm-4187c4.o(.ARM.exidx.text.EventRecorderInitialize), (8 bytes).
    Removing lto-llvm-4187c4.o(.ARM.exidx.text.EventRecorderEnable), (8 bytes).
    Removing lto-llvm-4187c4.o(.ARM.exidx.text.EventGetTS), (8 bytes).
    Removing lto-llvm-4187c4.o(.ARM.exidx.text.EventRecordItem), (8 bytes).
    Removing lto-llvm-4187c4.o(.ARM.exidx.text.EventRecord2), (8 bytes).
    Removing lto-llvm-4187c4.o(.ARM.exidx.text.EventRecord4), (8 bytes).
    Removing lto-llvm-4187c4.o(.ARM.exidx.text.EvrFreeRTOSSetup), (8 bytes).
    Removing lto-llvm-4187c4.o(.ARM.exidx.text.xEventGroupSetBits), (8 bytes).
    Removing lto-llvm-4187c4.o(.ARM.exidx.text.vEventGroupSetBitsCallback), (8 bytes).
    Removing lto-llvm-4187c4.o(.ARM.exidx.text.prvTaskExitError), (8 bytes).
    Removing lto-llvm-4187c4.o(.ARM.exidx.text.SVC_Handler), (8 bytes).
    Removing lto-llvm-4187c4.o(.ARM.exidx.text.PendSV_Handler), (8 bytes).
    Removing lto-llvm-4187c4.o(.ARM.exidx.text.vPortEnableVFP), (8 bytes).
    Removing lto-llvm-4187c4.o(.ARM.exidx.text.prvPortStartFirstTask), (8 bytes).
    Removing lto-llvm-4187c4.o(.ARM.exidx.text.pvPortMalloc), (8 bytes).
    Removing lto-llvm-4187c4.o(.ARM.exidx.text.vPortFree), (8 bytes).
    Removing lto-llvm-4187c4.o(.ARM.exidx.text.xQueueGenericReset), (8 bytes).
    Removing lto-llvm-4187c4.o(.ARM.exidx.text.xQueueGenericCreateStatic), (8 bytes).
    Removing lto-llvm-4187c4.o(.ARM.exidx.text.xQueueGenericCreate), (8 bytes).
    Removing lto-llvm-4187c4.o(.ARM.exidx.text.prvInitialiseMutex), (8 bytes).
    Removing lto-llvm-4187c4.o(.ARM.exidx.text.xQueueGenericSend), (8 bytes).
    Removing lto-llvm-4187c4.o(.ARM.exidx.text.prvCopyDataToQueue), (8 bytes).
    Removing lto-llvm-4187c4.o(.ARM.exidx.text.prvUnlockQueue), (8 bytes).
    Removing lto-llvm-4187c4.o(.ARM.exidx.text.xQueueGenericSendFromISR), (8 bytes).
    Removing lto-llvm-4187c4.o(.ARM.exidx.text.xQueueReceive), (8 bytes).
    Removing lto-llvm-4187c4.o(.ARM.exidx.text.vTaskSwitchContext), (8 bytes).
    Removing lto-llvm-4187c4.o(.ARM.exidx.text.xTaskCreateStatic), (8 bytes).
    Removing lto-llvm-4187c4.o(.ARM.exidx.text.prvInitialiseNewTask), (8 bytes).
    Removing lto-llvm-4187c4.o(.ARM.exidx.text.prvAddNewTaskToReadyList), (8 bytes).
    Removing lto-llvm-4187c4.o(.ARM.exidx.text.prvDeleteTCB), (8 bytes).
    Removing lto-llvm-4187c4.o(.ARM.exidx.text.prvAddCurrentTaskToDelayedList), (8 bytes).
    Removing lto-llvm-4187c4.o(.ARM.exidx.text.xTaskResumeAll), (8 bytes).
    Removing lto-llvm-4187c4.o(.ARM.exidx.text.xTaskIncrementTick), (8 bytes).
    Removing lto-llvm-4187c4.o(.ARM.exidx.text.vTaskSuspendAll), (8 bytes).
    Removing lto-llvm-4187c4.o(.ARM.exidx.text.prvIdleTask), (8 bytes).
    Removing lto-llvm-4187c4.o(.ARM.exidx.text.vTaskPlaceOnEventList), (8 bytes).
    Removing lto-llvm-4187c4.o(.ARM.exidx.text.xTaskRemoveFromEventList), (8 bytes).
    Removing lto-llvm-4187c4.o(.ARM.exidx.text.vTaskInternalSetTimeOutState), (8 bytes).
    Removing lto-llvm-4187c4.o(.ARM.exidx.text.xTaskCheckForTimeOut), (8 bytes).
    Removing lto-llvm-4187c4.o(.ARM.exidx.text.xTaskGetSchedulerState), (8 bytes).
    Removing lto-llvm-4187c4.o(.ARM.exidx.text.xTaskGenericNotify), (8 bytes).
    Removing lto-llvm-4187c4.o(.ARM.exidx.text.xTaskGenericNotifyFromISR), (8 bytes).
    Removing lto-llvm-4187c4.o(.ARM.exidx.text.prvTimerTask), (8 bytes).
    Removing lto-llvm-4187c4.o(.ARM.exidx.text.prvSampleTimeNow), (8 bytes).
    Removing lto-llvm-4187c4.o(.ARM.exidx.text.prvProcessExpiredTimer), (8 bytes).
    Removing lto-llvm-4187c4.o(.ARM.exidx.text.prvInsertTimerInActiveList), (8 bytes).
    Removing lto-llvm-4187c4.o(.ARM.exidx.text.prvReloadTimer), (8 bytes).
    Removing lto-llvm-4187c4.o(.ARM.use_no_argv), (4 bytes).
    Removing lto-llvm-4187c4.o(.bss.os_libspace), (480 bytes).
    Removing lto-llvm-4187c4.o(.bss.os_libspace_id), (16 bytes).

122 unused section(s) (total 1548 bytes) removed from the image.
